Archive member included to satisfy reference by file (symbol)

C:/ST/STM32CubeIDE_1.12.1/STM32CubeIDE/plugins/com.st.stm32cube.ide.mcu.externaltools.gnu-tools-for-stm32.11.3.rel1.win32_1.1.1.202309131626/tools/bin/../lib/gcc/arm-none-eabi/11.3.1/../../../../arm-none-eabi/lib/thumb/v7e-m+dp/hard\libc_nano.a(libc_a-exit.o)
                              C:/ST/STM32CubeIDE_1.12.1/STM32CubeIDE/plugins/com.st.stm32cube.ide.mcu.externaltools.gnu-tools-for-stm32.11.3.rel1.win32_1.1.1.202309131626/tools/bin/../lib/gcc/arm-none-eabi/11.3.1/../../../../arm-none-eabi/lib/thumb/v7e-m+dp/hard/crt0.o (exit)
C:/ST/STM32CubeIDE_1.12.1/STM32CubeIDE/plugins/com.st.stm32cube.ide.mcu.externaltools.gnu-tools-for-stm32.11.3.rel1.win32_1.1.1.202309131626/tools/bin/../lib/gcc/arm-none-eabi/11.3.1/../../../../arm-none-eabi/lib/thumb/v7e-m+dp/hard\libc_nano.a(libc_a-rand.o)
                              ./Core/Src/main.o (srand)
C:/ST/STM32CubeIDE_1.12.1/STM32CubeIDE/plugins/com.st.stm32cube.ide.mcu.externaltools.gnu-tools-for-stm32.11.3.rel1.win32_1.1.1.202309131626/tools/bin/../lib/gcc/arm-none-eabi/11.3.1/../../../../arm-none-eabi/lib/thumb/v7e-m+dp/hard\libc_nano.a(libc_a-findfp.o)
                              ./Middlewares/Third_Party/FreeRTOS/Source/tasks.o (__sf)
C:/ST/STM32CubeIDE_1.12.1/STM32CubeIDE/plugins/com.st.stm32cube.ide.mcu.externaltools.gnu-tools-for-stm32.11.3.rel1.win32_1.1.1.202309131626/tools/bin/../lib/gcc/arm-none-eabi/11.3.1/../../../../arm-none-eabi/lib/thumb/v7e-m+dp/hard\libc_nano.a(libc_a-fwalk.o)
                              C:/ST/STM32CubeIDE_1.12.1/STM32CubeIDE/plugins/com.st.stm32cube.ide.mcu.externaltools.gnu-tools-for-stm32.11.3.rel1.win32_1.1.1.202309131626/tools/bin/../lib/gcc/arm-none-eabi/11.3.1/../../../../arm-none-eabi/lib/thumb/v7e-m+dp/hard\libc_nano.a(libc_a-findfp.o) (_fwalk_sglue)
C:/ST/STM32CubeIDE_1.12.1/STM32CubeIDE/plugins/com.st.stm32cube.ide.mcu.externaltools.gnu-tools-for-stm32.11.3.rel1.win32_1.1.1.202309131626/tools/bin/../lib/gcc/arm-none-eabi/11.3.1/../../../../arm-none-eabi/lib/thumb/v7e-m+dp/hard\libc_nano.a(libc_a-stdio.o)
                              C:/ST/STM32CubeIDE_1.12.1/STM32CubeIDE/plugins/com.st.stm32cube.ide.mcu.externaltools.gnu-tools-for-stm32.11.3.rel1.win32_1.1.1.202309131626/tools/bin/../lib/gcc/arm-none-eabi/11.3.1/../../../../arm-none-eabi/lib/thumb/v7e-m+dp/hard\libc_nano.a(libc_a-findfp.o) (__sread)
C:/ST/STM32CubeIDE_1.12.1/STM32CubeIDE/plugins/com.st.stm32cube.ide.mcu.externaltools.gnu-tools-for-stm32.11.3.rel1.win32_1.1.1.202309131626/tools/bin/../lib/gcc/arm-none-eabi/11.3.1/../../../../arm-none-eabi/lib/thumb/v7e-m+dp/hard\libc_nano.a(libc_a-memset.o)
                              C:/ST/STM32CubeIDE_1.12.1/STM32CubeIDE/plugins/com.st.stm32cube.ide.mcu.externaltools.gnu-tools-for-stm32.11.3.rel1.win32_1.1.1.202309131626/tools/bin/../lib/gcc/arm-none-eabi/11.3.1/../../../../arm-none-eabi/lib/thumb/v7e-m+dp/hard/crt0.o (memset)
C:/ST/STM32CubeIDE_1.12.1/STM32CubeIDE/plugins/com.st.stm32cube.ide.mcu.externaltools.gnu-tools-for-stm32.11.3.rel1.win32_1.1.1.202309131626/tools/bin/../lib/gcc/arm-none-eabi/11.3.1/../../../../arm-none-eabi/lib/thumb/v7e-m+dp/hard\libc_nano.a(libc_a-closer.o)
                              C:/ST/STM32CubeIDE_1.12.1/STM32CubeIDE/plugins/com.st.stm32cube.ide.mcu.externaltools.gnu-tools-for-stm32.11.3.rel1.win32_1.1.1.202309131626/tools/bin/../lib/gcc/arm-none-eabi/11.3.1/../../../../arm-none-eabi/lib/thumb/v7e-m+dp/hard\libc_nano.a(libc_a-stdio.o) (_close_r)
C:/ST/STM32CubeIDE_1.12.1/STM32CubeIDE/plugins/com.st.stm32cube.ide.mcu.externaltools.gnu-tools-for-stm32.11.3.rel1.win32_1.1.1.202309131626/tools/bin/../lib/gcc/arm-none-eabi/11.3.1/../../../../arm-none-eabi/lib/thumb/v7e-m+dp/hard\libc_nano.a(libc_a-reent.o)
                              ./Middlewares/Third_Party/FreeRTOS/Source/tasks.o (_reclaim_reent)
C:/ST/STM32CubeIDE_1.12.1/STM32CubeIDE/plugins/com.st.stm32cube.ide.mcu.externaltools.gnu-tools-for-stm32.11.3.rel1.win32_1.1.1.202309131626/tools/bin/../lib/gcc/arm-none-eabi/11.3.1/../../../../arm-none-eabi/lib/thumb/v7e-m+dp/hard\libc_nano.a(libc_a-impure.o)
                              ./Middlewares/Third_Party/FreeRTOS/Source/tasks.o (_impure_ptr)
C:/ST/STM32CubeIDE_1.12.1/STM32CubeIDE/plugins/com.st.stm32cube.ide.mcu.externaltools.gnu-tools-for-stm32.11.3.rel1.win32_1.1.1.202309131626/tools/bin/../lib/gcc/arm-none-eabi/11.3.1/../../../../arm-none-eabi/lib/thumb/v7e-m+dp/hard\libc_nano.a(libc_a-lseekr.o)
                              C:/ST/STM32CubeIDE_1.12.1/STM32CubeIDE/plugins/com.st.stm32cube.ide.mcu.externaltools.gnu-tools-for-stm32.11.3.rel1.win32_1.1.1.202309131626/tools/bin/../lib/gcc/arm-none-eabi/11.3.1/../../../../arm-none-eabi/lib/thumb/v7e-m+dp/hard\libc_nano.a(libc_a-stdio.o) (_lseek_r)
[...]
Memory Configuration

Name             Origin             Length             Attributes
RAM              0x0000000020000000 0x0000000000080000 xrw
FLASH            0x0000000008000000 0x0000000000200000 xr
*default*        0x0000000000000000 0xffffffffffffffff

Linker script and memory map

LOAD C:/ST/STM32CubeIDE_1.12.1/STM32CubeIDE/plugins/com.st.stm32cube.ide.mcu.externaltools.gnu-tools-for-stm32.11.3.rel1.win32_1.1.1.202309131626/tools/bin/../lib/gcc/arm-none-eabi/11.3.1/thumb/v7e-m+dp/hard/crti.o
LOAD C:/ST/STM32CubeIDE_1.12.1/STM32CubeIDE/plugins/com.st.stm32cube.ide.mcu.externaltools.gnu-tools-for-stm32.11.3.rel1.win32_1.1.1.202309131626/tools/bin/../lib/gcc/arm-none-eabi/11.3.1/thumb/v7e-m+dp/hard/crtbegin.o
LOAD C:/ST/STM32CubeIDE_1.12.1/STM32CubeIDE/plugins/com.st.stm32cube.ide.mcu.externaltools.gnu-tools-for-stm32.11.3.rel1.win32_1.1.1.202309131626/tools/bin/../lib/gcc/arm-none-eabi/11.3.1/../../../../arm-none-eabi/lib/thumb/v7e-m+dp/hard/crt0.o
LOAD ./Core/Src/BSP/stm32f769i_discovery_lcd.o
LOAD ./Core/Src/BSP/stm32f769i_discovery_ts.o
LOAD ./Core/Src/Components/adv7533/adv7533.o
LOAD ./Core/Src/Components/ft6x06/ft6x06.o
LOAD ./Core/Src/Components/otm8009a/otm8009a.o
LOAD ./Core/Src/Fonts/font12.o
LOAD ./Core/Src/Fonts/font16.o
LOAD ./Core/Src/Fonts/font20.o
LOAD ./Core/Src/Fonts/font24.o
LOAD ./Core/Src/Fonts/font8.o
LOAD ./Core/Src/Log/lcd_log.o
LOAD ./Core/Src/dma2d.o
LOAD ./Core/Src/dsihost.o
LOAD ./Core/Src/fmc.o
LOAD ./Core/Src/freertos.o
LOAD ./Core/Src/fruits.o
LOAD ./Core/Src/game_graphics.o
LOAD ./Core/Src/gpio.o
LOAD ./Core/Src/i2c.o
LOAD ./Core/Src/ltdc.o
LOAD ./Core/Src/main.o
LOAD ./Core/Src/stm32f7xx_hal_msp.o
LOAD ./Core/Src/stm32f7xx_hal_timebase_tim.o
LOAD ./Core/Src/stm32f7xx_it.o
LOAD ./Core/Src/syscalls.o
LOAD ./Core/Src/system_stm32f7xx.o
LOAD ./Core/Src/tim.o
LOAD ./Core/Src/usart.o
LOAD ./Core/Src/user_task.o
LOAD ./Core/Startup/startup_stm32f769nihx.o
LOAD ./Drivers/STM32F7xx_HAL_Driver/Src/stm32f7xx_hal.o
LOAD ./Drivers/STM32F7xx_HAL_Driver/Src/stm32f7xx_hal_cortex.o
LOAD ./Drivers/STM32F7xx_HAL_Driver/Src/stm32f7xx_hal_dma.o
LOAD ./Drivers/STM32F7xx_HAL_Driver/Src/stm32f7xx_hal_dma2d.o
LOAD ./Drivers/STM32F7xx_HAL_Driver/Src/stm32f7xx_hal_dma_ex.o
LOAD ./Drivers/STM32F7xx_HAL_Driver/Src/stm32f7xx_hal_dsi.o
LOAD ./Drivers/STM32F7xx_HAL_Driver/Src/stm32f7xx_hal_exti.o
LOAD ./Drivers/STM32F7xx_HAL_Driver/Src/stm32f7xx_hal_flash.o
LOAD ./Drivers/STM32F7xx_HAL_Driver/Src/stm32f7xx_hal_flash_ex.o
LOAD ./Drivers/STM32F7xx_HAL_Driver/Src/stm32f7xx_hal_gpio.o
LOAD ./Drivers/STM32F7xx_HAL_Driver/Src/stm32f7xx_hal_i2c.o
LOAD ./Drivers/STM32F7xx_HAL_Driver/Src/stm32f7xx_hal_i2c_ex.o
LOAD ./Drivers/STM32F7xx_HAL_Driver/Src/stm32f7xx_hal_ltdc.o
LOAD ./Drivers/STM32F7xx_HAL_Driver/Src/stm32f7xx_hal_ltdc_ex.o
LOAD ./Drivers/STM32F7xx_HAL_Driver/Src/stm32f7xx_hal_pwr.o
LOAD ./Drivers/STM32F7xx_HAL_Driver/Src/stm32f7xx_hal_pwr_ex.o
LOAD ./Drivers/STM32F7xx_HAL_Driver/Src/stm32f7xx_hal_rcc.o
LOAD ./Drivers/STM32F7xx_HAL_Driver/Src/stm32f7xx_hal_rcc_ex.o
LOAD ./Drivers/STM32F7xx_HAL_Driver/Src/stm32f7xx_hal_sdram.o
LOAD ./Drivers/STM32F7xx_HAL_Driver/Src/stm32f7xx_hal_tim.o
LOAD ./Drivers/STM32F7xx_HAL_Driver/Src/stm32f7xx_hal_tim_ex.o
LOAD ./Drivers/STM32F7xx_HAL_Driver/Src/stm32f7xx_hal_uart.o
LOAD ./Drivers/STM32F7xx_HAL_Driver/Src/stm32f7xx_hal_uart_ex.o
LOAD ./Drivers/STM32F7xx_HAL_Driver/Src/stm32f7xx_ll_fmc.o
LOAD ./Middlewares/Third_Party/FreeRTOS/Source/CMSIS_RTOS_V2/cmsis_os2.o
LOAD ./Middlewares/Third_Party/FreeRTOS/Source/croutine.o
LOAD ./Middlewares/Third_Party/FreeRTOS/Source/event_groups.o
LOAD ./Middlewares/Third_Party/FreeRTOS/Source/list.o
LOAD ./Middlewares/Third_Party/FreeRTOS/Source/queue.o
LOAD ./Middlewares/Third_Party/FreeRTOS/Source/stream_buffer.o
LOAD ./Middlewares/Third_Party/FreeRTOS/Source/tasks.o
LOAD ./Middlewares/Third_Party/FreeRTOS/Source/timers.o
LOAD ./Middlewares/Third_Party/FreeRTOS/Source/portable/GCC/ARM_CM7/r0p1/port.o
LOAD ./Middlewares/Third_Party/FreeRTOS/Source/portable/MemMang/heap_4.o
START GROUP
LOAD C:/ST/STM32CubeIDE_1.12.1/STM32CubeIDE/plugins/com.st.stm32cube.ide.mcu.externaltools.gnu-tools-for-stm32.11.3.rel1.win32_1.1.1.202309131626/tools/bin/../lib/gcc/arm-none-eabi/11.3.1/../../../../arm-none-eabi/lib/thumb/v7e-m+dp/hard\libc_nano.a
LOAD C:/ST/STM32CubeIDE_1.12.1/STM32CubeIDE/plugins/com.st.stm32cube.ide.mcu.externaltools.gnu-tools-for-stm32.11.3.rel1.win32_1.1.1.202309131626/tools/bin/../lib/gcc/arm-none-eabi/11.3.1/../../../../arm-none-eabi/lib/thumb/v7e-m+dp/hard\libm.a
END GROUP
START GROUP
LOAD C:/ST/STM32CubeIDE_1.12.1/STM32CubeIDE/plugins/com.st.stm32cube.ide.mcu.externaltools.gnu-tools-for-stm32.11.3.rel1.win32_1.1.1.202309131626/tools/bin/../lib/gcc/arm-none-eabi/11.3.1/thumb/v7e-m+dp/hard\libgcc.a
LOAD C:/ST/STM32CubeIDE_1.12.1/STM32CubeIDE/plugins/com.st.stm32cube.ide.mcu.externaltools.gnu-tools-for-stm32.11.3.rel1.win32_1.1.1.202309131626/tools/bin/../lib/gcc/arm-none-eabi/11.3.1/../../../../arm-none-eabi/lib/thumb/v7e-m+dp/hard\libc_nano.a
END GROUP
START GROUP
LOAD C:/ST/STM32CubeIDE_1.12.1/STM32CubeIDE/plugins/com.st.stm32cube.ide.mcu.externaltools.gnu-tools-for-stm32.11.3.rel1.win32_1.1.1.202309131626/tools/bin/../lib/gcc/arm-none-eabi/11.3.1/thumb/v7e-m+dp/hard\libgcc.a
LOAD C:/ST/STM32CubeIDE_1.12.1/STM32CubeIDE/plugins/com.st.stm32cube.ide.mcu.externaltools.gnu-tools-for-stm32.11.3.rel1.win32_1.1.1.202309131626/tools/bin/../lib/gcc/arm-none-eabi/11.3.1/../../../../arm-none-eabi/lib/thumb/v7e-m+dp/hard\libc_nano.a
LOAD C:/ST/STM32CubeIDE_1.12.1/STM32CubeIDE/plugins/com.st.stm32cube.ide.mcu.externaltools.gnu-tools-for-stm32.11.3.rel1.win32_1.1.1.202309131626/tools/bin/../lib/gcc/arm-none-eabi/11.3.1/../../../../arm-none-eabi/lib/thumb/v7e-m+dp/hard\libnosys.a
END GROUP
START GROUP
LOAD C:/ST/STM32CubeIDE_1.12.1/STM32CubeIDE/plugins/com.st.stm32cube.ide.mcu.externaltools.gnu-tools-for-stm32.11.3.rel1.win32_1.1.1.202309131626/tools/bin/../lib/gcc/arm-none-eabi/11.3.1/thumb/v7e-m+dp/hard\libgcc.a
LOAD C:/ST/STM32CubeIDE_1.12.1/STM32CubeIDE/plugins/com.st.stm32cube.ide.mcu.externaltools.gnu-tools-for-stm32.11.3.rel1.win32_1.1.1.202309131626/tools/bin/../lib/gcc/arm-none-eabi/11.3.1/../../../../arm-none-eabi/lib/thumb/v7e-m+dp/hard\libc_nano.a
LOAD C:/ST/STM32CubeIDE_1.12.1/STM32CubeIDE/plugins/com.st.stm32cube.ide.mcu.externaltools.gnu-tools-for-stm32.11.3.rel1.win32_1.1.1.202309131626/tools/bin/../lib/gcc/arm-none-eabi/11.3.1/../../../../arm-none-eabi/lib/thumb/v7e-m+dp/hard\libnosys.a
END GROUP
LOAD C:/ST/STM32CubeIDE_1.12.1/STM32CubeIDE/plugins/com.st.stm32cube.ide.mcu.externaltools.gnu-tools-for-stm32.11.3.rel1.win32_1.1.1.202309131626/tools/bin/../lib/gcc/arm-none-eabi/11.3.1/thumb/v7e-m+dp/hard/crtend.o
LOAD C:/ST/STM32CubeIDE_1.12.1/STM32CubeIDE/plugins/com.st.stm32cube.ide.mcu.externaltools.gnu-tools-for-stm32.11.3.rel1.win32_1.1.1.202309131626/tools/bin/../lib/gcc/arm-none-eabi/11.3.1/thumb/v7e-m+dp/hard/crtn.o
                0x0000000020080000                _estack = (ORIGIN (RAM) + LENGTH (RAM))
                0x0000000000000200                _Min_Heap_Size = 0x200
                0x0000000000000400                _Min_Stack_Size = 0x400

.isr_vector     0x0000000008000000      0x1f8
                0x0000000008000000                . = ALIGN (0x4)
 *(.isr_vector)
 .isr_vector    0x0000000008000000      0x1f8 ./Core/Startup/startup_stm32f769nihx.o
                0x0000000008000000                g_pfnVectors
                0x00000000080001f8                . = ALIGN (0x4)

.text           0x0000000008000200     0xe6f0
                0x0000000008000200                . = ALIGN (0x4)
 *(.text)
 .text          0x0000000008000200       0x40 C:/ST/STM32CubeIDE_1.12.1/STM32CubeIDE/plugins/com.st.stm32cube.ide.mcu.externaltools.gnu-tools-for-stm32.11.3.rel1.win32_1.1.1.202309131626/tools/bin/../lib/gcc/arm-none-eabi/11.3.1/thumb/v7e-m+dp/hard/crtbegin.o
 .text          0x0000000008000240       0xa0 C:/ST/STM32CubeIDE_1.12.1/STM32CubeIDE/plugins/com.st.stm32cube.ide.mcu.externaltools.gnu-tools-for-stm32.11.3.rel1.win32_1.1.1.202309131626/tools/bin/../lib/gcc/arm-none-eabi/11.3.1/../../../../arm-none-eabi/lib/thumb/v7e-m+dp/hard\libc_nano.a(libc_a-memchr.o)
                0x0000000008000240                memchr
 .text          0x00000000080002e0       0x30 C:/ST/STM32CubeIDE_1.12.1/STM32CubeIDE/plugins/com.st.stm32cube.ide.mcu.externaltools.gnu-tools-for-stm32.11.3.rel1.win32_1.1.1.202309131626/tools/bin/../lib/gcc/arm-none-eabi/11.3.1/thumb/v7e-m+dp/hard\libgcc.a(_aeabi_uldivmod.o)
                0x00000000080002e0                __aeabi_uldivmod
 .text          0x0000000008000310      0x2c8 C:/ST/STM32CubeIDE_1.12.1/STM32CubeIDE/plugins/com.st.stm32cube.ide.mcu.externaltools.gnu-tools-for-stm32.11.3.rel1.win32_1.1.1.202309131626/tools/bin/../lib/gcc/arm-none-eabi/11.3.1/thumb/v7e-m+dp/hard\libgcc.a(_udivmoddi4.o)
                0x0000000008000310                __udivmoddi4
 .text          0x00000000080005d8        0x4 C:/ST/STM32CubeIDE_1.12.1/STM32CubeIDE/plugins/com.st.stm32cube.ide.mcu.externaltools.gnu-tools-for-stm32.11.3.rel1.win32_1.1.1.202309131626/tools/bin/../lib/gcc/arm-none-eabi/11.3.1/thumb/v7e-m+dp/hard\libgcc.a(_dvmd_tls.o)
                0x00000000080005d8                __aeabi_idiv0
                0x00000000080005d8                __aeabi_ldiv0
 *(.text*)
 .text.BSP_LCD_Init
                0x00000000080005dc       0x10 ./Core/Src/BSP/stm32f769i_discovery_lcd.o
                0x00000000080005dc                BSP_LCD_Init
 .text.BSP_LCD_InitEx
                0x00000000080005ec      0x284 ./Core/Src/BSP/stm32f769i_discovery_lcd.o
                0x00000000080005ec                BSP_LCD_InitEx
 .text.BSP_LCD_Reset
                0x0000000008000870       0x70 ./Core/Src/BSP/stm32f769i_discovery_lcd.o
                0x0000000008000870                BSP_LCD_Reset
 .text.BSP_LCD_GetXSize
                0x00000000080008e0       0x18 ./Core/Src/BSP/stm32f769i_discovery_lcd.o
                0x00000000080008e0                BSP_LCD_GetXSize
 .text.BSP_LCD_GetYSize
                0x00000000080008f8       0x18 ./Core/Src/BSP/stm32f769i_discovery_lcd.o
                0x00000000080008f8                BSP_LCD_GetYSize
 .text.BSP_LCD_LayerDefaultInit
                0x0000000008000910       0xc0 ./Core/Src/BSP/stm32f769i_discovery_lcd.o
                0x0000000008000910                BSP_LCD_LayerDefaultInit
 .text.BSP_LCD_SelectLayer
                0x00000000080009d0       0x20 ./Core/Src/BSP/stm32f769i_discovery_lcd.o
                0x00000000080009d0                BSP_LCD_SelectLayer
 .text.BSP_LCD_SetTextColor
                0x00000000080009f0       0x30 ./Core/Src/BSP/stm32f769i_discovery_lcd.o
                0x00000000080009f0                BSP_LCD_SetTextColor
 .text.BSP_LCD_SetBackColor
                0x0000000008000a20       0x34 ./Core/Src/BSP/stm32f769i_discovery_lcd.o
                0x0000000008000a20                BSP_LCD_SetBackColor
 .text.BSP_LCD_SetFont
                0x0000000008000a54       0x34 ./Core/Src/BSP/stm32f769i_discovery_lcd.o
                0x0000000008000a54                BSP_LCD_SetFont
 .text.BSP_LCD_GetFont
                0x0000000008000a88       0x2c ./Core/Src/BSP/stm32f769i_discovery_lcd.o
                0x0000000008000a88                BSP_LCD_GetFont
 .text.BSP_LCD_Clear
                0x0000000008000ab4       0x50 ./Core/Src/BSP/stm32f769i_discovery_lcd.o
                0x0000000008000ab4                BSP_LCD_Clear
 .text.BSP_LCD_DisplayChar
                0x0000000008000b04       0x88 ./Core/Src/BSP/stm32f769i_discovery_lcd.o
                0x0000000008000b04                BSP_LCD_DisplayChar
 .text.BSP_LCD_DisplayStringAt
                0x0000000008000b8c      0x190 ./Core/Src/BSP/stm32f769i_discovery_lcd.o
                0x0000000008000b8c                BSP_LCD_DisplayStringAt
 .text.BSP_LCD_DisplayStringAtLine
                0x0000000008000d1c       0x2e ./Core/Src/BSP/stm32f769i_discovery_lcd.o
                0x0000000008000d1c                BSP_LCD_DisplayStringAtLine
 *fill*         0x0000000008000d4a        0x2 
 .text.BSP_LCD_DrawHLine
                0x0000000008000d4c       0x7c ./Core/Src/BSP/stm32f769i_discovery_lcd.o
                0x0000000008000d4c                BSP_LCD_DrawHLine
 .text.BSP_LCD_DrawCircle
                0x0000000008000dc8      0x1d4 ./Core/Src/BSP/stm32f769i_discovery_lcd.o
                0x0000000008000dc8                BSP_LCD_DrawCircle
 .text.BSP_LCD_FillCircle
                0x0000000008000f9c      0x140 ./Core/Src/BSP/stm32f769i_discovery_lcd.o
                0x0000000008000f9c                BSP_LCD_FillCircle
 .text.DSI_IO_WriteCmd
                0x00000000080010dc       0x54 ./Core/Src/BSP/stm32f769i_discovery_lcd.o
                0x00000000080010dc                DSI_IO_WriteCmd
 .text.LCD_IO_GetID
                0x0000000008001130       0x10 ./Core/Src/BSP/stm32f769i_discovery_lcd.o
 .text.BSP_LCD_MspInit
                0x0000000008001140       0xd4 ./Core/Src/BSP/stm32f769i_discovery_lcd.o
                0x0000000008001140                BSP_LCD_MspInit
 .text.BSP_LCD_DrawPixel
                0x0000000008001214       0x4c ./Core/Src/BSP/stm32f769i_discovery_lcd.o
                0x0000000008001214                BSP_LCD_DrawPixel
 .text.DrawChar
                0x0000000008001260      0x170 ./Core/Src/BSP/stm32f769i_discovery_lcd.o
 .text.LL_FillBuffer
                0x00000000080013d0       0x70 ./Core/Src/BSP/stm32f769i_discovery_lcd.o
 .text.BSP_TS_Init
                0x0000000008001440       0xc0 ./Core/Src/BSP/stm32f769i_discovery_ts.o
                0x0000000008001440                BSP_TS_Init
 .text.ft6x06_Init
                0x0000000008001500       0x48 ./Core/Src/Components/ft6x06/ft6x06.o
                0x0000000008001500                ft6x06_Init
 .text.ft6x06_Reset
                0x0000000008001548       0x16 ./Core/Src/Components/ft6x06/ft6x06.o
                0x0000000008001548                ft6x06_Reset
 .text.ft6x06_ReadID
                0x000000000800155e       0x26 ./Core/Src/Components/ft6x06/ft6x06.o
                0x000000000800155e                ft6x06_ReadID
 .text.ft6x06_TS_Start
                0x0000000008001584       0x22 ./Core/Src/Components/ft6x06/ft6x06.o
                0x0000000008001584                ft6x06_TS_Start
 *fill*         0x00000000080015a6        0x2 
 .text.ft6x06_TS_DetectTouch
                0x00000000080015a8       0x54 ./Core/Src/Components/ft6x06/ft6x06.o
                0x00000000080015a8                ft6x06_TS_DetectTouch
 .text.ft6x06_TS_GetXY
                0x00000000080015fc       0x94 ./Core/Src/Components/ft6x06/ft6x06.o
                0x00000000080015fc                ft6x06_TS_GetXY
 .text.ft6x06_TS_EnableIT
                0x0000000008001690       0x28 ./Core/Src/Components/ft6x06/ft6x06.o
                0x0000000008001690                ft6x06_TS_EnableIT
 .text.ft6x06_TS_DisableIT
                0x00000000080016b8       0x28 ./Core/Src/Components/ft6x06/ft6x06.o
                0x00000000080016b8                ft6x06_TS_DisableIT
 .text.ft6x06_TS_ITStatus
                0x00000000080016e0       0x18 ./Core/Src/Components/ft6x06/ft6x06.o
                0x00000000080016e0                ft6x06_TS_ITStatus
 .text.ft6x06_TS_ClearIT
                0x00000000080016f8       0x16 ./Core/Src/Components/ft6x06/ft6x06.o
                0x00000000080016f8                ft6x06_TS_ClearIT
 .text.ft6x06_TS_Configure
                0x000000000800170e       0x1c ./Core/Src/Components/ft6x06/ft6x06.o
 *fill*         0x000000000800172a        0x2 
 .text.ft6x06_GetInstance
                0x000000000800172c       0x44 ./Core/Src/Components/ft6x06/ft6x06.o
 .text.OTM8009A_Init
                0x0000000008001770      0x4b0 ./Core/Src/Components/otm8009a/otm8009a.o
                0x0000000008001770                OTM8009A_Init
 .text.__io_putchar
                0x0000000008001c20      0x1c0 ./Core/Src/Log/lcd_log.o
                0x0000000008001c20                __io_putchar
 .text.LCD_LOG_UpdateDisplay
                0x0000000008001de0      0x110 ./Core/Src/Log/lcd_log.o
                0x0000000008001de0                LCD_LOG_UpdateDisplay
 .text.MX_DMA2D_Init
                0x0000000008001ef0       0x3c ./Core/Src/dma2d.o
                0x0000000008001ef0                MX_DMA2D_Init
 .text.HAL_DMA2D_MspInit
                0x0000000008001f2c       0x40 ./Core/Src/dma2d.o
                0x0000000008001f2c                HAL_DMA2D_MspInit
 .text.MX_DSIHOST_DSI_Init
                0x0000000008001f6c      0x1dc ./Core/Src/dsihost.o
                0x0000000008001f6c                MX_DSIHOST_DSI_Init
 .text.HAL_DSI_MspInit
                0x0000000008002148       0x40 ./Core/Src/dsihost.o
                0x0000000008002148                HAL_DSI_MspInit
 .text.HAL_DSI_MspDeInit
                0x0000000008002188       0x34 ./Core/Src/dsihost.o
                0x0000000008002188                HAL_DSI_MspDeInit
 .text.MX_FMC_Init
                0x00000000080021bc       0xa0 ./Core/Src/fmc.o
                0x00000000080021bc                MX_FMC_Init
 .text.HAL_FMC_MspInit
                0x000000000800225c      0x124 ./Core/Src/fmc.o
 .text.HAL_SDRAM_MspInit
                0x0000000008002380       0x14 ./Core/Src/fmc.o
                0x0000000008002380                HAL_SDRAM_MspInit
 .text.MX_FREERTOS_Init
                0x0000000008002394       0x24 ./Core/Src/freertos.o
                0x0000000008002394                MX_FREERTOS_Init
 .text.StartDefaultTask
                0x00000000080023b8       0x10 ./Core/Src/freertos.o
                0x00000000080023b8                StartDefaultTask
 .text.fruit_launch
                0x00000000080023c8       0x7c ./Core/Src/fruits.o
                0x00000000080023c8                fruit_launch
 .text.fruit_control
                0x0000000008002444       0x64 ./Core/Src/fruits.o
                0x0000000008002444                fruit_control
 .text.launch_fruit_random
                0x00000000080024a8       0xa0 ./Core/Src/fruits.o
                0x00000000080024a8                launch_fruit_random
 .text.launch_fruit_physics_update
                0x0000000008002548       0xec ./Core/Src/fruits.o
                0x0000000008002548                launch_fruit_physics_update
 .text.update_screen_game
                0x0000000008002634       0x6c ./Core/Src/game_graphics.o
                0x0000000008002634                update_screen_game
 .text.Draw_Fruit
                0x00000000080026a0       0x5c ./Core/Src/game_graphics.o
                0x00000000080026a0                Draw_Fruit
 .text.MX_GPIO_Init
                0x00000000080026fc      0x690 ./Core/Src/gpio.o
                0x00000000080026fc                MX_GPIO_Init
 .text.MX_I2C4_Init
                0x0000000008002d8c       0x80 ./Core/Src/i2c.o
                0x0000000008002d8c                MX_I2C4_Init
 .text.HAL_I2C_MspInit
                0x0000000008002e0c      0x108 ./Core/Src/i2c.o
                0x0000000008002e0c                HAL_I2C_MspInit
 .text.HAL_I2C_MspDeInit
                0x0000000008002f14       0x48 ./Core/Src/i2c.o
                0x0000000008002f14                HAL_I2C_MspDeInit
 .text.MX_LTDC_Init
                0x0000000008002f5c      0x164 ./Core/Src/ltdc.o
                0x0000000008002f5c                MX_LTDC_Init
 .text.HAL_LTDC_MspInit
                0x00000000080030c0       0x7c ./Core/Src/ltdc.o
                0x00000000080030c0                HAL_LTDC_MspInit
 .text.SCB_EnableICache
                0x000000000800313c       0x4c ./Core/Src/main.o
 .text.SCB_EnableDCache
                0x0000000008003188       0x88 ./Core/Src/main.o
 .text.main     0x0000000008003210       0xb4 ./Core/Src/main.o
                0x0000000008003210                main
 .text.SystemClock_Config
                0x00000000080032c4       0xec ./Core/Src/main.o
                0x00000000080032c4                SystemClock_Config
 .text.BSP_SDRAM_Initialization_sequence
                0x00000000080033b0       0xc0 ./Core/Src/main.o
                0x00000000080033b0                BSP_SDRAM_Initialization_sequence
 .text.I2Cx_Init
                0x0000000008003470       0x5c ./Core/Src/main.o
 .text.I2Cx_ReadMultiple
                0x00000000080034cc       0x5a ./Core/Src/main.o
 .text.I2Cx_WriteMultiple
                0x0000000008003526       0x5a ./Core/Src/main.o
 .text.I2Cx_Error
                0x0000000008003580       0x20 ./Core/Src/main.o
 .text.TS_IO_Init
                0x00000000080035a0       0x14 ./Core/Src/main.o
                0x00000000080035a0                TS_IO_Init
 .text.TS_IO_Write
                0x00000000080035b4       0x34 ./Core/Src/main.o
                0x00000000080035b4                TS_IO_Write
 .text.TS_IO_Read
                0x00000000080035e8       0x3c ./Core/Src/main.o
                0x00000000080035e8                TS_IO_Read
 .text.TS_IO_ReadMultiple
                0x0000000008003624       0x3c ./Core/Src/main.o
                0x0000000008003624                TS_IO_ReadMultiple
 .text.HAL_TIM_PeriodElapsedCallback
                0x0000000008003660       0x34 ./Core/Src/main.o
                0x0000000008003660                HAL_TIM_PeriodElapsedCallback
 .text.Error_Handler
                0x0000000008003694        0xe ./Core/Src/main.o
                0x0000000008003694                Error_Handler
 *fill*         0x00000000080036a2        0x2 
 .text.HAL_MspInit
                0x00000000080036a4       0x50 ./Core/Src/stm32f7xx_hal_msp.o
                0x00000000080036a4                HAL_MspInit
 .text.HAL_InitTick
                0x00000000080036f4       0xf4 ./Core/Src/stm32f7xx_hal_timebase_tim.o
                0x00000000080036f4                HAL_InitTick
 .text.NMI_Handler
                0x00000000080037e8        0xe ./Core/Src/stm32f7xx_it.o
                0x00000000080037e8                NMI_Handler
 .text.HardFault_Handler
                0x00000000080037f6        0x6 ./Core/Src/stm32f7xx_it.o
                0x00000000080037f6                HardFault_Handler
 .text.MemManage_Handler
                0x00000000080037fc        0x6 ./Core/Src/stm32f7xx_it.o
                0x00000000080037fc                MemManage_Handler
 .text.BusFault_Handler
                0x0000000008003802        0x6 ./Core/Src/stm32f7xx_it.o
                0x0000000008003802                BusFault_Handler
 .text.UsageFault_Handler
                0x0000000008003808        0x6 ./Core/Src/stm32f7xx_it.o
                0x0000000008003808                UsageFault_Handler
 .text.DebugMon_Handler
                0x000000000800380e        0xe ./Core/Src/stm32f7xx_it.o
                0x000000000800380e                DebugMon_Handler
 .text.TIM4_IRQHandler
                0x000000000800381c       0x14 ./Core/Src/stm32f7xx_it.o
                0x000000000800381c                TIM4_IRQHandler
 .text.USART1_IRQHandler
                0x0000000008003830       0x14 ./Core/Src/stm32f7xx_it.o
                0x0000000008003830                USART1_IRQHandler
 .text.TIM6_DAC_IRQHandler
                0x0000000008003844       0x14 ./Core/Src/stm32f7xx_it.o
                0x0000000008003844                TIM6_DAC_IRQHandler
 .text._getpid  0x0000000008003858       0x10 ./Core/Src/syscalls.o
                0x0000000008003858                _getpid
 .text._kill    0x0000000008003868       0x20 ./Core/Src/syscalls.o
                0x0000000008003868                _kill
 .text._exit    0x0000000008003888       0x14 ./Core/Src/syscalls.o
                0x0000000008003888                _exit
 .text._read    0x000000000800389c       0x3a ./Core/Src/syscalls.o
                0x000000000800389c                _read
 .text._write   0x00000000080038d6       0x38 ./Core/Src/syscalls.o
                0x00000000080038d6                _write
 .text._close   0x000000000800390e       0x18 ./Core/Src/syscalls.o
                0x000000000800390e                _close
 .text._fstat   0x0000000008003926       0x20 ./Core/Src/syscalls.o
                0x0000000008003926                _fstat
 .text._isatty  0x0000000008003946       0x16 ./Core/Src/syscalls.o
                0x0000000008003946                _isatty
 .text._lseek   0x000000000800395c       0x1a ./Core/Src/syscalls.o
                0x000000000800395c                _lseek
 *fill*         0x0000000008003976        0x2 
 .text.SystemInit
                0x0000000008003978       0x6c ./Core/Src/system_stm32f7xx.o
                0x0000000008003978                SystemInit
 .text.MX_TIM3_Init
                0x00000000080039e4       0xb4 ./Core/Src/tim.o
                0x00000000080039e4                MX_TIM3_Init
 .text.MX_TIM4_Init
                0x0000000008003a98       0x9c ./Core/Src/tim.o
                0x0000000008003a98                MX_TIM4_Init
 .text.HAL_TIM_PWM_MspInit
                0x0000000008003b34       0x40 ./Core/Src/tim.o
                0x0000000008003b34                HAL_TIM_PWM_MspInit
 .text.HAL_TIM_Base_MspInit
                0x0000000008003b74       0x4c ./Core/Src/tim.o
                0x0000000008003b74                HAL_TIM_Base_MspInit
 .text.HAL_TIM_MspPostInit
                0x0000000008003bc0       0x70 ./Core/Src/tim.o
                0x0000000008003bc0                HAL_TIM_MspPostInit
 .text.MX_USART1_UART_Init
                0x0000000008003c30       0x60 ./Core/Src/usart.o
                0x0000000008003c30                MX_USART1_UART_Init
 .text.HAL_UART_MspInit
                0x0000000008003c90       0xf8 ./Core/Src/usart.o
                0x0000000008003c90                HAL_UART_MspInit
 .text.freeRTOS_user_init
                0x0000000008003d88       0xc8 ./Core/Src/user_task.o
                0x0000000008003d88                freeRTOS_user_init
 .text.task_fruit_launch
                0x0000000008003e50       0x50 ./Core/Src/user_task.o
 .text.task_fruit_control
                0x0000000008003ea0       0x34 ./Core/Src/user_task.o
 .text.task_display_game
                0x0000000008003ed4       0x14 ./Core/Src/user_task.o
 .text.tim4_cb  0x0000000008003ee8       0x18 ./Core/Src/user_task.o
                0x0000000008003ee8                tim4_cb
 .text.Reset_Handler
                0x0000000008003f00       0x50 ./Core/Startup/startup_stm32f769nihx.o
                0x0000000008003f00                Reset_Handler
 .text.Default_Handler
                0x0000000008003f50        0x2 ./Core/Startup/startup_stm32f769nihx.o
                0x0000000008003f50                RTC_Alarm_IRQHandler
                0x0000000008003f50                EXTI2_IRQHandler
                0x0000000008003f50                TIM8_CC_IRQHandler
                0x0000000008003f50                UART8_IRQHandler
                0x0000000008003f50                SPI4_IRQHandler
                0x0000000008003f50                TIM1_CC_IRQHandler
                0x0000000008003f50                DMA2_Stream5_IRQHandler
                0x0000000008003f50                JPEG_IRQHandler
                0x0000000008003f50                DMA1_Stream5_IRQHandler
                0x0000000008003f50                CAN3_RX1_IRQHandler
                0x0000000008003f50                PVD_IRQHandler
                0x0000000008003f50                TAMP_STAMP_IRQHandler
                0x0000000008003f50                CAN2_RX1_IRQHandler
                0x0000000008003f50                EXTI3_IRQHandler
                0x0000000008003f50                TIM8_TRG_COM_TIM14_IRQHandler
                0x0000000008003f50                DFSDM1_FLT1_IRQHandler
                0x0000000008003f50                TIM1_UP_TIM10_IRQHandler
                0x0000000008003f50                TIM8_UP_TIM13_IRQHandler
                0x0000000008003f50                I2C3_ER_IRQHandler
                0x0000000008003f50                DFSDM1_FLT2_IRQHandler
                0x0000000008003f50                EXTI0_IRQHandler
                0x0000000008003f50                I2C2_EV_IRQHandler
                0x0000000008003f50                DMA1_Stream2_IRQHandler
                0x0000000008003f50                CAN1_RX0_IRQHandler
                0x0000000008003f50                FPU_IRQHandler
                0x0000000008003f50                OTG_HS_WKUP_IRQHandler
                0x0000000008003f50                CAN3_SCE_IRQHandler
                0x0000000008003f50                LTDC_ER_IRQHandler
                0x0000000008003f50                CAN2_SCE_IRQHandler
                0x0000000008003f50                DMA2_Stream2_IRQHandler
                0x0000000008003f50                SPI1_IRQHandler
                0x0000000008003f50                TIM1_BRK_TIM9_IRQHandler
                0x0000000008003f50                DCMI_IRQHandler
                0x0000000008003f50                CAN2_RX0_IRQHandler
                0x0000000008003f50                DMA2_Stream3_IRQHandler
                0x0000000008003f50                SAI2_IRQHandler
                0x0000000008003f50                DFSDM1_FLT3_IRQHandler
                0x0000000008003f50                USART6_IRQHandler
                0x0000000008003f50                CAN3_RX0_IRQHandler
                0x0000000008003f50                USART3_IRQHandler
                0x0000000008003f50                CAN1_RX1_IRQHandler
                0x0000000008003f50                UART5_IRQHandler
                0x0000000008003f50                DMA2_Stream0_IRQHandler
                0x0000000008003f50                QUADSPI_IRQHandler
                0x0000000008003f50                I2C1_EV_IRQHandler
                0x0000000008003f50                DMA1_Stream6_IRQHandler
                0x0000000008003f50                DMA1_Stream1_IRQHandler
                0x0000000008003f50                UART4_IRQHandler
                0x0000000008003f50                TIM3_IRQHandler
                0x0000000008003f50                RCC_IRQHandler
                0x0000000008003f50                TIM8_BRK_TIM12_IRQHandler
                0x0000000008003f50                Default_Handler
                0x0000000008003f50                CEC_IRQHandler
                0x0000000008003f50                EXTI15_10_IRQHandler
                0x0000000008003f50                ADC_IRQHandler
                0x0000000008003f50                DMA1_Stream7_IRQHandler
                0x0000000008003f50                SPI5_IRQHandler
                0x0000000008003f50                TIM7_IRQHandler
                0x0000000008003f50                SDMMC1_IRQHandler
                0x0000000008003f50                CAN2_TX_IRQHandler
                0x0000000008003f50                TIM5_IRQHandler
                0x0000000008003f50                DMA2_Stream7_IRQHandler
                0x0000000008003f50                I2C3_EV_IRQHandler
                0x0000000008003f50                EXTI9_5_IRQHandler
                0x0000000008003f50                RTC_WKUP_IRQHandler
                0x0000000008003f50                LTDC_IRQHandler
                0x0000000008003f50                ETH_WKUP_IRQHandler
                0x0000000008003f50                SPDIF_RX_IRQHandler
                0x0000000008003f50                SPI2_IRQHandler
                0x0000000008003f50                OTG_HS_EP1_IN_IRQHandler
                0x0000000008003f50                DMA1_Stream0_IRQHandler
                0x0000000008003f50                CAN1_TX_IRQHandler
                0x0000000008003f50                EXTI4_IRQHandler
                0x0000000008003f50                RNG_IRQHandler
                0x0000000008003f50                DSI_IRQHandler
                0x0000000008003f50                ETH_IRQHandler
                0x0000000008003f50                OTG_HS_EP1_OUT_IRQHandler
                0x0000000008003f50                WWDG_IRQHandler
                0x0000000008003f50                SPI6_IRQHandler
                0x0000000008003f50                MDIOS_IRQHandler
                0x0000000008003f50                I2C4_EV_IRQHandler
                0x0000000008003f50                CAN3_TX_IRQHandler
                0x0000000008003f50                TIM2_IRQHandler
                0x0000000008003f50                OTG_FS_WKUP_IRQHandler
                0x0000000008003f50                TIM1_TRG_COM_TIM11_IRQHandler
                0x0000000008003f50                OTG_HS_IRQHandler
                0x0000000008003f50                DMA2D_IRQHandler
                0x0000000008003f50                EXTI1_IRQHandler
                0x0000000008003f50                SDMMC2_IRQHandler
                0x0000000008003f50                UART7_IRQHandler
                0x0000000008003f50                USART2_IRQHandler
                0x0000000008003f50                DFSDM1_FLT0_IRQHandler
                0x0000000008003f50                I2C2_ER_IRQHandler
                0x0000000008003f50                DMA2_Stream1_IRQHandler
                0x0000000008003f50                CAN1_SCE_IRQHandler
                0x0000000008003f50                FLASH_IRQHandler
                0x0000000008003f50                DMA2_Stream4_IRQHandler
                0x0000000008003f50                OTG_FS_IRQHandler
                0x0000000008003f50                SPI3_IRQHandler
                0x0000000008003f50                DMA1_Stream4_IRQHandler
                0x0000000008003f50                I2C1_ER_IRQHandler
                0x0000000008003f50                FMC_IRQHandler
                0x0000000008003f50                LPTIM1_IRQHandler
                0x0000000008003f50                I2C4_ER_IRQHandler
                0x0000000008003f50                DMA2_Stream6_IRQHandler
                0x0000000008003f50                SAI1_IRQHandler
                0x0000000008003f50                DMA1_Stream3_IRQHandler
 *fill*         0x0000000008003f52        0x2 
 .text.HAL_Init
                0x0000000008003f54       0x2c ./Drivers/STM32F7xx_HAL_Driver/Src/stm32f7xx_hal.o
                0x0000000008003f54                HAL_Init
 .text.HAL_IncTick
                0x0000000008003f80       0x28 ./Drivers/STM32F7xx_HAL_Driver/Src/stm32f7xx_hal.o
                0x0000000008003f80                HAL_IncTick
 .text.HAL_GetTick
                0x0000000008003fa8       0x18 ./Drivers/STM32F7xx_HAL_Driver/Src/stm32f7xx_hal.o
                0x0000000008003fa8                HAL_GetTick
 .text.HAL_Delay
                0x0000000008003fc0       0x48 ./Drivers/STM32F7xx_HAL_Driver/Src/stm32f7xx_hal.o
                0x0000000008003fc0                HAL_Delay
 .text.__NVIC_SetPriorityGrouping
                0x0000000008004008       0x48 ./Drivers/STM32F7xx_HAL_Driver/Src/stm32f7xx_hal_cortex.o
 .text.__NVIC_GetPriorityGrouping
                0x0000000008004050       0x1c ./Drivers/STM32F7xx_HAL_Driver/Src/stm32f7xx_hal_cortex.o
 .text.__NVIC_EnableIRQ
                0x000000000800406c       0x3c ./Drivers/STM32F7xx_HAL_Driver/Src/stm32f7xx_hal_cortex.o
 .text.__NVIC_SetPriority
                0x00000000080040a8       0x54 ./Drivers/STM32F7xx_HAL_Driver/Src/stm32f7xx_hal_cortex.o
 .text.NVIC_EncodePriority
                0x00000000080040fc       0x66 ./Drivers/STM32F7xx_HAL_Driver/Src/stm32f7xx_hal_cortex.o
 .text.HAL_NVIC_SetPriorityGrouping
                0x0000000008004162       0x16 ./Drivers/STM32F7xx_HAL_Driver/Src/stm32f7xx_hal_cortex.o
                0x0000000008004162                HAL_NVIC_SetPriorityGrouping
 .text.HAL_NVIC_SetPriority
                0x0000000008004178       0x38 ./Drivers/STM32F7xx_HAL_Driver/Src/stm32f7xx_hal_cortex.o
                0x0000000008004178                HAL_NVIC_SetPriority
 .text.HAL_NVIC_EnableIRQ
                0x00000000080041b0       0x1c ./Drivers/STM32F7xx_HAL_Driver/Src/stm32f7xx_hal_cortex.o
                0x00000000080041b0                HAL_NVIC_EnableIRQ
 .text.HAL_DMA_Abort
                0x00000000080041cc       0xe0 ./Drivers/STM32F7xx_HAL_Driver/Src/stm32f7xx_hal_dma.o
                0x00000000080041cc                HAL_DMA_Abort
 .text.HAL_DMA_Abort_IT
                0x00000000080042ac       0x44 ./Drivers/STM32F7xx_HAL_Driver/Src/stm32f7xx_hal_dma.o
                0x00000000080042ac                HAL_DMA_Abort_IT
 .text.HAL_DMA2D_Init
                0x00000000080042f0       0xb4 ./Drivers/STM32F7xx_HAL_Driver/Src/stm32f7xx_hal_dma2d.o
                0x00000000080042f0                HAL_DMA2D_Init
 .text.HAL_DMA2D_Start
                0x00000000080043a4       0x56 ./Drivers/STM32F7xx_HAL_Driver/Src/stm32f7xx_hal_dma2d.o
                0x00000000080043a4                HAL_DMA2D_Start
 .text.HAL_DMA2D_PollForTransfer
                0x00000000080043fa      0x1d2 ./Drivers/STM32F7xx_HAL_Driver/Src/stm32f7xx_hal_dma2d.o
                0x00000000080043fa                HAL_DMA2D_PollForTransfer
 .text.HAL_DMA2D_ConfigLayer
                0x00000000080045cc      0x13c ./Drivers/STM32F7xx_HAL_Driver/Src/stm32f7xx_hal_dma2d.o
                0x00000000080045cc                HAL_DMA2D_ConfigLayer
 .text.DMA2D_SetConfig
                0x0000000008004708      0x138 ./Drivers/STM32F7xx_HAL_Driver/Src/stm32f7xx_hal_dma2d.o
 .text.DSI_ConfigPacketHeader
                0x0000000008004840       0x32 ./Drivers/STM32F7xx_HAL_Driver/Src/stm32f7xx_hal_dsi.o
 .text.DSI_ShortWrite
                0x0000000008004872       0x5e ./Drivers/STM32F7xx_HAL_Driver/Src/stm32f7xx_hal_dsi.o
 .text.HAL_DSI_Init
                0x00000000080048d0      0x238 ./Drivers/STM32F7xx_HAL_Driver/Src/stm32f7xx_hal_dsi.o
                0x00000000080048d0                HAL_DSI_Init
 .text.HAL_DSI_DeInit
                0x0000000008004b08       0xe8 ./Drivers/STM32F7xx_HAL_Driver/Src/stm32f7xx_hal_dsi.o
                0x0000000008004b08                HAL_DSI_DeInit
 .text.HAL_DSI_ConfigErrorMonitor
                0x0000000008004bf0      0x178 ./Drivers/STM32F7xx_HAL_Driver/Src/stm32f7xx_hal_dsi.o
                0x0000000008004bf0                HAL_DSI_ConfigErrorMonitor
 .text.HAL_DSI_SetGenericVCID
                0x0000000008004d68       0x50 ./Drivers/STM32F7xx_HAL_Driver/Src/stm32f7xx_hal_dsi.o
                0x0000000008004d68                HAL_DSI_SetGenericVCID
 .text.HAL_DSI_ConfigVideoMode
                0x0000000008004db8      0x400 ./Drivers/STM32F7xx_HAL_Driver/Src/stm32f7xx_hal_dsi.o
                0x0000000008004db8                HAL_DSI_ConfigVideoMode
 .text.HAL_DSI_ConfigFlowControl
                0x00000000080051b8       0x50 ./Drivers/STM32F7xx_HAL_Driver/Src/stm32f7xx_hal_dsi.o
                0x00000000080051b8                HAL_DSI_ConfigFlowControl
 .text.HAL_DSI_ConfigPhyTimer
                0x0000000008005208       0xd4 ./Drivers/STM32F7xx_HAL_Driver/Src/stm32f7xx_hal_dsi.o
                0x0000000008005208                HAL_DSI_ConfigPhyTimer
 .text.HAL_DSI_ConfigHostTimeouts
                0x00000000080052dc      0x190 ./Drivers/STM32F7xx_HAL_Driver/Src/stm32f7xx_hal_dsi.o
                0x00000000080052dc                HAL_DSI_ConfigHostTimeouts
 .text.HAL_DSI_Start
                0x000000000800546c       0x78 ./Drivers/STM32F7xx_HAL_Driver/Src/stm32f7xx_hal_dsi.o
                0x000000000800546c                HAL_DSI_Start
 .text.HAL_DSI_ShortWrite
                0x00000000080054e4       0x44 ./Drivers/STM32F7xx_HAL_Driver/Src/stm32f7xx_hal_dsi.o
                0x00000000080054e4                HAL_DSI_ShortWrite
 .text.HAL_DSI_LongWrite
                0x0000000008005528      0x130 ./Drivers/STM32F7xx_HAL_Driver/Src/stm32f7xx_hal_dsi.o
                0x0000000008005528                HAL_DSI_LongWrite
 .text.HAL_DSI_SetLowPowerRXFilter
                0x0000000008005658       0x5a ./Drivers/STM32F7xx_HAL_Driver/Src/stm32f7xx_hal_dsi.o
                0x0000000008005658                HAL_DSI_SetLowPowerRXFilter
 *fill*         0x00000000080056b2        0x2 
 .text.HAL_GPIO_Init
                0x00000000080056b4      0x358 ./Drivers/STM32F7xx_HAL_Driver/Src/stm32f7xx_hal_gpio.o
                0x00000000080056b4                HAL_GPIO_Init
 .text.HAL_GPIO_DeInit
                0x0000000008005a0c      0x218 ./Drivers/STM32F7xx_HAL_Driver/Src/stm32f7xx_hal_gpio.o
                0x0000000008005a0c                HAL_GPIO_DeInit
 .text.HAL_GPIO_WritePin
                0x0000000008005c24       0x32 ./Drivers/STM32F7xx_HAL_Driver/Src/stm32f7xx_hal_gpio.o
                0x0000000008005c24                HAL_GPIO_WritePin
 *fill*         0x0000000008005c56        0x2 
 .text.HAL_I2C_Init
                0x0000000008005c58      0x120 ./Drivers/STM32F7xx_HAL_Driver/Src/stm32f7xx_hal_i2c.o
                0x0000000008005c58                HAL_I2C_Init
 .text.HAL_I2C_DeInit
                0x0000000008005d78       0x5e ./Drivers/STM32F7xx_HAL_Driver/Src/stm32f7xx_hal_i2c.o
                0x0000000008005d78                HAL_I2C_DeInit
 *fill*         0x0000000008005dd6        0x2 
 .text.HAL_I2C_Mem_Write
                0x0000000008005dd8      0x228 ./Drivers/STM32F7xx_HAL_Driver/Src/stm32f7xx_hal_i2c.o
                0x0000000008005dd8                HAL_I2C_Mem_Write
 .text.HAL_I2C_Mem_Read
                0x0000000008006000      0x234 ./Drivers/STM32F7xx_HAL_Driver/Src/stm32f7xx_hal_i2c.o
                0x0000000008006000                HAL_I2C_Mem_Read
 .text.HAL_I2C_GetState
                0x0000000008006234       0x1c ./Drivers/STM32F7xx_HAL_Driver/Src/stm32f7xx_hal_i2c.o
                0x0000000008006234                HAL_I2C_GetState
 .text.I2C_RequestMemoryWrite
                0x0000000008006250       0xa8 ./Drivers/STM32F7xx_HAL_Driver/Src/stm32f7xx_hal_i2c.o
 .text.I2C_RequestMemoryRead
                0x00000000080062f8       0xa8 ./Drivers/STM32F7xx_HAL_Driver/Src/stm32f7xx_hal_i2c.o
 .text.I2C_Flush_TXDR
                0x00000000080063a0       0x48 ./Drivers/STM32F7xx_HAL_Driver/Src/stm32f7xx_hal_i2c.o
 .text.I2C_WaitOnFlagUntilTimeout
                0x00000000080063e8       0x80 ./Drivers/STM32F7xx_HAL_Driver/Src/stm32f7xx_hal_i2c.o
 .text.I2C_WaitOnTXISFlagUntilTimeout
                0x0000000008006468       0x80 ./Drivers/STM32F7xx_HAL_Driver/Src/stm32f7xx_hal_i2c.o
 .text.I2C_WaitOnSTOPFlagUntilTimeout
                0x00000000080064e8       0x78 ./Drivers/STM32F7xx_HAL_Driver/Src/stm32f7xx_hal_i2c.o
 .text.I2C_IsErrorOccurred
                0x0000000008006560      0x1c0 ./Drivers/STM32F7xx_HAL_Driver/Src/stm32f7xx_hal_i2c.o
 .text.I2C_TransferConfig
                0x0000000008006720       0x64 ./Drivers/STM32F7xx_HAL_Driver/Src/stm32f7xx_hal_i2c.o
 .text.HAL_I2CEx_ConfigAnalogFilter
                0x0000000008006784       0x96 ./Drivers/STM32F7xx_HAL_Driver/Src/stm32f7xx_hal_i2c_ex.o
                0x0000000008006784                HAL_I2CEx_ConfigAnalogFilter
 .text.HAL_I2CEx_ConfigDigitalFilter
                0x000000000800681a       0x98 ./Drivers/STM32F7xx_HAL_Driver/Src/stm32f7xx_hal_i2c_ex.o
                0x000000000800681a                HAL_I2CEx_ConfigDigitalFilter
 *fill*         0x00000000080068b2        0x2 
 .text.HAL_LTDC_Init
                0x00000000080068b4      0x1a0 ./Drivers/STM32F7xx_HAL_Driver/Src/stm32f7xx_hal_ltdc.o
                0x00000000080068b4                HAL_LTDC_Init
 .text.HAL_LTDC_ConfigLayer
                0x0000000008006a54       0x7c ./Drivers/STM32F7xx_HAL_Driver/Src/stm32f7xx_hal_ltdc.o
                0x0000000008006a54                HAL_LTDC_ConfigLayer
 .text.LTDC_SetConfig
                0x0000000008006ad0      0x334 ./Drivers/STM32F7xx_HAL_Driver/Src/stm32f7xx_hal_ltdc.o
 .text.HAL_LTDCEx_StructInitFromVideoConfig
                0x0000000008006e04       0xa0 ./Drivers/STM32F7xx_HAL_Driver/Src/stm32f7xx_hal_ltdc_ex.o
                0x0000000008006e04                HAL_LTDCEx_StructInitFromVideoConfig
 .text.HAL_PWR_EnableBkUpAccess
                0x0000000008006ea4       0x20 ./Drivers/STM32F7xx_HAL_Driver/Src/stm32f7xx_hal_pwr.o
                0x0000000008006ea4                HAL_PWR_EnableBkUpAccess
 .text.HAL_PWREx_EnableOverDrive
                0x0000000008006ec4       0xa0 ./Drivers/STM32F7xx_HAL_Driver/Src/stm32f7xx_hal_pwr_ex.o
                0x0000000008006ec4                HAL_PWREx_EnableOverDrive
 .text.HAL_RCC_OscConfig
                0x0000000008006f64      0x55c ./Drivers/STM32F7xx_HAL_Driver/Src/stm32f7xx_hal_rcc.o
                0x0000000008006f64                HAL_RCC_OscConfig
 .text.HAL_RCC_ClockConfig
                0x00000000080074c0      0x1d8 ./Drivers/STM32F7xx_HAL_Driver/Src/stm32f7xx_hal_rcc.o
                0x00000000080074c0                HAL_RCC_ClockConfig
 .text.HAL_RCC_GetSysClockFreq
                0x0000000008007698      0x18c ./Drivers/STM32F7xx_HAL_Driver/Src/stm32f7xx_hal_rcc.o
                0x0000000008007698                HAL_RCC_GetSysClockFreq
 .text.HAL_RCC_GetHCLKFreq
                0x0000000008007824       0x18 ./Drivers/STM32F7xx_HAL_Driver/Src/stm32f7xx_hal_rcc.o
                0x0000000008007824                HAL_RCC_GetHCLKFreq
 .text.HAL_RCC_GetPCLK1Freq
                0x000000000800783c       0x28 ./Drivers/STM32F7xx_HAL_Driver/Src/stm32f7xx_hal_rcc.o
                0x000000000800783c                HAL_RCC_GetPCLK1Freq
 .text.HAL_RCC_GetPCLK2Freq
                0x0000000008007864       0x28 ./Drivers/STM32F7xx_HAL_Driver/Src/stm32f7xx_hal_rcc.o
                0x0000000008007864                HAL_RCC_GetPCLK2Freq
 .text.HAL_RCC_GetClockConfig
                0x000000000800788c       0x64 ./Drivers/STM32F7xx_HAL_Driver/Src/stm32f7xx_hal_rcc.o
                0x000000000800788c                HAL_RCC_GetClockConfig
 .text.HAL_RCCEx_PeriphCLKConfig
                0x00000000080078f0      0x850 ./Drivers/STM32F7xx_HAL_Driver/Src/stm32f7xx_hal_rcc_ex.o
                0x00000000080078f0                HAL_RCCEx_PeriphCLKConfig
 .text.HAL_SDRAM_Init
                0x0000000008008140       0x68 ./Drivers/STM32F7xx_HAL_Driver/Src/stm32f7xx_hal_sdram.o
                0x0000000008008140                HAL_SDRAM_Init
 .text.HAL_SDRAM_SendCommand
                0x00000000080081a8       0x6a ./Drivers/STM32F7xx_HAL_Driver/Src/stm32f7xx_hal_sdram.o
                0x00000000080081a8                HAL_SDRAM_SendCommand
 .text.HAL_SDRAM_ProgramRefreshRate
                0x0000000008008212       0x50 ./Drivers/STM32F7xx_HAL_Driver/Src/stm32f7xx_hal_sdram.o
                0x0000000008008212                HAL_SDRAM_ProgramRefreshRate
 .text.HAL_TIM_Base_Init
                0x0000000008008262       0xae ./Drivers/STM32F7xx_HAL_Driver/Src/stm32f7xx_hal_tim.o
                0x0000000008008262                HAL_TIM_Base_Init
 .text.HAL_TIM_Base_Start_IT
                0x0000000008008310       0xf0 ./Drivers/STM32F7xx_HAL_Driver/Src/stm32f7xx_hal_tim.o
                0x0000000008008310                HAL_TIM_Base_Start_IT
 .text.HAL_TIM_PWM_Init
                0x0000000008008400       0xae ./Drivers/STM32F7xx_HAL_Driver/Src/stm32f7xx_hal_tim.o
                0x0000000008008400                HAL_TIM_PWM_Init
 .text.HAL_TIM_IRQHandler
                0x00000000080084ae      0x23e ./Drivers/STM32F7xx_HAL_Driver/Src/stm32f7xx_hal_tim.o
                0x00000000080084ae                HAL_TIM_IRQHandler
 .text.HAL_TIM_PWM_ConfigChannel
                0x00000000080086ec      0x228 ./Drivers/STM32F7xx_HAL_Driver/Src/stm32f7xx_hal_tim.o
                0x00000000080086ec                HAL_TIM_PWM_ConfigChannel
 .text.HAL_TIM_ConfigClockSource
                0x0000000008008914      0x194 ./Drivers/STM32F7xx_HAL_Driver/Src/stm32f7xx_hal_tim.o
                0x0000000008008914                HAL_TIM_ConfigClockSource
 .text.HAL_TIM_OC_DelayElapsedCallback
                0x0000000008008aa8       0x14 ./Drivers/STM32F7xx_HAL_Driver/Src/stm32f7xx_hal_tim.o
                0x0000000008008aa8                HAL_TIM_OC_DelayElapsedCallback
 .text.HAL_TIM_IC_CaptureCallback
                0x0000000008008abc       0x14 ./Drivers/STM32F7xx_HAL_Driver/Src/stm32f7xx_hal_tim.o
                0x0000000008008abc                HAL_TIM_IC_CaptureCallback
 .text.HAL_TIM_PWM_PulseFinishedCallback
                0x0000000008008ad0       0x14 ./Drivers/STM32F7xx_HAL_Driver/Src/stm32f7xx_hal_tim.o
                0x0000000008008ad0                HAL_TIM_PWM_PulseFinishedCallback
 .text.HAL_TIM_TriggerCallback
                0x0000000008008ae4       0x14 ./Drivers/STM32F7xx_HAL_Driver/Src/stm32f7xx_hal_tim.o
                0x0000000008008ae4                HAL_TIM_TriggerCallback
 .text.TIM_Base_SetConfig
                0x0000000008008af8      0x140 ./Drivers/STM32F7xx_HAL_Driver/Src/stm32f7xx_hal_tim.o
                0x0000000008008af8                TIM_Base_SetConfig
 .text.TIM_OC1_SetConfig
                0x0000000008008c38       0xe4 ./Drivers/STM32F7xx_HAL_Driver/Src/stm32f7xx_hal_tim.o
 .text.TIM_OC2_SetConfig
                0x0000000008008d1c       0xf0 ./Drivers/STM32F7xx_HAL_Driver/Src/stm32f7xx_hal_tim.o
                0x0000000008008d1c                TIM_OC2_SetConfig
 .text.TIM_OC3_SetConfig
                0x0000000008008e0c       0xec ./Drivers/STM32F7xx_HAL_Driver/Src/stm32f7xx_hal_tim.o
 .text.TIM_OC4_SetConfig
                0x0000000008008ef8       0xb0 ./Drivers/STM32F7xx_HAL_Driver/Src/stm32f7xx_hal_tim.o
 .text.TIM_OC5_SetConfig
                0x0000000008008fa8       0xa4 ./Drivers/STM32F7xx_HAL_Driver/Src/stm32f7xx_hal_tim.o
 .text.TIM_OC6_SetConfig
                0x000000000800904c       0xa8 ./Drivers/STM32F7xx_HAL_Driver/Src/stm32f7xx_hal_tim.o
 .text.TIM_TI1_ConfigInputStage
                0x00000000080090f4       0x5e ./Drivers/STM32F7xx_HAL_Driver/Src/stm32f7xx_hal_tim.o
 .text.TIM_TI2_ConfigInputStage
                0x0000000008009152       0x60 ./Drivers/STM32F7xx_HAL_Driver/Src/stm32f7xx_hal_tim.o
 .text.TIM_ITRx_SetConfig
                0x00000000080091b2       0x36 ./Drivers/STM32F7xx_HAL_Driver/Src/stm32f7xx_hal_tim.o
 .text.TIM_ETR_SetConfig
                0x00000000080091e8       0x40 ./Drivers/STM32F7xx_HAL_Driver/Src/stm32f7xx_hal_tim.o
                0x00000000080091e8                TIM_ETR_SetConfig
 .text.HAL_TIMEx_MasterConfigSynchronization
                0x0000000008009228      0x11c ./Drivers/STM32F7xx_HAL_Driver/Src/stm32f7xx_hal_tim_ex.o
                0x0000000008009228                HAL_TIMEx_MasterConfigSynchronization
 .text.HAL_TIMEx_CommutCallback
                0x0000000008009344       0x14 ./Drivers/STM32F7xx_HAL_Driver/Src/stm32f7xx_hal_tim_ex.o
                0x0000000008009344                HAL_TIMEx_CommutCallback
 .text.HAL_TIMEx_BreakCallback
                0x0000000008009358       0x14 ./Drivers/STM32F7xx_HAL_Driver/Src/stm32f7xx_hal_tim_ex.o
                0x0000000008009358                HAL_TIMEx_BreakCallback
 .text.HAL_TIMEx_Break2Callback
                0x000000000800936c       0x14 ./Drivers/STM32F7xx_HAL_Driver/Src/stm32f7xx_hal_tim_ex.o
                0x000000000800936c                HAL_TIMEx_Break2Callback
 .text.HAL_UART_Init
                0x0000000008009380       0x9c ./Drivers/STM32F7xx_HAL_Driver/Src/stm32f7xx_hal_uart.o
                0x0000000008009380                HAL_UART_Init
 .text.HAL_UART_IRQHandler
                0x000000000800941c      0x5d0 ./Drivers/STM32F7xx_HAL_Driver/Src/stm32f7xx_hal_uart.o
                0x000000000800941c                HAL_UART_IRQHandler
 .text.HAL_UART_TxCpltCallback
                0x00000000080099ec       0x14 ./Drivers/STM32F7xx_HAL_Driver/Src/stm32f7xx_hal_uart.o
                0x00000000080099ec                HAL_UART_TxCpltCallback
 .text.HAL_UART_ErrorCallback
                0x0000000008009a00       0x14 ./Drivers/STM32F7xx_HAL_Driver/Src/stm32f7xx_hal_uart.o
                0x0000000008009a00                HAL_UART_ErrorCallback
 .text.HAL_UARTEx_RxEventCallback
                0x0000000008009a14       0x18 ./Drivers/STM32F7xx_HAL_Driver/Src/stm32f7xx_hal_uart.o
                0x0000000008009a14                HAL_UARTEx_RxEventCallback
 .text.HAL_UARTEx_WakeupCallback
                0x0000000008009a2c       0x14 ./Drivers/STM32F7xx_HAL_Driver/Src/stm32f7xx_hal_uart.o
                0x0000000008009a2c                HAL_UARTEx_WakeupCallback
 .text.UART_SetConfig
                0x0000000008009a40      0x4c8 ./Drivers/STM32F7xx_HAL_Driver/Src/stm32f7xx_hal_uart.o
                0x0000000008009a40                UART_SetConfig
 .text.UART_AdvFeatureConfig
                0x0000000008009f08      0x144 ./Drivers/STM32F7xx_HAL_Driver/Src/stm32f7xx_hal_uart.o
                0x0000000008009f08                UART_AdvFeatureConfig
 .text.UART_CheckIdleState
                0x000000000800a04c       0x9a ./Drivers/STM32F7xx_HAL_Driver/Src/stm32f7xx_hal_uart.o
                0x000000000800a04c                UART_CheckIdleState
 .text.UART_WaitOnFlagUntilTimeout
                0x000000000800a0e6      0x18c ./Drivers/STM32F7xx_HAL_Driver/Src/stm32f7xx_hal_uart.o
                0x000000000800a0e6                UART_WaitOnFlagUntilTimeout
 .text.UART_EndRxTransfer
                0x000000000800a272       0xc8 ./Drivers/STM32F7xx_HAL_Driver/Src/stm32f7xx_hal_uart.o
 .text.UART_DMAAbortOnError
                0x000000000800a33a       0x2c ./Drivers/STM32F7xx_HAL_Driver/Src/stm32f7xx_hal_uart.o
 .text.UART_EndTransmit_IT
                0x000000000800a366       0x54 ./Drivers/STM32F7xx_HAL_Driver/Src/stm32f7xx_hal_uart.o
 *fill*         0x000000000800a3ba        0x2 
 .text.FMC_SDRAM_Init
                0x000000000800a3bc       0xb8 ./Drivers/STM32F7xx_HAL_Driver/Src/stm32f7xx_ll_fmc.o
                0x000000000800a3bc                FMC_SDRAM_Init
 .text.FMC_SDRAM_Timing_Init
                0x000000000800a474       0xd4 ./Drivers/STM32F7xx_HAL_Driver/Src/stm32f7xx_ll_fmc.o
                0x000000000800a474                FMC_SDRAM_Timing_Init
 .text.FMC_SDRAM_SendCommand
                0x000000000800a548       0x48 ./Drivers/STM32F7xx_HAL_Driver/Src/stm32f7xx_ll_fmc.o
                0x000000000800a548                FMC_SDRAM_SendCommand
 .text.FMC_SDRAM_ProgramRefreshRate
                0x000000000800a590       0x30 ./Drivers/STM32F7xx_HAL_Driver/Src/stm32f7xx_ll_fmc.o
                0x000000000800a590                FMC_SDRAM_ProgramRefreshRate
 .text.SVC_Setup
                0x000000000800a5c0        0xe ./Middlewares/Third_Party/FreeRTOS/Source/CMSIS_RTOS_V2/cmsis_os2.o
 *fill*         0x000000000800a5ce        0x2 
 .text.osKernelInitialize
                0x000000000800a5d0       0x68 ./Middlewares/Third_Party/FreeRTOS/Source/CMSIS_RTOS_V2/cmsis_os2.o
                0x000000000800a5d0                osKernelInitialize
 .text.osKernelStart
                0x000000000800a638       0x6c ./Middlewares/Third_Party/FreeRTOS/Source/CMSIS_RTOS_V2/cmsis_os2.o
                0x000000000800a638                osKernelStart
 .text.osThreadNew
                0x000000000800a6a4      0x14c ./Middlewares/Third_Party/FreeRTOS/Source/CMSIS_RTOS_V2/cmsis_os2.o
                0x000000000800a6a4                osThreadNew
 .text.osDelay  0x000000000800a7f0       0x5c ./Middlewares/Third_Party/FreeRTOS/Source/CMSIS_RTOS_V2/cmsis_os2.o
                0x000000000800a7f0                osDelay
 .text.vApplicationGetIdleTaskMemory
                0x000000000800a84c       0x34 ./Middlewares/Third_Party/FreeRTOS/Source/CMSIS_RTOS_V2/cmsis_os2.o
                0x000000000800a84c                vApplicationGetIdleTaskMemory
 .text.vApplicationGetTimerTaskMemory
                0x000000000800a880       0x34 ./Middlewares/Third_Party/FreeRTOS/Source/CMSIS_RTOS_V2/cmsis_os2.o
                0x000000000800a880                vApplicationGetTimerTaskMemory
 .text.vListInitialise
                0x000000000800a8b4       0x40 ./Middlewares/Third_Party/FreeRTOS/Source/list.o
                0x000000000800a8b4                vListInitialise
 .text.vListInitialiseItem
                0x000000000800a8f4       0x1a ./Middlewares/Third_Party/FreeRTOS/Source/list.o
                0x000000000800a8f4                vListInitialiseItem
 .text.vListInsertEnd
                0x000000000800a90e       0x48 ./Middlewares/Third_Party/FreeRTOS/Source/list.o
                0x000000000800a90e                vListInsertEnd
 .text.vListInsert
                0x000000000800a956       0x72 ./Middlewares/Third_Party/FreeRTOS/Source/list.o
                0x000000000800a956                vListInsert
 .text.uxListRemove
                0x000000000800a9c8       0x54 ./Middlewares/Third_Party/FreeRTOS/Source/list.o
                0x000000000800a9c8                uxListRemove
 .text.xQueueGenericReset
                0x000000000800aa1c       0xd4 ./Middlewares/Third_Party/FreeRTOS/Source/queue.o
                0x000000000800aa1c                xQueueGenericReset
 .text.xQueueGenericCreateStatic
                0x000000000800aaf0      0x104 ./Middlewares/Third_Party/FreeRTOS/Source/queue.o
                0x000000000800aaf0                xQueueGenericCreateStatic
 .text.xQueueGenericCreate
                0x000000000800abf4       0x84 ./Middlewares/Third_Party/FreeRTOS/Source/queue.o
                0x000000000800abf4                xQueueGenericCreate
 .text.prvInitialiseNewQueue
                0x000000000800ac78       0x46 ./Middlewares/Third_Party/FreeRTOS/Source/queue.o
 *fill*         0x000000000800acbe        0x2 
 .text.xQueueGenericSend
                0x000000000800acc0      0x20c ./Middlewares/Third_Party/FreeRTOS/Source/queue.o
                0x000000000800acc0                xQueueGenericSend
 .text.xQueueGenericSendFromISR
                0x000000000800aecc      0x140 ./Middlewares/Third_Party/FreeRTOS/Source/queue.o
                0x000000000800aecc                xQueueGenericSendFromISR
 .text.xQueueGiveFromISR
                0x000000000800b00c      0x12a ./Middlewares/Third_Party/FreeRTOS/Source/queue.o
                0x000000000800b00c                xQueueGiveFromISR
 *fill*         0x000000000800b136        0x2 
 .text.xQueueReceive
                0x000000000800b138      0x1cc ./Middlewares/Third_Party/FreeRTOS/Source/queue.o
                0x000000000800b138                xQueueReceive
 .text.xQueueSemaphoreTake
                0x000000000800b304      0x228 ./Middlewares/Third_Party/FreeRTOS/Source/queue.o
                0x000000000800b304                xQueueSemaphoreTake
 .text.prvGetDisinheritPriorityAfterTimeout
                0x000000000800b52c       0x30 ./Middlewares/Third_Party/FreeRTOS/Source/queue.o
 .text.prvCopyDataToQueue
                0x000000000800b55c       0xd4 ./Middlewares/Third_Party/FreeRTOS/Source/queue.o
 .text.prvCopyDataFromQueue
                0x000000000800b630       0x4c ./Middlewares/Third_Party/FreeRTOS/Source/queue.o
 .text.prvUnlockQueue
                0x000000000800b67c       0xa4 ./Middlewares/Third_Party/FreeRTOS/Source/queue.o
 .text.prvIsQueueEmpty
                0x000000000800b720       0x2c ./Middlewares/Third_Party/FreeRTOS/Source/queue.o
 .text.prvIsQueueFull
                0x000000000800b74c       0x30 ./Middlewares/Third_Party/FreeRTOS/Source/queue.o
 .text.vQueueAddToRegistry
                0x000000000800b77c       0x54 ./Middlewares/Third_Party/FreeRTOS/Source/queue.o
                0x000000000800b77c                vQueueAddToRegistry
 .text.vQueueWaitForMessageRestricted
                0x000000000800b7d0       0x68 ./Middlewares/Third_Party/FreeRTOS/Source/queue.o
                0x000000000800b7d0                vQueueWaitForMessageRestricted
 .text.xTaskCreateStatic
                0x000000000800b838       0xc6 ./Middlewares/Third_Party/FreeRTOS/Source/tasks.o
                0x000000000800b838                xTaskCreateStatic
 .text.xTaskCreate
                0x000000000800b8fe       0x8a ./Middlewares/Third_Party/FreeRTOS/Source/tasks.o
                0x000000000800b8fe                xTaskCreate
 .text.prvInitialiseNewTask
                0x000000000800b988      0x150 ./Middlewares/Third_Party/FreeRTOS/Source/tasks.o
 .text.prvAddNewTaskToReadyList
                0x000000000800bad8       0xe0 ./Middlewares/Third_Party/FreeRTOS/Source/tasks.o
 .text.vTaskDelay
                0x000000000800bbb8       0x6c ./Middlewares/Third_Party/FreeRTOS/Source/tasks.o
                0x000000000800bbb8                vTaskDelay
 .text.vTaskStartScheduler
                0x000000000800bc24       0xe8 ./Middlewares/Third_Party/FreeRTOS/Source/tasks.o
                0x000000000800bc24                vTaskStartScheduler
 .text.vTaskSuspendAll
                0x000000000800bd0c       0x1c ./Middlewares/Third_Party/FreeRTOS/Source/tasks.o
                0x000000000800bd0c                vTaskSuspendAll
 .text.xTaskResumeAll
                0x000000000800bd28      0x140 ./Middlewares/Third_Party/FreeRTOS/Source/tasks.o
                0x000000000800bd28                xTaskResumeAll
 .text.xTaskGetTickCount
                0x000000000800be68       0x20 ./Middlewares/Third_Party/FreeRTOS/Source/tasks.o
                0x000000000800be68                xTaskGetTickCount
 .text.xTaskIncrementTick
                0x000000000800be88      0x178 ./Middlewares/Third_Party/FreeRTOS/Source/tasks.o
                0x000000000800be88                xTaskIncrementTick
 .text.vTaskSwitchContext
                0x000000000800c000       0xcc ./Middlewares/Third_Party/FreeRTOS/Source/tasks.o
                0x000000000800c000                vTaskSwitchContext
 .text.vTaskPlaceOnEventList
                0x000000000800c0cc       0x4c ./Middlewares/Third_Party/FreeRTOS/Source/tasks.o
                0x000000000800c0cc                vTaskPlaceOnEventList
 .text.vTaskPlaceOnEventListRestricted
                0x000000000800c118       0x5c ./Middlewares/Third_Party/FreeRTOS/Source/tasks.o
                0x000000000800c118                vTaskPlaceOnEventListRestricted
 .text.xTaskRemoveFromEventList
                0x000000000800c174       0xcc ./Middlewares/Third_Party/FreeRTOS/Source/tasks.o
                0x000000000800c174                xTaskRemoveFromEventList
 .text.vTaskInternalSetTimeOutState
                0x000000000800c240       0x2c ./Middlewares/Third_Party/FreeRTOS/Source/tasks.o
                0x000000000800c240                vTaskInternalSetTimeOutState
 .text.xTaskCheckForTimeOut
                0x000000000800c26c       0xcc ./Middlewares/Third_Party/FreeRTOS/Source/tasks.o
                0x000000000800c26c                xTaskCheckForTimeOut
 .text.vTaskMissedYield
                0x000000000800c338       0x18 ./Middlewares/Third_Party/FreeRTOS/Source/tasks.o
                0x000000000800c338                vTaskMissedYield
 .text.prvIdleTask
                0x000000000800c350       0x30 ./Middlewares/Third_Party/FreeRTOS/Source/tasks.o
 .text.prvInitialiseTaskLists
                0x000000000800c380       0x80 ./Middlewares/Third_Party/FreeRTOS/Source/tasks.o
 .text.prvCheckTasksWaitingTermination
                0x000000000800c400       0x5c ./Middlewares/Third_Party/FreeRTOS/Source/tasks.o
 .text.prvDeleteTCB
                0x000000000800c45c       0x6c ./Middlewares/Third_Party/FreeRTOS/Source/tasks.o
 .text.prvResetNextTaskUnblockTime
                0x000000000800c4c8       0x40 ./Middlewares/Third_Party/FreeRTOS/Source/tasks.o
 .text.xTaskGetSchedulerState
                0x000000000800c508       0x3c ./Middlewares/Third_Party/FreeRTOS/Source/tasks.o
                0x000000000800c508                xTaskGetSchedulerState
 .text.xTaskPriorityInherit
                0x000000000800c544       0xd0 ./Middlewares/Third_Party/FreeRTOS/Source/tasks.o
                0x000000000800c544                xTaskPriorityInherit
 .text.xTaskPriorityDisinherit
                0x000000000800c614       0xe4 ./Middlewares/Third_Party/FreeRTOS/Source/tasks.o
                0x000000000800c614                xTaskPriorityDisinherit
 .text.vTaskPriorityDisinheritAfterTimeout
                0x000000000800c6f8      0x10c ./Middlewares/Third_Party/FreeRTOS/Source/tasks.o
                0x000000000800c6f8                vTaskPriorityDisinheritAfterTimeout
 .text.pvTaskIncrementMutexHeldCount
                0x000000000800c804       0x28 ./Middlewares/Third_Party/FreeRTOS/Source/tasks.o
                0x000000000800c804                pvTaskIncrementMutexHeldCount
 .text.prvAddCurrentTaskToDelayedList
                0x000000000800c82c       0xa8 ./Middlewares/Third_Party/FreeRTOS/Source/tasks.o
 .text.xTimerCreateTimerTask
                0x000000000800c8d4       0x94 ./Middlewares/Third_Party/FreeRTOS/Source/timers.o
                0x000000000800c8d4                xTimerCreateTimerTask
 .text.xTimerGenericCommand
                0x000000000800c968       0xa0 ./Middlewares/Third_Party/FreeRTOS/Source/timers.o
                0x000000000800c968                xTimerGenericCommand
 .text.prvProcessExpiredTimer
                0x000000000800ca08       0x9c ./Middlewares/Third_Party/FreeRTOS/Source/timers.o
 .text.prvTimerTask
                0x000000000800caa4       0x24 ./Middlewares/Third_Party/FreeRTOS/Source/timers.o
 .text.prvProcessTimerOrBlockTask
                0x000000000800cac8       0x9c ./Middlewares/Third_Party/FreeRTOS/Source/timers.o
 .text.prvGetNextExpireTime
                0x000000000800cb64       0x48 ./Middlewares/Third_Party/FreeRTOS/Source/timers.o
 .text.prvSampleTimeNow
                0x000000000800cbac       0x40 ./Middlewares/Third_Party/FreeRTOS/Source/timers.o
 .text.prvInsertTimerInActiveList
                0x000000000800cbec       0x84 ./Middlewares/Third_Party/FreeRTOS/Source/timers.o
 .text.prvProcessReceivedCommands
                0x000000000800cc70      0x1d0 ./Middlewares/Third_Party/FreeRTOS/Source/timers.o
 .text.prvSwitchTimerLists
                0x000000000800ce40       0xcc ./Middlewares/Third_Party/FreeRTOS/Source/timers.o
 .text.prvCheckForValidListAndQueue
                0x000000000800cf0c       0x80 ./Middlewares/Third_Party/FreeRTOS/Source/timers.o
 .text.pxPortInitialiseStack
                0x000000000800cf8c       0x68 ./Middlewares/Third_Party/FreeRTOS/Source/portable/GCC/ARM_CM7/r0p1/port.o
                0x000000000800cf8c                pxPortInitialiseStack
 .text.prvTaskExitError
                0x000000000800cff4       0x60 ./Middlewares/Third_Party/FreeRTOS/Source/portable/GCC/ARM_CM7/r0p1/port.o
 *fill*         0x000000000800d054        0xc 
 .text.SVC_Handler
                0x000000000800d060       0x28 ./Middlewares/Third_Party/FreeRTOS/Source/portable/GCC/ARM_CM7/r0p1/port.o
                0x000000000800d060                SVC_Handler
 .text.prvPortStartFirstTask
                0x000000000800d088       0x28 ./Middlewares/Third_Party/FreeRTOS/Source/portable/GCC/ARM_CM7/r0p1/port.o
 .text.xPortStartScheduler
                0x000000000800d0b0       0xfc ./Middlewares/Third_Party/FreeRTOS/Source/portable/GCC/ARM_CM7/r0p1/port.o
                0x000000000800d0b0                xPortStartScheduler
 .text.vPortEnterCritical
                0x000000000800d1ac       0x68 ./Middlewares/Third_Party/FreeRTOS/Source/portable/GCC/ARM_CM7/r0p1/port.o
                0x000000000800d1ac                vPortEnterCritical
 .text.vPortExitCritical
                0x000000000800d214       0x58 ./Middlewares/Third_Party/FreeRTOS/Source/portable/GCC/ARM_CM7/r0p1/port.o
                0x000000000800d214                vPortExitCritical
 *fill*         0x000000000800d26c        0x4 
 .text.PendSV_Handler
                0x000000000800d270       0x68 ./Middlewares/Third_Party/FreeRTOS/Source/portable/GCC/ARM_CM7/r0p1/port.o
                0x000000000800d270                PendSV_Handler
 .text.SysTick_Handler
                0x000000000800d2d8       0x48 ./Middlewares/Third_Party/FreeRTOS/Source/portable/GCC/ARM_CM7/r0p1/port.o
                0x000000000800d2d8                SysTick_Handler
 .text.vPortSetupTimerInterrupt
                0x000000000800d320       0x48 ./Middlewares/Third_Party/FreeRTOS/Source/portable/GCC/ARM_CM7/r0p1/port.o
                0x000000000800d320                vPortSetupTimerInterrupt
 .text.vPortEnableVFP
                0x000000000800d368       0x14 ./Middlewares/Third_Party/FreeRTOS/Source/portable/GCC/ARM_CM7/r0p1/port.o
 .text.vPortValidateInterruptPriority
                0x000000000800d37c       0x88 ./Middlewares/Third_Party/FreeRTOS/Source/portable/GCC/ARM_CM7/r0p1/port.o
                0x000000000800d37c                vPortValidateInterruptPriority
 .text.pvPortMalloc
                0x000000000800d404      0x194 ./Middlewares/Third_Party/FreeRTOS/Source/portable/MemMang/heap_4.o
                0x000000000800d404                pvPortMalloc
 .text.vPortFree
                0x000000000800d598       0xbc ./Middlewares/Third_Party/FreeRTOS/Source/portable/MemMang/heap_4.o
                0x000000000800d598                vPortFree
 .text.prvHeapInit
                0x000000000800d654       0xc4 ./Middlewares/Third_Party/FreeRTOS/Source/portable/MemMang/heap_4.o
 .text.prvInsertBlockIntoFreeList
                0x000000000800d718       0xb4 ./Middlewares/Third_Party/FreeRTOS/Source/portable/MemMang/heap_4.o
 .text.srand    0x000000000800d7cc       0x5c C:/ST/STM32CubeIDE_1.12.1/STM32CubeIDE/plugins/com.st.stm32cube.ide.mcu.externaltools.gnu-tools-for-stm32.11.3.rel1.win32_1.1.1.202309131626/tools/bin/../lib/gcc/arm-none-eabi/11.3.1/../../../../arm-none-eabi/lib/thumb/v7e-m+dp/hard\libc_nano.a(libc_a-rand.o)
                0x000000000800d7cc                srand
 .text.rand     0x000000000800d828       0x7c C:/ST/STM32CubeIDE_1.12.1/STM32CubeIDE/plugins/com.st.stm32cube.ide.mcu.externaltools.gnu-tools-for-stm32.11.3.rel1.win32_1.1.1.202309131626/tools/bin/../lib/gcc/arm-none-eabi/11.3.1/../../../../arm-none-eabi/lib/thumb/v7e-m+dp/hard\libc_nano.a(libc_a-rand.o)
                0x000000000800d828                rand
 .text.std      0x000000000800d8a4       0x6c C:/ST/STM32CubeIDE_1.12.1/STM32CubeIDE/plugins/com.st.stm32cube.ide.mcu.externaltools.gnu-tools-for-stm32.11.3.rel1.win32_1.1.1.202309131626/tools/bin/../lib/gcc/arm-none-eabi/11.3.1/../../../../arm-none-eabi/lib/thumb/v7e-m+dp/hard\libc_nano.a(libc_a-findfp.o)
 .text.stdio_exit_handler
                0x000000000800d910       0x18 C:/ST/STM32CubeIDE_1.12.1/STM32CubeIDE/plugins/com.st.stm32cube.ide.mcu.externaltools.gnu-tools-for-stm32.11.3.rel1.win32_1.1.1.202309131626/tools/bin/../lib/gcc/arm-none-eabi/11.3.1/../../../../arm-none-eabi/lib/thumb/v7e-m+dp/hard\libc_nano.a(libc_a-findfp.o)
 .text.cleanup_stdio
                0x000000000800d928       0x40 C:/ST/STM32CubeIDE_1.12.1/STM32CubeIDE/plugins/com.st.stm32cube.ide.mcu.externaltools.gnu-tools-for-stm32.11.3.rel1.win32_1.1.1.202309131626/tools/bin/../lib/gcc/arm-none-eabi/11.3.1/../../../../arm-none-eabi/lib/thumb/v7e-m+dp/hard\libc_nano.a(libc_a-findfp.o)
 .text.global_stdio_init.part.0
                0x000000000800d968       0x3c C:/ST/STM32CubeIDE_1.12.1/STM32CubeIDE/plugins/com.st.stm32cube.ide.mcu.externaltools.gnu-tools-for-stm32.11.3.rel1.win32_1.1.1.202309131626/tools/bin/../lib/gcc/arm-none-eabi/11.3.1/../../../../arm-none-eabi/lib/thumb/v7e-m+dp/hard\libc_nano.a(libc_a-findfp.o)
 .text.__sfp_lock_acquire
                0x000000000800d9a4        0xc C:/ST/STM32CubeIDE_1.12.1/STM32CubeIDE/plugins/com.st.stm32cube.ide.mcu.externaltools.gnu-tools-for-stm32.11.3.rel1.win32_1.1.1.202309131626/tools/bin/../lib/gcc/arm-none-eabi/11.3.1/../../../../arm-none-eabi/lib/thumb/v7e-m+dp/hard\libc_nano.a(libc_a-findfp.o)
                0x000000000800d9a4                __sfp_lock_acquire
 .text.__sfp_lock_release
                0x000000000800d9b0        0xc C:/ST/STM32CubeIDE_1.12.1/STM32CubeIDE/plugins/com.st.stm32cube.ide.mcu.externaltools.gnu-tools-for-stm32.11.3.rel1.win32_1.1.1.202309131626/tools/bin/../lib/gcc/arm-none-eabi/11.3.1/../../../../arm-none-eabi/lib/thumb/v7e-m+dp/hard\libc_nano.a(libc_a-findfp.o)
                0x000000000800d9b0                __sfp_lock_release
 .text.__sinit  0x000000000800d9bc       0x30 C:/ST/STM32CubeIDE_1.12.1/STM32CubeIDE/plugins/com.st.stm32cube.ide.mcu.externaltools.gnu-tools-for-stm32.11.3.rel1.win32_1.1.1.202309131626/tools/bin/../lib/gcc/arm-none-eabi/11.3.1/../../../../arm-none-eabi/lib/thumb/v7e-m+dp/hard\libc_nano.a(libc_a-findfp.o)
                0x000000000800d9bc                __sinit
 .text._fwalk_sglue
                0x000000000800d9ec       0x3c C:/ST/STM32CubeIDE_1.12.1/STM32CubeIDE/plugins/com.st.stm32cube.ide.mcu.externaltools.gnu-tools-for-stm32.11.3.rel1.win32_1.1.1.202309131626/tools/bin/../lib/gcc/arm-none-eabi/11.3.1/../../../../arm-none-eabi/lib/thumb/v7e-m+dp/hard\libc_nano.a(libc_a-fwalk.o)
                0x000000000800d9ec                _fwalk_sglue
 .text.__sread  0x000000000800da28       0x22 C:/ST/STM32CubeIDE_1.12.1/STM32CubeIDE/plugins/com.st.stm32cube.ide.mcu.externaltools.gnu-tools-for-stm32.11.3.rel1.win32_1.1.1.202309131626/tools/bin/../lib/gcc/arm-none-eabi/11.3.1/../../../../arm-none-eabi/lib/thumb/v7e-m+dp/hard\libc_nano.a(libc_a-stdio.o)
                0x000000000800da28                __sread
 .text.__swrite
                0x000000000800da4a       0x38 C:/ST/STM32CubeIDE_1.12.1/STM32CubeIDE/plugins/com.st.stm32cube.ide.mcu.externaltools.gnu-tools-for-stm32.11.3.rel1.win32_1.1.1.202309131626/tools/bin/../lib/gcc/arm-none-eabi/11.3.1/../../../../arm-none-eabi/lib/thumb/v7e-m+dp/hard\libc_nano.a(libc_a-stdio.o)
                0x000000000800da4a                __swrite
 .text.__sseek  0x000000000800da82       0x24 C:/ST/STM32CubeIDE_1.12.1/STM32CubeIDE/plugins/com.st.stm32cube.ide.mcu.externaltools.gnu-tools-for-stm32.11.3.rel1.win32_1.1.1.202309131626/tools/bin/../lib/gcc/arm-none-eabi/11.3.1/../../../../arm-none-eabi/lib/thumb/v7e-m+dp/hard\libc_nano.a(libc_a-stdio.o)
                0x000000000800da82                __sseek
 .text.__sclose
                0x000000000800daa6        0x8 C:/ST/STM32CubeIDE_1.12.1/STM32CubeIDE/plugins/com.st.stm32cube.ide.mcu.externaltools.gnu-tools-for-stm32.11.3.rel1.win32_1.1.1.202309131626/tools/bin/../lib/gcc/arm-none-eabi/11.3.1/../../../../arm-none-eabi/lib/thumb/v7e-m+dp/hard\libc_nano.a(libc_a-stdio.o)
                0x000000000800daa6                __sclose
 .text.memset   0x000000000800daae       0x10 C:/ST/STM32CubeIDE_1.12.1/STM32CubeIDE/plugins/com.st.stm32cube.ide.mcu.externaltools.gnu-tools-for-stm32.11.3.rel1.win32_1.1.1.202309131626/tools/bin/../lib/gcc/arm-none-eabi/11.3.1/../../../../arm-none-eabi/lib/thumb/v7e-m+dp/hard\libc_nano.a(libc_a-memset.o)
                0x000000000800daae                memset
 *fill*         0x000000000800dabe        0x2 
 .text._close_r
                0x000000000800dac0       0x20 C:/ST/STM32CubeIDE_1.12.1/STM32CubeIDE/plugins/com.st.stm32cube.ide.mcu.externaltools.gnu-tools-for-stm32.11.3.rel1.win32_1.1.1.202309131626/tools/bin/../lib/gcc/arm-none-eabi/11.3.1/../../../../arm-none-eabi/lib/thumb/v7e-m+dp/hard\libc_nano.a(libc_a-closer.o)
                0x000000000800dac0                _close_r
 .text._reclaim_reent
                0x000000000800dae0       0xac C:/ST/STM32CubeIDE_1.12.1/STM32CubeIDE/plugins/com.st.stm32cube.ide.mcu.externaltools.gnu-tools-for-stm32.11.3.rel1.win32_1.1.1.202309131626/tools/bin/../lib/gcc/arm-none-eabi/11.3.1/../../../../arm-none-eabi/lib/thumb/v7e-m+dp/hard\libc_nano.a(libc_a-reent.o)
                0x000000000800dae0                _reclaim_reent
 .text._lseek_r
                0x000000000800db8c       0x24 C:/ST/STM32CubeIDE_1.12.1/STM32CubeIDE/plugins/com.st.stm32cube.ide.mcu.externaltools.gnu-tools-for-stm32.11.3.rel1.win32_1.1.1.202309131626/tools/bin/../lib/gcc/arm-none-eabi/11.3.1/../../../../arm-none-eabi/lib/thumb/v7e-m+dp/hard\libc_nano.a(libc_a-lseekr.o)
                0x000000000800db8c                _lseek_r
 .text._read_r  0x000000000800dbb0       0x24 C:/ST/STM32CubeIDE_1.12.1/STM32CubeIDE/plugins/com.st.stm32cube.ide.mcu.externaltools.gnu-tools-for-stm32.11.3.rel1.win32_1.1.1.202309131626/tools/bin/../lib/gcc/arm-none-eabi/11.3.1/../../../../arm-none-eabi/lib/thumb/v7e-m+dp/hard\libc_nano.a(libc_a-readr.o)
                0x000000000800dbb0                _read_r
 .text._write_r
                0x000000000800dbd4       0x24 C:/ST/STM32CubeIDE_1.12.1/STM32CubeIDE/plugins/com.st.stm32cube.ide.mcu.externaltools.gnu-tools-for-stm32.11.3.rel1.win32_1.1.1.202309131626/tools/bin/../lib/gcc/arm-none-eabi/11.3.1/../../../../arm-none-eabi/lib/thumb/v7e-m+dp/hard\libc_nano.a(libc_a-writer.o)
                0x000000000800dbd4                _write_r
 .text.__errno  0x000000000800dbf8        0xc C:/ST/STM32CubeIDE_1.12.1/STM32CubeIDE/plugins/com.st.stm32cube.ide.mcu.externaltools.gnu-tools-for-stm32.11.3.rel1.win32_1.1.1.202309131626/tools/bin/../lib/gcc/arm-none-eabi/11.3.1/../../../../arm-none-eabi/lib/thumb/v7e-m+dp/hard\libc_nano.a(libc_a-errno.o)
                0x000000000800dbf8                __errno
 .text.__libc_init_array
                0x000000000800dc04       0x48 C:/ST/STM32CubeIDE_1.12.1/STM32CubeIDE/plugins/com.st.stm32cube.ide.mcu.externaltools.gnu-tools-for-stm32.11.3.rel1.win32_1.1.1.202309131626/tools/bin/../lib/gcc/arm-none-eabi/11.3.1/../../../../arm-none-eabi/lib/thumb/v7e-m+dp/hard\libc_nano.a(libc_a-init.o)
                0x000000000800dc04                __libc_init_array
 .text.__retarget_lock_init_recursive
                0x000000000800dc4c        0x2 C:/ST/STM32CubeIDE_1.12.1/STM32CubeIDE/plugins/com.st.stm32cube.ide.mcu.externaltools.gnu-tools-for-stm32.11.3.rel1.win32_1.1.1.202309131626/tools/bin/../lib/gcc/arm-none-eabi/11.3.1/../../../../arm-none-eabi/lib/thumb/v7e-m+dp/hard\libc_nano.a(libc_a-lock.o)
                0x000000000800dc4c                __retarget_lock_init_recursive
 .text.__retarget_lock_acquire_recursive
                0x000000000800dc4e        0x2 C:/ST/STM32CubeIDE_1.12.1/STM32CubeIDE/plugins/com.st.stm32cube.ide.mcu.externaltools.gnu-tools-for-stm32.11.3.rel1.win32_1.1.1.202309131626/tools/bin/../lib/gcc/arm-none-eabi/11.3.1/../../../../arm-none-eabi/lib/thumb/v7e-m+dp/hard\libc_nano.a(libc_a-lock.o)
                0x000000000800dc4e                __retarget_lock_acquire_recursive
 .text.__retarget_lock_release_recursive
                0x000000000800dc50        0x2 C:/ST/STM32CubeIDE_1.12.1/STM32CubeIDE/plugins/com.st.stm32cube.ide.mcu.externaltools.gnu-tools-for-stm32.11.3.rel1.win32_1.1.1.202309131626/tools/bin/../lib/gcc/arm-none-eabi/11.3.1/../../../../arm-none-eabi/lib/thumb/v7e-m+dp/hard\libc_nano.a(libc_a-lock.o)
                0x000000000800dc50                __retarget_lock_release_recursive
 .text.memcpy   0x000000000800dc52       0x1c C:/ST/STM32CubeIDE_1.12.1/STM32CubeIDE/plugins/com.st.stm32cube.ide.mcu.externaltools.gnu-tools-for-stm32.11.3.rel1.win32_1.1.1.202309131626/tools/bin/../lib/gcc/arm-none-eabi/11.3.1/../../../../arm-none-eabi/lib/thumb/v7e-m+dp/hard\libc_nano.a(libc_a-memcpy-stub.o)
                0x000000000800dc52                memcpy
 *fill*         0x000000000800dc6e        0x2 
 .text.__assert_func
                0x000000000800dc70       0x3c C:/ST/STM32CubeIDE_1.12.1/STM32CubeIDE/plugins/com.st.stm32cube.ide.mcu.externaltools.gnu-tools-for-stm32.11.3.rel1.win32_1.1.1.202309131626/tools/bin/../lib/gcc/arm-none-eabi/11.3.1/../../../../arm-none-eabi/lib/thumb/v7e-m+dp/hard\libc_nano.a(libc_a-assert.o)
                0x000000000800dc70                __assert_func
 .text._free_r  0x000000000800dcac       0x98 C:/ST/STM32CubeIDE_1.12.1/STM32CubeIDE/plugins/com.st.stm32cube.ide.mcu.externaltools.gnu-tools-for-stm32.11.3.rel1.win32_1.1.1.202309131626/tools/bin/../lib/gcc/arm-none-eabi/11.3.1/../../../../arm-none-eabi/lib/thumb/v7e-m+dp/hard\libc_nano.a(libc_a-freer.o)
                0x000000000800dcac                _free_r
 .text.malloc   0x000000000800dd44       0x10 C:/ST/STM32CubeIDE_1.12.1/STM32CubeIDE/plugins/com.st.stm32cube.ide.mcu.externaltools.gnu-tools-for-stm32.11.3.rel1.win32_1.1.1.202309131626/tools/bin/../lib/gcc/arm-none-eabi/11.3.1/../../../../arm-none-eabi/lib/thumb/v7e-m+dp/hard\libc_nano.a(libc_a-malloc.o)
                0x000000000800dd44                malloc
 .text.sbrk_aligned
                0x000000000800dd54       0x40 C:/ST/STM32CubeIDE_1.12.1/STM32CubeIDE/plugins/com.st.stm32cube.ide.mcu.externaltools.gnu-tools-for-stm32.11.3.rel1.win32_1.1.1.202309131626/tools/bin/../lib/gcc/arm-none-eabi/11.3.1/../../../../arm-none-eabi/lib/thumb/v7e-m+dp/hard\libc_nano.a(libc_a-mallocr.o)
 .text._malloc_r
                0x000000000800dd94      0x100 C:/ST/STM32CubeIDE_1.12.1/STM32CubeIDE/plugins/com.st.stm32cube.ide.mcu.externaltools.gnu-tools-for-stm32.11.3.rel1.win32_1.1.1.202309131626/tools/bin/../lib/gcc/arm-none-eabi/11.3.1/../../../../arm-none-eabi/lib/thumb/v7e-m+dp/hard\libc_nano.a(libc_a-mallocr.o)
                0x000000000800dd94                _malloc_r
 .text.__malloc_lock
                0x000000000800de94        0xc C:/ST/STM32CubeIDE_1.12.1/STM32CubeIDE/plugins/com.st.stm32cube.ide.mcu.externaltools.gnu-tools-for-stm32.11.3.rel1.win32_1.1.1.202309131626/tools/bin/../lib/gcc/arm-none-eabi/11.3.1/../../../../arm-none-eabi/lib/thumb/v7e-m+dp/hard\libc_nano.a(libc_a-mlock.o)
                0x000000000800de94                __malloc_lock
 .text.__malloc_unlock
                0x000000000800dea0        0xc C:/ST/STM32CubeIDE_1.12.1/STM32CubeIDE/plugins/com.st.stm32cube.ide.mcu.externaltools.gnu-tools-for-stm32.11.3.rel1.win32_1.1.1.202309131626/tools/bin/../lib/gcc/arm-none-eabi/11.3.1/../../../../arm-none-eabi/lib/thumb/v7e-m+dp/hard\libc_nano.a(libc_a-mlock.o)
                0x000000000800dea0                __malloc_unlock
 .text.__sflush_r
                0x000000000800deac      0x10c C:/ST/STM32CubeIDE_1.12.1/STM32CubeIDE/plugins/com.st.stm32cube.ide.mcu.externaltools.gnu-tools-for-stm32.11.3.rel1.win32_1.1.1.202309131626/tools/bin/../lib/gcc/arm-none-eabi/11.3.1/../../../../arm-none-eabi/lib/thumb/v7e-m+dp/hard\libc_nano.a(libc_a-fflush.o)
                0x000000000800deac                __sflush_r
 .text._fflush_r
                0x000000000800dfb8       0x50 C:/ST/STM32CubeIDE_1.12.1/STM32CubeIDE/plugins/com.st.stm32cube.ide.mcu.externaltools.gnu-tools-for-stm32.11.3.rel1.win32_1.1.1.202309131626/tools/bin/../lib/gcc/arm-none-eabi/11.3.1/../../../../arm-none-eabi/lib/thumb/v7e-m+dp/hard\libc_nano.a(libc_a-fflush.o)
                0x000000000800dfb8                _fflush_r
 .text.fprintf  0x000000000800e008       0x24 C:/ST/STM32CubeIDE_1.12.1/STM32CubeIDE/plugins/com.st.stm32cube.ide.mcu.externaltools.gnu-tools-for-stm32.11.3.rel1.win32_1.1.1.202309131626/tools/bin/../lib/gcc/arm-none-eabi/11.3.1/../../../../arm-none-eabi/lib/thumb/v7e-m+dp/hard\libc_nano.a(libc_a-fprintf.o)
                0x000000000800e008                fiprintf
                0x000000000800e008                fprintf
 .text._sbrk_r  0x000000000800e02c       0x20 C:/ST/STM32CubeIDE_1.12.1/STM32CubeIDE/plugins/com.st.stm32cube.ide.mcu.externaltools.gnu-tools-for-stm32.11.3.rel1.win32_1.1.1.202309131626/tools/bin/../lib/gcc/arm-none-eabi/11.3.1/../../../../arm-none-eabi/lib/thumb/v7e-m+dp/hard\libc_nano.a(libc_a-sbrkr.o)
                0x000000000800e02c                _sbrk_r
 .text.abort    0x000000000800e04c        0xe C:/ST/STM32CubeIDE_1.12.1/STM32CubeIDE/plugins/com.st.stm32cube.ide.mcu.externaltools.gnu-tools-for-stm32.11.3.rel1.win32_1.1.1.202309131626/tools/bin/../lib/gcc/arm-none-eabi/11.3.1/../../../../arm-none-eabi/lib/thumb/v7e-m+dp/hard\libc_nano.a(libc_a-abort.o)
                0x000000000800e04c                abort
 .text.__sfputc_r
                0x000000000800e05a       0x2e C:/ST/STM32CubeIDE_1.12.1/STM32CubeIDE/plugins/com.st.stm32cube.ide.mcu.externaltools.gnu-tools-for-stm32.11.3.rel1.win32_1.1.1.202309131626/tools/bin/../lib/gcc/arm-none-eabi/11.3.1/../../../../arm-none-eabi/lib/thumb/v7e-m+dp/hard\libc_nano.a(libc_a-nano-vfprintf.o)
 .text.__sfputs_r
                0x000000000800e088       0x24 C:/ST/STM32CubeIDE_1.12.1/STM32CubeIDE/plugins/com.st.stm32cube.ide.mcu.externaltools.gnu-tools-for-stm32.11.3.rel1.win32_1.1.1.202309131626/tools/bin/../lib/gcc/arm-none-eabi/11.3.1/../../../../arm-none-eabi/lib/thumb/v7e-m+dp/hard\libc_nano.a(libc_a-nano-vfprintf.o)
                0x000000000800e088                __sfputs_r
 .text._vfprintf_r
                0x000000000800e0ac      0x234 C:/ST/STM32CubeIDE_1.12.1/STM32CubeIDE/plugins/com.st.stm32cube.ide.mcu.externaltools.gnu-tools-for-stm32.11.3.rel1.win32_1.1.1.202309131626/tools/bin/../lib/gcc/arm-none-eabi/11.3.1/../../../../arm-none-eabi/lib/thumb/v7e-m+dp/hard\libc_nano.a(libc_a-nano-vfprintf.o)
                0x000000000800e0ac                _vfprintf_r
                0x000000000800e0ac                _vfiprintf_r
 .text._printf_common
                0x000000000800e2e0       0xda C:/ST/STM32CubeIDE_1.12.1/STM32CubeIDE/plugins/com.st.stm32cube.ide.mcu.externaltools.gnu-tools-for-stm32.11.3.rel1.win32_1.1.1.202309131626/tools/bin/../lib/gcc/arm-none-eabi/11.3.1/../../../../arm-none-eabi/lib/thumb/v7e-m+dp/hard\libc_nano.a(libc_a-nano-vfprintf_i.o)
                0x000000000800e2e0                _printf_common
 *fill*         0x000000000800e3ba        0x2 
 .text._printf_i
                0x000000000800e3bc      0x244 C:/ST/STM32CubeIDE_1.12.1/STM32CubeIDE/plugins/com.st.stm32cube.ide.mcu.externaltools.gnu-tools-for-stm32.11.3.rel1.win32_1.1.1.202309131626/tools/bin/../lib/gcc/arm-none-eabi/11.3.1/../../../../arm-none-eabi/lib/thumb/v7e-m+dp/hard\libc_nano.a(libc_a-nano-vfprintf_i.o)
                0x000000000800e3bc                _printf_i
 .text.__swbuf_r
                0x000000000800e600       0x7a C:/ST/STM32CubeIDE_1.12.1/STM32CubeIDE/plugins/com.st.stm32cube.ide.mcu.externaltools.gnu-tools-for-stm32.11.3.rel1.win32_1.1.1.202309131626/tools/bin/../lib/gcc/arm-none-eabi/11.3.1/../../../../arm-none-eabi/lib/thumb/v7e-m+dp/hard\libc_nano.a(libc_a-wbuf.o)
                0x000000000800e600                __swbuf_r
 *fill*         0x000000000800e67a        0x2 
 .text.__swsetup_r
                0x000000000800e67c       0xb0 C:/ST/STM32CubeIDE_1.12.1/STM32CubeIDE/plugins/com.st.stm32cube.ide.mcu.externaltools.gnu-tools-for-stm32.11.3.rel1.win32_1.1.1.202309131626/tools/bin/../lib/gcc/arm-none-eabi/11.3.1/../../../../arm-none-eabi/lib/thumb/v7e-m+dp/hard\libc_nano.a(libc_a-wsetup.o)
                0x000000000800e67c                __swsetup_r
 .text._raise_r
                0x000000000800e72c       0x50 C:/ST/STM32CubeIDE_1.12.1/STM32CubeIDE/plugins/com.st.stm32cube.ide.mcu.externaltools.gnu-tools-for-stm32.11.3.rel1.win32_1.1.1.202309131626/tools/bin/../lib/gcc/arm-none-eabi/11.3.1/../../../../arm-none-eabi/lib/thumb/v7e-m+dp/hard\libc_nano.a(libc_a-signal.o)
                0x000000000800e72c                _raise_r
 .text.raise    0x000000000800e77c       0x10 C:/ST/STM32CubeIDE_1.12.1/STM32CubeIDE/plugins/com.st.stm32cube.ide.mcu.externaltools.gnu-tools-for-stm32.11.3.rel1.win32_1.1.1.202309131626/tools/bin/../lib/gcc/arm-none-eabi/11.3.1/../../../../arm-none-eabi/lib/thumb/v7e-m+dp/hard\libc_nano.a(libc_a-signal.o)
                0x000000000800e77c                raise
 .text._kill_r  0x000000000800e78c       0x24 C:/ST/STM32CubeIDE_1.12.1/STM32CubeIDE/plugins/com.st.stm32cube.ide.mcu.externaltools.gnu-tools-for-stm32.11.3.rel1.win32_1.1.1.202309131626/tools/bin/../lib/gcc/arm-none-eabi/11.3.1/../../../../arm-none-eabi/lib/thumb/v7e-m+dp/hard\libc_nano.a(libc_a-signalr.o)
                0x000000000800e78c                _kill_r
 .text._getpid_r
                0x000000000800e7b0        0x4 C:/ST/STM32CubeIDE_1.12.1/STM32CubeIDE/plugins/com.st.stm32cube.ide.mcu.externaltools.gnu-tools-for-stm32.11.3.rel1.win32_1.1.1.202309131626/tools/bin/../lib/gcc/arm-none-eabi/11.3.1/../../../../arm-none-eabi/lib/thumb/v7e-m+dp/hard\libc_nano.a(libc_a-signalr.o)
                0x000000000800e7b0                _getpid_r
 .text.__swhatbuf_r
                0x000000000800e7b4       0x4c C:/ST/STM32CubeIDE_1.12.1/STM32CubeIDE/plugins/com.st.stm32cube.ide.mcu.externaltools.gnu-tools-for-stm32.11.3.rel1.win32_1.1.1.202309131626/tools/bin/../lib/gcc/arm-none-eabi/11.3.1/../../../../arm-none-eabi/lib/thumb/v7e-m+dp/hard\libc_nano.a(libc_a-makebuf.o)
                0x000000000800e7b4                __swhatbuf_r
 .text.__smakebuf_r
                0x000000000800e800       0x78 C:/ST/STM32CubeIDE_1.12.1/STM32CubeIDE/plugins/com.st.stm32cube.ide.mcu.externaltools.gnu-tools-for-stm32.11.3.rel1.win32_1.1.1.202309131626/tools/bin/../lib/gcc/arm-none-eabi/11.3.1/../../../../arm-none-eabi/lib/thumb/v7e-m+dp/hard\libc_nano.a(libc_a-makebuf.o)
                0x000000000800e800                __smakebuf_r
 .text._fstat_r
                0x000000000800e878       0x24 C:/ST/STM32CubeIDE_1.12.1/STM32CubeIDE/plugins/com.st.stm32cube.ide.mcu.externaltools.gnu-tools-for-stm32.11.3.rel1.win32_1.1.1.202309131626/tools/bin/../lib/gcc/arm-none-eabi/11.3.1/../../../../arm-none-eabi/lib/thumb/v7e-m+dp/hard\libc_nano.a(libc_a-fstatr.o)
                0x000000000800e878                _fstat_r
 .text._isatty_r
                0x000000000800e89c       0x20 C:/ST/STM32CubeIDE_1.12.1/STM32CubeIDE/plugins/com.st.stm32cube.ide.mcu.externaltools.gnu-tools-for-stm32.11.3.rel1.win32_1.1.1.202309131626/tools/bin/../lib/gcc/arm-none-eabi/11.3.1/../../../../arm-none-eabi/lib/thumb/v7e-m+dp/hard\libc_nano.a(libc_a-isattyr.o)
                0x000000000800e89c                _isatty_r
 .text._sbrk    0x000000000800e8bc       0x1c C:/ST/STM32CubeIDE_1.12.1/STM32CubeIDE/plugins/com.st.stm32cube.ide.mcu.externaltools.gnu-tools-for-stm32.11.3.rel1.win32_1.1.1.202309131626/tools/bin/../lib/gcc/arm-none-eabi/11.3.1/../../../../arm-none-eabi/lib/thumb/v7e-m+dp/hard\libnosys.a(sbrk.o)
                0x000000000800e8bc                _sbrk
 *(.glue_7)
 .glue_7        0x000000000800e8d8        0x0 linker stubs
 *(.glue_7t)
 .glue_7t       0x000000000800e8d8        0x0 linker stubs
 *(.eh_frame)
 .eh_frame      0x000000000800e8d8        0x0 C:/ST/STM32CubeIDE_1.12.1/STM32CubeIDE/plugins/com.st.stm32cube.ide.mcu.externaltools.gnu-tools-for-stm32.11.3.rel1.win32_1.1.1.202309131626/tools/bin/../lib/gcc/arm-none-eabi/11.3.1/thumb/v7e-m+dp/hard/crtbegin.o
 *(.init)
 .init          0x000000000800e8d8        0x4 C:/ST/STM32CubeIDE_1.12.1/STM32CubeIDE/plugins/com.st.stm32cube.ide.mcu.externaltools.gnu-tools-for-stm32.11.3.rel1.win32_1.1.1.202309131626/tools/bin/../lib/gcc/arm-none-eabi/11.3.1/thumb/v7e-m+dp/hard/crti.o
                0x000000000800e8d8                _init
 .init          0x000000000800e8dc        0x8 C:/ST/STM32CubeIDE_1.12.1/STM32CubeIDE/plugins/com.st.stm32cube.ide.mcu.externaltools.gnu-tools-for-stm32.11.3.rel1.win32_1.1.1.202309131626/tools/bin/../lib/gcc/arm-none-eabi/11.3.1/thumb/v7e-m+dp/hard/crtn.o
 *(.fini)
 .fini          0x000000000800e8e4        0x4 C:/ST/STM32CubeIDE_1.12.1/STM32CubeIDE/plugins/com.st.stm32cube.ide.mcu.externaltools.gnu-tools-for-stm32.11.3.rel1.win32_1.1.1.202309131626/tools/bin/../lib/gcc/arm-none-eabi/11.3.1/thumb/v7e-m+dp/hard/crti.o
                0x000000000800e8e4                _fini
 .fini          0x000000000800e8e8        0x8 C:/ST/STM32CubeIDE_1.12.1/STM32CubeIDE/plugins/com.st.stm32cube.ide.mcu.externaltools.gnu-tools-for-stm32.11.3.rel1.win32_1.1.1.202309131626/tools/bin/../lib/gcc/arm-none-eabi/11.3.1/thumb/v7e-m+dp/hard/crtn.o
                0x000000000800e8f0                . = ALIGN (0x4)
                0x000000000800e8f0                _etext = .

.vfp11_veneer   0x000000000800e8f0        0x0
 .vfp11_veneer  0x000000000800e8f0        0x0 linker stubs

.v4_bx          0x000000000800e8f0        0x0
 .v4_bx         0x000000000800e8f0        0x0 linker stubs

.iplt           0x000000000800e8f0        0x0
 .iplt          0x000000000800e8f0        0x0 C:/ST/STM32CubeIDE_1.12.1/STM32CubeIDE/plugins/com.st.stm32cube.ide.mcu.externaltools.gnu-tools-for-stm32.11.3.rel1.win32_1.1.1.202309131626/tools/bin/../lib/gcc/arm-none-eabi/11.3.1/thumb/v7e-m+dp/hard/crtbegin.o

.rodata         0x000000000800e8f0     0x1e3c
                0x000000000800e8f0                . = ALIGN (0x4)
 *(.rodata)
 .rodata        0x000000000800e8f0        0xc ./Core/Src/freertos.o
 .rodata        0x000000000800e8fc       0x2d ./Core/Src/user_task.o
 *fill*         0x000000000800e929        0x3 
 .rodata        0x000000000800e92c        0x5 ./Middlewares/Third_Party/FreeRTOS/Source/tasks.o
 *fill*         0x000000000800e931        0x3 
 .rodata        0x000000000800e934        0xd ./Middlewares/Third_Party/FreeRTOS/Source/timers.o
 *(.rodata*)
 *fill*         0x000000000800e941        0x3 
 .rodata.lcdRegData1
                0x000000000800e944        0x4 ./Core/Src/Components/otm8009a/otm8009a.o
                0x000000000800e944                lcdRegData1
 .rodata.lcdRegData2
                0x000000000800e948        0x3 ./Core/Src/Components/otm8009a/otm8009a.o
                0x000000000800e948                lcdRegData2
 *fill*         0x000000000800e94b        0x1 
 .rodata.lcdRegData3
                0x000000000800e94c       0x11 ./Core/Src/Components/otm8009a/otm8009a.o
                0x000000000800e94c                lcdRegData3
 *fill*         0x000000000800e95d        0x3 
 .rodata.lcdRegData4
                0x000000000800e960       0x11 ./Core/Src/Components/otm8009a/otm8009a.o
                0x000000000800e960                lcdRegData4
 *fill*         0x000000000800e971        0x3 
 .rodata.lcdRegData5
                0x000000000800e974        0x3 ./Core/Src/Components/otm8009a/otm8009a.o
                0x000000000800e974                lcdRegData5
 *fill*         0x000000000800e977        0x1 
 .rodata.lcdRegData6
                0x000000000800e978        0x3 ./Core/Src/Components/otm8009a/otm8009a.o
                0x000000000800e978                lcdRegData6
 *fill*         0x000000000800e97b        0x1 
 .rodata.lcdRegData7
                0x000000000800e97c        0x7 ./Core/Src/Components/otm8009a/otm8009a.o
                0x000000000800e97c                lcdRegData7
 *fill*         0x000000000800e983        0x1 
 .rodata.lcdRegData8
                0x000000000800e984        0xf ./Core/Src/Components/otm8009a/otm8009a.o
                0x000000000800e984                lcdRegData8
 *fill*         0x000000000800e993        0x1 
 .rodata.lcdRegData9
                0x000000000800e994        0xf ./Core/Src/Components/otm8009a/otm8009a.o
                0x000000000800e994                lcdRegData9
 *fill*         0x000000000800e9a3        0x1 
 .rodata.lcdRegData10
                0x000000000800e9a4        0xb ./Core/Src/Components/otm8009a/otm8009a.o
                0x000000000800e9a4                lcdRegData10