Archive member included to satisfy reference by file (symbol)

C:/ST/STM32CubeIDE_1.12.1/STM32CubeIDE/plugins/com.st.stm32cube.ide.mcu.externaltools.gnu-tools-for-stm32.11.3.rel1.win32_1.1.1.202309131626/tools/bin/../lib/gcc/arm-none-eabi/11.3.1/../../../../arm-none-eabi/lib/thumb/v7e-m+dp/hard\libc_nano.a(libc_a-exit.o)
                              C:/ST/STM32CubeIDE_1.12.1/STM32CubeIDE/plugins/com.st.stm32cube.ide.mcu.externaltools.gnu-tools-for-stm32.11.3.rel1.win32_1.1.1.202309131626/tools/bin/../lib/gcc/arm-none-eabi/11.3.1/../../../../arm-none-eabi/lib/thumb/v7e-m+dp/hard/crt0.o (exit)
C:/ST/STM32CubeIDE_1.12.1/STM32CubeIDE/plugins/com.st.stm32cube.ide.mcu.externaltools.gnu-tools-for-stm32.11.3.rel1.win32_1.1.1.202309131626/tools/bin/../lib/gcc/arm-none-eabi/11.3.1/../../../../arm-none-eabi/lib/thumb/v7e-m+dp/hard\libc_nano.a(libc_a-rand.o)
                              ./Core/Src/fruits.o (srand)
C:/ST/STM32CubeIDE_1.12.1/STM32CubeIDE/plugins/com.st.stm32cube.ide.mcu.externaltools.gnu-tools-for-stm32.11.3.rel1.win32_1.1.1.202309131626/tools/bin/../lib/gcc/arm-none-eabi/11.3.1/../../../../arm-none-eabi/lib/thumb/v7e-m+dp/hard\libc_nano.a(libc_a-findfp.o)
                              ./Middlewares/Third_Party/FreeRTOS/Source/tasks.o (__sf)
C:/ST/STM32CubeIDE_1.12.1/STM32CubeIDE/plugins/com.st.stm32cube.ide.mcu.externaltools.gnu-tools-for-stm32.11.3.rel1.win32_1.1.1.202309131626/tools/bin/../lib/gcc/arm-none-eabi/11.3.1/../../../../arm-none-eabi/lib/thumb/v7e-m+dp/hard\libc_nano.a(libc_a-fwalk.o)
                              C:/ST/STM32CubeIDE_1.12.1/STM32CubeIDE/plugins/com.st.stm32cube.ide.mcu.externaltools.gnu-tools-for-stm32.11.3.rel1.win32_1.1.1.202309131626/tools/bin/../lib/gcc/arm-none-eabi/11.3.1/../../../../arm-none-eabi/lib/thumb/v7e-m+dp/hard\libc_nano.a(libc_a-findfp.o) (_fwalk_sglue)
C:/ST/STM32CubeIDE_1.12.1/STM32CubeIDE/plugins/com.st.stm32cube.ide.mcu.externaltools.gnu-tools-for-stm32.11.3.rel1.win32_1.1.1.202309131626/tools/bin/../lib/gcc/arm-none-eabi/11.3.1/../../../../arm-none-eabi/lib/thumb/v7e-m+dp/hard\libc_nano.a(libc_a-sprintf.o)
                              ./Core/Src/game_graphics.o (sprintf)
C:/ST/STM32CubeIDE_1.12.1/STM32CubeIDE/plugins/com.st.stm32cube.ide.mcu.externaltools.gnu-tools-for-stm32.11.3.rel1.win32_1.1.1.202309131626/tools/bin/../lib/gcc/arm-none-eabi/11.3.1/../../../../arm-none-eabi/lib/thumb/v7e-m+dp/hard\libc_nano.a(libc_a-stdio.o)
                              C:/ST/STM32CubeIDE_1.12.1/STM32CubeIDE/plugins/com.st.stm32cube.ide.mcu.externaltools.gnu-tools-for-stm32.11.3.rel1.win32_1.1.1.202309131626/tools/bin/../lib/gcc/arm-none-eabi/11.3.1/../../../../arm-none-eabi/lib/thumb/v7e-m+dp/hard\libc_nano.a(libc_a-findfp.o) (__sread)
C:/ST/STM32CubeIDE_1.12.1/STM32CubeIDE/plugins/com.st.stm32cube.ide.mcu.externaltools.gnu-tools-for-stm32.11.3.rel1.win32_1.1.1.202309131626/tools/bin/../lib/gcc/arm-none-eabi/11.3.1/../../../../arm-none-eabi/lib/thumb/v7e-m+dp/hard\libc_nano.a(libc_a-memset.o)
                              C:/ST/STM32CubeIDE_1.12.1/STM32CubeIDE/plugins/com.st.stm32cube.ide.mcu.externaltools.gnu-tools-for-stm32.11.3.rel1.win32_1.1.1.202309131626/tools/bin/../lib/gcc/arm-none-eabi/11.3.1/../../../../arm-none-eabi/lib/thumb/v7e-m+dp/hard/crt0.o (memset)
C:/ST/STM32CubeIDE_1.12.1/STM32CubeIDE/plugins/com.st.stm32cube.ide.mcu.externaltools.gnu-tools-for-stm32.11.3.rel1.win32_1.1.1.202309131626/tools/bin/../lib/gcc/arm-none-eabi/11.3.1/../../../../arm-none-eabi/lib/thumb/v7e-m+dp/hard\libc_nano.a(libc_a-closer.o)
                              C:/ST/STM32CubeIDE_1.12.1/STM32CubeIDE/plugins/com.st.stm32cube.ide.mcu.externaltools.gnu-tools-for-stm32.11.3.rel1.win32_1.1.1.202309131626/tools/bin/../lib/gcc/arm-none-eabi/11.3.1/../../../../arm-none-eabi/lib/thumb/v7e-m+dp/hard\libc_nano.a(libc_a-stdio.o) (_close_r)
C:/ST/STM32CubeIDE_1.12.1/STM32CubeIDE/plugins/com.st.stm32cube.ide.mcu.externaltools.gnu-tools-for-stm32.11.3.rel1.win32_1.1.1.202309131626/tools/bin/../lib/gcc/arm-none-eabi/11.3.1/../../../../arm-none-eabi/lib/thumb/v7e-m+dp/hard\libc_nano.a(libc_a-reent.o)
                              ./Middlewares/Third_Party/FreeRTOS/Source/tasks.o (_reclaim_reent)
C:/ST/STM32CubeIDE_1.12.1/STM32CubeIDE/plugins/com.st.stm32cube.ide.mcu.externaltools.gnu-tools-for-stm32.11.3.rel1.win32_1.1.1.202309131626/tools/bin/../lib/gcc/arm-none-eabi/11.3.1/../../../../arm-none-eabi/lib/thumb/v7e-m+dp/hard\libc_nano.a(libc_a-impure.o)
                              ./Middlewares/Third_Party/FreeRTOS/Source/tasks.o (_impure_ptr)
C:/ST/STM32CubeIDE_1.12.1/STM32CubeIDE/plugins/com.st.stm32cube.ide.mcu.externaltools.gnu-tools-for-stm32.11.3.rel1.win32_1.1.1.202309131626/tools/bin/../lib/gcc/arm-none-eabi/11.3.1/../../../../arm-none-eabi/lib/thumb/v7e-m+dp/hard\libc_nano.a(libc_a-lseekr.o)
[...]
Memory Configuration

Name             Origin             Length             Attributes
RAM              0x0000000020000000 0x0000000000080000 xrw
FLASH            0x0000000008000000 0x0000000000200000 xr
*default*        0x0000000000000000 0xffffffffffffffff

Linker script and memory map

LOAD C:/ST/STM32CubeIDE_1.12.1/STM32CubeIDE/plugins/com.st.stm32cube.ide.mcu.externaltools.gnu-tools-for-stm32.11.3.rel1.win32_1.1.1.202309131626/tools/bin/../lib/gcc/arm-none-eabi/11.3.1/thumb/v7e-m+dp/hard/crti.o
LOAD C:/ST/STM32CubeIDE_1.12.1/STM32CubeIDE/plugins/com.st.stm32cube.ide.mcu.externaltools.gnu-tools-for-stm32.11.3.rel1.win32_1.1.1.202309131626/tools/bin/../lib/gcc/arm-none-eabi/11.3.1/thumb/v7e-m+dp/hard/crtbegin.o
LOAD C:/ST/STM32CubeIDE_1.12.1/STM32CubeIDE/plugins/com.st.stm32cube.ide.mcu.externaltools.gnu-tools-for-stm32.11.3.rel1.win32_1.1.1.202309131626/tools/bin/../lib/gcc/arm-none-eabi/11.3.1/../../../../arm-none-eabi/lib/thumb/v7e-m+dp/hard/crt0.o
LOAD ./Core/Src/BSP/stm32f769i_discovery_lcd.o
LOAD ./Core/Src/BSP/stm32f769i_discovery_ts.o
LOAD ./Core/Src/Components/adv7533/adv7533.o
LOAD ./Core/Src/Components/ft6x06/ft6x06.o
LOAD ./Core/Src/Components/otm8009a/otm8009a.o
LOAD ./Core/Src/Fonts/font12.o
LOAD ./Core/Src/Fonts/font16.o
LOAD ./Core/Src/Fonts/font20.o
LOAD ./Core/Src/Fonts/font24.o
LOAD ./Core/Src/Fonts/font8.o
LOAD ./Core/Src/Log/lcd_log.o
LOAD ./Core/Src/dma2d.o
LOAD ./Core/Src/dsihost.o
LOAD ./Core/Src/fmc.o
LOAD ./Core/Src/freertos.o
LOAD ./Core/Src/fruits.o
LOAD ./Core/Src/game_graphics.o
LOAD ./Core/Src/gpio.o
LOAD ./Core/Src/i2c.o
LOAD ./Core/Src/ltdc.o
LOAD ./Core/Src/main.o
LOAD ./Core/Src/stm32f7xx_hal_msp.o
LOAD ./Core/Src/stm32f7xx_hal_timebase_tim.o
LOAD ./Core/Src/stm32f7xx_it.o
LOAD ./Core/Src/syscalls.o
LOAD ./Core/Src/system_stm32f7xx.o
LOAD ./Core/Src/tim.o
LOAD ./Core/Src/usart.o
LOAD ./Core/Src/user_task.o
LOAD ./Core/Startup/startup_stm32f769nihx.o
LOAD ./Drivers/STM32F7xx_HAL_Driver/Src/stm32f7xx_hal.o
LOAD ./Drivers/STM32F7xx_HAL_Driver/Src/stm32f7xx_hal_cortex.o
LOAD ./Drivers/STM32F7xx_HAL_Driver/Src/stm32f7xx_hal_dma.o
LOAD ./Drivers/STM32F7xx_HAL_Driver/Src/stm32f7xx_hal_dma2d.o
LOAD ./Drivers/STM32F7xx_HAL_Driver/Src/stm32f7xx_hal_dma_ex.o
LOAD ./Drivers/STM32F7xx_HAL_Driver/Src/stm32f7xx_hal_dsi.o
LOAD ./Drivers/STM32F7xx_HAL_Driver/Src/stm32f7xx_hal_exti.o
LOAD ./Drivers/STM32F7xx_HAL_Driver/Src/stm32f7xx_hal_flash.o
LOAD ./Drivers/STM32F7xx_HAL_Driver/Src/stm32f7xx_hal_flash_ex.o
LOAD ./Drivers/STM32F7xx_HAL_Driver/Src/stm32f7xx_hal_gpio.o
LOAD ./Drivers/STM32F7xx_HAL_Driver/Src/stm32f7xx_hal_i2c.o
LOAD ./Drivers/STM32F7xx_HAL_Driver/Src/stm32f7xx_hal_i2c_ex.o
LOAD ./Drivers/STM32F7xx_HAL_Driver/Src/stm32f7xx_hal_ltdc.o
LOAD ./Drivers/STM32F7xx_HAL_Driver/Src/stm32f7xx_hal_ltdc_ex.o
LOAD ./Drivers/STM32F7xx_HAL_Driver/Src/stm32f7xx_hal_pwr.o
LOAD ./Drivers/STM32F7xx_HAL_Driver/Src/stm32f7xx_hal_pwr_ex.o
LOAD ./Drivers/STM32F7xx_HAL_Driver/Src/stm32f7xx_hal_rcc.o
LOAD ./Drivers/STM32F7xx_HAL_Driver/Src/stm32f7xx_hal_rcc_ex.o
LOAD ./Drivers/STM32F7xx_HAL_Driver/Src/stm32f7xx_hal_sdram.o
LOAD ./Drivers/STM32F7xx_HAL_Driver/Src/stm32f7xx_hal_tim.o
LOAD ./Drivers/STM32F7xx_HAL_Driver/Src/stm32f7xx_hal_tim_ex.o
LOAD ./Drivers/STM32F7xx_HAL_Driver/Src/stm32f7xx_hal_uart.o
LOAD ./Drivers/STM32F7xx_HAL_Driver/Src/stm32f7xx_hal_uart_ex.o
LOAD ./Drivers/STM32F7xx_HAL_Driver/Src/stm32f7xx_ll_fmc.o
LOAD ./Middlewares/Third_Party/FreeRTOS/Source/CMSIS_RTOS_V2/cmsis_os2.o
LOAD ./Middlewares/Third_Party/FreeRTOS/Source/croutine.o
LOAD ./Middlewares/Third_Party/FreeRTOS/Source/event_groups.o
LOAD ./Middlewares/Third_Party/FreeRTOS/Source/list.o
LOAD ./Middlewares/Third_Party/FreeRTOS/Source/queue.o
LOAD ./Middlewares/Third_Party/FreeRTOS/Source/stream_buffer.o
LOAD ./Middlewares/Third_Party/FreeRTOS/Source/tasks.o
LOAD ./Middlewares/Third_Party/FreeRTOS/Source/timers.o
LOAD ./Middlewares/Third_Party/FreeRTOS/Source/portable/GCC/ARM_CM7/r0p1/port.o
LOAD ./Middlewares/Third_Party/FreeRTOS/Source/portable/MemMang/heap_4.o
START GROUP
LOAD C:/ST/STM32CubeIDE_1.12.1/STM32CubeIDE/plugins/com.st.stm32cube.ide.mcu.externaltools.gnu-tools-for-stm32.11.3.rel1.win32_1.1.1.202309131626/tools/bin/../lib/gcc/arm-none-eabi/11.3.1/../../../../arm-none-eabi/lib/thumb/v7e-m+dp/hard\libc_nano.a
LOAD C:/ST/STM32CubeIDE_1.12.1/STM32CubeIDE/plugins/com.st.stm32cube.ide.mcu.externaltools.gnu-tools-for-stm32.11.3.rel1.win32_1.1.1.202309131626/tools/bin/../lib/gcc/arm-none-eabi/11.3.1/../../../../arm-none-eabi/lib/thumb/v7e-m+dp/hard\libm.a
END GROUP
START GROUP
LOAD C:/ST/STM32CubeIDE_1.12.1/STM32CubeIDE/plugins/com.st.stm32cube.ide.mcu.externaltools.gnu-tools-for-stm32.11.3.rel1.win32_1.1.1.202309131626/tools/bin/../lib/gcc/arm-none-eabi/11.3.1/thumb/v7e-m+dp/hard\libgcc.a
LOAD C:/ST/STM32CubeIDE_1.12.1/STM32CubeIDE/plugins/com.st.stm32cube.ide.mcu.externaltools.gnu-tools-for-stm32.11.3.rel1.win32_1.1.1.202309131626/tools/bin/../lib/gcc/arm-none-eabi/11.3.1/../../../../arm-none-eabi/lib/thumb/v7e-m+dp/hard\libc_nano.a
END GROUP
START GROUP
LOAD C:/ST/STM32CubeIDE_1.12.1/STM32CubeIDE/plugins/com.st.stm32cube.ide.mcu.externaltools.gnu-tools-for-stm32.11.3.rel1.win32_1.1.1.202309131626/tools/bin/../lib/gcc/arm-none-eabi/11.3.1/thumb/v7e-m+dp/hard\libgcc.a
LOAD C:/ST/STM32CubeIDE_1.12.1/STM32CubeIDE/plugins/com.st.stm32cube.ide.mcu.externaltools.gnu-tools-for-stm32.11.3.rel1.win32_1.1.1.202309131626/tools/bin/../lib/gcc/arm-none-eabi/11.3.1/../../../../arm-none-eabi/lib/thumb/v7e-m+dp/hard\libc_nano.a
LOAD C:/ST/STM32CubeIDE_1.12.1/STM32CubeIDE/plugins/com.st.stm32cube.ide.mcu.externaltools.gnu-tools-for-stm32.11.3.rel1.win32_1.1.1.202309131626/tools/bin/../lib/gcc/arm-none-eabi/11.3.1/../../../../arm-none-eabi/lib/thumb/v7e-m+dp/hard\libnosys.a
END GROUP
START GROUP
LOAD C:/ST/STM32CubeIDE_1.12.1/STM32CubeIDE/plugins/com.st.stm32cube.ide.mcu.externaltools.gnu-tools-for-stm32.11.3.rel1.win32_1.1.1.202309131626/tools/bin/../lib/gcc/arm-none-eabi/11.3.1/thumb/v7e-m+dp/hard\libgcc.a
LOAD C:/ST/STM32CubeIDE_1.12.1/STM32CubeIDE/plugins/com.st.stm32cube.ide.mcu.externaltools.gnu-tools-for-stm32.11.3.rel1.win32_1.1.1.202309131626/tools/bin/../lib/gcc/arm-none-eabi/11.3.1/../../../../arm-none-eabi/lib/thumb/v7e-m+dp/hard\libc_nano.a
LOAD C:/ST/STM32CubeIDE_1.12.1/STM32CubeIDE/plugins/com.st.stm32cube.ide.mcu.externaltools.gnu-tools-for-stm32.11.3.rel1.win32_1.1.1.202309131626/tools/bin/../lib/gcc/arm-none-eabi/11.3.1/../../../../arm-none-eabi/lib/thumb/v7e-m+dp/hard\libnosys.a
END GROUP
LOAD C:/ST/STM32CubeIDE_1.12.1/STM32CubeIDE/plugins/com.st.stm32cube.ide.mcu.externaltools.gnu-tools-for-stm32.11.3.rel1.win32_1.1.1.202309131626/tools/bin/../lib/gcc/arm-none-eabi/11.3.1/thumb/v7e-m+dp/hard/crtend.o
LOAD C:/ST/STM32CubeIDE_1.12.1/STM32CubeIDE/plugins/com.st.stm32cube.ide.mcu.externaltools.gnu-tools-for-stm32.11.3.rel1.win32_1.1.1.202309131626/tools/bin/../lib/gcc/arm-none-eabi/11.3.1/thumb/v7e-m+dp/hard/crtn.o
                0x0000000020080000                _estack = (ORIGIN (RAM) + LENGTH (RAM))
                0x0000000000000200                _Min_Heap_Size = 0x200
                0x0000000000000400                _Min_Stack_Size = 0x400

.isr_vector     0x0000000008000000      0x1f8
                0x0000000008000000                . = ALIGN (0x4)
 *(.isr_vector)
 .isr_vector    0x0000000008000000      0x1f8 ./Core/Startup/startup_stm32f769nihx.o
                0x0000000008000000                g_pfnVectors
                0x00000000080001f8                . = ALIGN (0x4)

.text           0x0000000008000200    0x107f4
                0x0000000008000200                . = ALIGN (0x4)
 *(.text)
 .text          0x0000000008000200       0x40 C:/ST/STM32CubeIDE_1.12.1/STM32CubeIDE/plugins/com.st.stm32cube.ide.mcu.externaltools.gnu-tools-for-stm32.11.3.rel1.win32_1.1.1.202309131626/tools/bin/../lib/gcc/arm-none-eabi/11.3.1/thumb/v7e-m+dp/hard/crtbegin.o
 .text          0x0000000008000240       0xa0 C:/ST/STM32CubeIDE_1.12.1/STM32CubeIDE/plugins/com.st.stm32cube.ide.mcu.externaltools.gnu-tools-for-stm32.11.3.rel1.win32_1.1.1.202309131626/tools/bin/../lib/gcc/arm-none-eabi/11.3.1/../../../../arm-none-eabi/lib/thumb/v7e-m+dp/hard\libc_nano.a(libc_a-memchr.o)
                0x0000000008000240                memchr
 .text          0x00000000080002e0       0x30 C:/ST/STM32CubeIDE_1.12.1/STM32CubeIDE/plugins/com.st.stm32cube.ide.mcu.externaltools.gnu-tools-for-stm32.11.3.rel1.win32_1.1.1.202309131626/tools/bin/../lib/gcc/arm-none-eabi/11.3.1/thumb/v7e-m+dp/hard\libgcc.a(_aeabi_uldivmod.o)
                0x00000000080002e0                __aeabi_uldivmod
 .text          0x0000000008000310      0x2c8 C:/ST/STM32CubeIDE_1.12.1/STM32CubeIDE/plugins/com.st.stm32cube.ide.mcu.externaltools.gnu-tools-for-stm32.11.3.rel1.win32_1.1.1.202309131626/tools/bin/../lib/gcc/arm-none-eabi/11.3.1/thumb/v7e-m+dp/hard\libgcc.a(_udivmoddi4.o)
                0x0000000008000310                __udivmoddi4
 .text          0x00000000080005d8        0x4 C:/ST/STM32CubeIDE_1.12.1/STM32CubeIDE/plugins/com.st.stm32cube.ide.mcu.externaltools.gnu-tools-for-stm32.11.3.rel1.win32_1.1.1.202309131626/tools/bin/../lib/gcc/arm-none-eabi/11.3.1/thumb/v7e-m+dp/hard\libgcc.a(_dvmd_tls.o)
                0x00000000080005d8                __aeabi_idiv0
                0x00000000080005d8                __aeabi_ldiv0
 *(.text*)
 .text.BSP_LCD_Init
                0x00000000080005dc       0x10 ./Core/Src/BSP/stm32f769i_discovery_lcd.o
                0x00000000080005dc                BSP_LCD_Init
 .text.BSP_LCD_InitEx
                0x00000000080005ec      0x284 ./Core/Src/BSP/stm32f769i_discovery_lcd.o
                0x00000000080005ec                BSP_LCD_InitEx
 .text.BSP_LCD_Reset
                0x0000000008000870       0x70 ./Core/Src/BSP/stm32f769i_discovery_lcd.o
                0x0000000008000870                BSP_LCD_Reset
 .text.BSP_LCD_GetXSize
                0x00000000080008e0       0x18 ./Core/Src/BSP/stm32f769i_discovery_lcd.o
                0x00000000080008e0                BSP_LCD_GetXSize
 .text.BSP_LCD_GetYSize
                0x00000000080008f8       0x18 ./Core/Src/BSP/stm32f769i_discovery_lcd.o
                0x00000000080008f8                BSP_LCD_GetYSize
 .text.BSP_LCD_LayerDefaultInit
                0x0000000008000910       0xc0 ./Core/Src/BSP/stm32f769i_discovery_lcd.o
                0x0000000008000910                BSP_LCD_LayerDefaultInit
 .text.BSP_LCD_SelectLayer
                0x00000000080009d0       0x20 ./Core/Src/BSP/stm32f769i_discovery_lcd.o
                0x00000000080009d0                BSP_LCD_SelectLayer
 .text.BSP_LCD_SetLayerVisible
                0x00000000080009f0       0x7c ./Core/Src/BSP/stm32f769i_discovery_lcd.o
                0x00000000080009f0                BSP_LCD_SetLayerVisible
 .text.BSP_LCD_SetTextColor
                0x0000000008000a6c       0x30 ./Core/Src/BSP/stm32f769i_discovery_lcd.o
                0x0000000008000a6c                BSP_LCD_SetTextColor
 .text.BSP_LCD_SetFont
                0x0000000008000a9c       0x34 ./Core/Src/BSP/stm32f769i_discovery_lcd.o
                0x0000000008000a9c                BSP_LCD_SetFont
 .text.BSP_LCD_GetFont
                0x0000000008000ad0       0x2c ./Core/Src/BSP/stm32f769i_discovery_lcd.o
                0x0000000008000ad0                BSP_LCD_GetFont
 .text.BSP_LCD_DisplayChar
                0x0000000008000afc       0x88 ./Core/Src/BSP/stm32f769i_discovery_lcd.o
                0x0000000008000afc                BSP_LCD_DisplayChar
 .text.BSP_LCD_DisplayStringAt
                0x0000000008000b84      0x190 ./Core/Src/BSP/stm32f769i_discovery_lcd.o
                0x0000000008000b84                BSP_LCD_DisplayStringAt
 .text.BSP_LCD_DisplayStringAtLine
                0x0000000008000d14       0x2e ./Core/Src/BSP/stm32f769i_discovery_lcd.o
                0x0000000008000d14                BSP_LCD_DisplayStringAtLine
 *fill*         0x0000000008000d42        0x2 
 .text.BSP_LCD_DrawLine
                0x0000000008000d44      0x198 ./Core/Src/BSP/stm32f769i_discovery_lcd.o
                0x0000000008000d44                BSP_LCD_DrawLine
 .text.BSP_LCD_DrawBitmap
                0x0000000008000edc      0x164 ./Core/Src/BSP/stm32f769i_discovery_lcd.o
                0x0000000008000edc                BSP_LCD_DrawBitmap
 .text.DSI_IO_WriteCmd
                0x0000000008001040       0x54 ./Core/Src/BSP/stm32f769i_discovery_lcd.o
                0x0000000008001040                DSI_IO_WriteCmd
 .text.LCD_IO_GetID
                0x0000000008001094       0x10 ./Core/Src/BSP/stm32f769i_discovery_lcd.o
 .text.BSP_LCD_MspInit
                0x00000000080010a4       0xd4 ./Core/Src/BSP/stm32f769i_discovery_lcd.o
                0x00000000080010a4                BSP_LCD_MspInit
 .text.BSP_LCD_DrawPixel
                0x0000000008001178       0x4c ./Core/Src/BSP/stm32f769i_discovery_lcd.o
                0x0000000008001178                BSP_LCD_DrawPixel
 .text.DrawChar
                0x00000000080011c4      0x170 ./Core/Src/BSP/stm32f769i_discovery_lcd.o
 .text.LL_ConvertLineToARGB8888
                0x0000000008001334       0x88 ./Core/Src/BSP/stm32f769i_discovery_lcd.o
 .text.BSP_TS_Init
                0x00000000080013bc       0xc0 ./Core/Src/BSP/stm32f769i_discovery_ts.o
                0x00000000080013bc                BSP_TS_Init
 .text.BSP_TS_GetState
                0x000000000800147c      0x228 ./Core/Src/BSP/stm32f769i_discovery_ts.o
                0x000000000800147c                BSP_TS_GetState
 .text.ft6x06_Init
                0x00000000080016a4       0x48 ./Core/Src/Components/ft6x06/ft6x06.o
                0x00000000080016a4                ft6x06_Init
 .text.ft6x06_Reset
                0x00000000080016ec       0x16 ./Core/Src/Components/ft6x06/ft6x06.o
                0x00000000080016ec                ft6x06_Reset
 .text.ft6x06_ReadID
                0x0000000008001702       0x26 ./Core/Src/Components/ft6x06/ft6x06.o
                0x0000000008001702                ft6x06_ReadID
 .text.ft6x06_TS_Start
                0x0000000008001728       0x22 ./Core/Src/Components/ft6x06/ft6x06.o
                0x0000000008001728                ft6x06_TS_Start
 *fill*         0x000000000800174a        0x2 
 .text.ft6x06_TS_DetectTouch
                0x000000000800174c       0x54 ./Core/Src/Components/ft6x06/ft6x06.o
                0x000000000800174c                ft6x06_TS_DetectTouch
 .text.ft6x06_TS_GetXY
                0x00000000080017a0       0x94 ./Core/Src/Components/ft6x06/ft6x06.o
                0x00000000080017a0                ft6x06_TS_GetXY
 .text.ft6x06_TS_EnableIT
                0x0000000008001834       0x28 ./Core/Src/Components/ft6x06/ft6x06.o
                0x0000000008001834                ft6x06_TS_EnableIT
 .text.ft6x06_TS_DisableIT
                0x000000000800185c       0x28 ./Core/Src/Components/ft6x06/ft6x06.o
                0x000000000800185c                ft6x06_TS_DisableIT
 .text.ft6x06_TS_ITStatus
                0x0000000008001884       0x18 ./Core/Src/Components/ft6x06/ft6x06.o
                0x0000000008001884                ft6x06_TS_ITStatus
 .text.ft6x06_TS_ClearIT
                0x000000000800189c       0x16 ./Core/Src/Components/ft6x06/ft6x06.o
                0x000000000800189c                ft6x06_TS_ClearIT
 .text.ft6x06_TS_Configure
                0x00000000080018b2       0x1c ./Core/Src/Components/ft6x06/ft6x06.o
 *fill*         0x00000000080018ce        0x2 
 .text.ft6x06_GetInstance
                0x00000000080018d0       0x44 ./Core/Src/Components/ft6x06/ft6x06.o
 .text.OTM8009A_Init
                0x0000000008001914      0x4b0 ./Core/Src/Components/otm8009a/otm8009a.o
                0x0000000008001914                OTM8009A_Init
 .text.__io_putchar
                0x0000000008001dc4      0x1c0 ./Core/Src/Log/lcd_log.o
                0x0000000008001dc4                __io_putchar
 .text.LCD_LOG_UpdateDisplay
                0x0000000008001f84      0x110 ./Core/Src/Log/lcd_log.o
                0x0000000008001f84                LCD_LOG_UpdateDisplay
 .text.MX_DMA2D_Init
                0x0000000008002094       0x3c ./Core/Src/dma2d.o
                0x0000000008002094                MX_DMA2D_Init
 .text.HAL_DMA2D_MspInit
                0x00000000080020d0       0x40 ./Core/Src/dma2d.o
                0x00000000080020d0                HAL_DMA2D_MspInit
 .text.MX_DSIHOST_DSI_Init
                0x0000000008002110      0x1dc ./Core/Src/dsihost.o
                0x0000000008002110                MX_DSIHOST_DSI_Init
 .text.HAL_DSI_MspInit
                0x00000000080022ec       0x40 ./Core/Src/dsihost.o
                0x00000000080022ec                HAL_DSI_MspInit
 .text.HAL_DSI_MspDeInit
                0x000000000800232c       0x34 ./Core/Src/dsihost.o
                0x000000000800232c                HAL_DSI_MspDeInit
 .text.MX_FMC_Init
                0x0000000008002360       0xa0 ./Core/Src/fmc.o
                0x0000000008002360                MX_FMC_Init
 .text.HAL_FMC_MspInit
                0x0000000008002400      0x124 ./Core/Src/fmc.o
 .text.HAL_SDRAM_MspInit
                0x0000000008002524       0x14 ./Core/Src/fmc.o
                0x0000000008002524                HAL_SDRAM_MspInit
 .text.MX_FREERTOS_Init
                0x0000000008002538       0x24 ./Core/Src/freertos.o
                0x0000000008002538                MX_FREERTOS_Init
 .text.StartDefaultTask
                0x000000000800255c       0x10 ./Core/Src/freertos.o
                0x000000000800255c                StartDefaultTask
 .text.fruit_launch
                0x000000000800256c      0x1b0 ./Core/Src/fruits.o
                0x000000000800256c                fruit_launch
 .text.fruit_control
                0x000000000800271c      0x11c ./Core/Src/fruits.o
                0x000000000800271c                fruit_control
 .text.launch_fruit_random
                0x0000000008002838       0xb8 ./Core/Src/fruits.o
                0x0000000008002838                launch_fruit_random
 .text.launch_fruit_physics_update
                0x00000000080028f0      0x10c ./Core/Src/fruits.o
                0x00000000080028f0                launch_fruit_physics_update
 .text.fruit_slice_control
                0x00000000080029fc      0x2ac ./Core/Src/fruits.o
                0x00000000080029fc                fruit_slice_control
 .text.doesIntersect
                0x0000000008002ca8      0x1cc ./Core/Src/fruits.o
                0x0000000008002ca8                doesIntersect
 .text.slice_fruit
                0x0000000008002e74      0x128 ./Core/Src/fruits.o
                0x0000000008002e74                slice_fruit
 *fill*         0x0000000008002f9c        0x4 
 .text.slice_physics_update
                0x0000000008002fa0       0xf4 ./Core/Src/fruits.o
                0x0000000008002fa0                slice_physics_update
 .text.update_screen_game
                0x0000000008003094      0x1a8 ./Core/Src/game_graphics.o
                0x0000000008003094                update_screen_game
 .text.update_screen_menu
                0x000000000800323c       0x24 ./Core/Src/game_graphics.o
                0x000000000800323c                update_screen_menu
 .text.update_screen_gameover
                0x0000000008003260       0x48 ./Core/Src/game_graphics.o
                0x0000000008003260                update_screen_gameover
 .text.Draw_Fruit
                0x00000000080032a8      0x114 ./Core/Src/game_graphics.o
                0x00000000080032a8                Draw_Fruit
 .text.Print_Touch
                0x00000000080033bc       0x90 ./Core/Src/game_graphics.o
                0x00000000080033bc                Print_Touch
 .text.Print_Lives
                0x000000000800344c      0x10c ./Core/Src/game_graphics.o
                0x000000000800344c                Print_Lives
 .text.Draw_Slice
                0x0000000008003558       0xf8 ./Core/Src/game_graphics.o
                0x0000000008003558                Draw_Slice
 .text.drawBitmap
                0x0000000008003650       0xd2 ./Core/Src/game_graphics.o
                0x0000000008003650                drawBitmap
 .text.convertToARGB8888
                0x0000000008003722       0x80 ./Core/Src/game_graphics.o
                0x0000000008003722                convertToARGB8888
 *fill*         0x00000000080037a2        0x2 
 .text.MX_GPIO_Init
                0x00000000080037a4      0x690 ./Core/Src/gpio.o
                0x00000000080037a4                MX_GPIO_Init
 .text.MX_I2C4_Init
                0x0000000008003e34       0x80 ./Core/Src/i2c.o
                0x0000000008003e34                MX_I2C4_Init
 .text.HAL_I2C_MspInit
                0x0000000008003eb4      0x108 ./Core/Src/i2c.o
                0x0000000008003eb4                HAL_I2C_MspInit
 .text.HAL_I2C_MspDeInit
                0x0000000008003fbc       0x48 ./Core/Src/i2c.o
                0x0000000008003fbc                HAL_I2C_MspDeInit
 .text.MX_LTDC_Init
                0x0000000008004004      0x164 ./Core/Src/ltdc.o
                0x0000000008004004                MX_LTDC_Init
 .text.HAL_LTDC_MspInit
                0x0000000008004168       0x7c ./Core/Src/ltdc.o
                0x0000000008004168                HAL_LTDC_MspInit
 .text.SCB_EnableICache
                0x00000000080041e4       0x4c ./Core/Src/main.o
 .text.SCB_EnableDCache
                0x0000000008004230       0x88 ./Core/Src/main.o
 .text.main     0x00000000080042b8       0xb0 ./Core/Src/main.o
                0x00000000080042b8                main
 .text.SystemClock_Config
                0x0000000008004368       0xec ./Core/Src/main.o
                0x0000000008004368                SystemClock_Config
 .text.BSP_SDRAM_Initialization_sequence
                0x0000000008004454       0xc0 ./Core/Src/main.o
                0x0000000008004454                BSP_SDRAM_Initialization_sequence
 .text.I2Cx_Init
                0x0000000008004514       0x5c ./Core/Src/main.o
 .text.I2Cx_ReadMultiple
                0x0000000008004570       0x5a ./Core/Src/main.o
 .text.I2Cx_WriteMultiple
                0x00000000080045ca       0x5a ./Core/Src/main.o
 .text.I2Cx_Error
                0x0000000008004624       0x20 ./Core/Src/main.o
 .text.TS_IO_Init
                0x0000000008004644       0x14 ./Core/Src/main.o
                0x0000000008004644                TS_IO_Init
 .text.TS_IO_Write
                0x0000000008004658       0x34 ./Core/Src/main.o
                0x0000000008004658                TS_IO_Write
 .text.TS_IO_Read
                0x000000000800468c       0x3c ./Core/Src/main.o
                0x000000000800468c                TS_IO_Read
 .text.TS_IO_ReadMultiple
                0x00000000080046c8       0x3c ./Core/Src/main.o
                0x00000000080046c8                TS_IO_ReadMultiple
 .text.HAL_TIM_PeriodElapsedCallback
                0x0000000008004704       0x34 ./Core/Src/main.o
                0x0000000008004704                HAL_TIM_PeriodElapsedCallback
 .text.Error_Handler
                0x0000000008004738        0xe ./Core/Src/main.o
                0x0000000008004738                Error_Handler
 *fill*         0x0000000008004746        0x2 
 .text.HAL_MspInit
                0x0000000008004748       0x50 ./Core/Src/stm32f7xx_hal_msp.o
                0x0000000008004748                HAL_MspInit
 .text.HAL_InitTick
                0x0000000008004798       0xf4 ./Core/Src/stm32f7xx_hal_timebase_tim.o
                0x0000000008004798                HAL_InitTick
 .text.NMI_Handler
                0x000000000800488c        0xe ./Core/Src/stm32f7xx_it.o
                0x000000000800488c                NMI_Handler
 .text.HardFault_Handler
                0x000000000800489a        0x6 ./Core/Src/stm32f7xx_it.o
                0x000000000800489a                HardFault_Handler
 .text.MemManage_Handler
                0x00000000080048a0        0x6 ./Core/Src/stm32f7xx_it.o
                0x00000000080048a0                MemManage_Handler
 .text.BusFault_Handler
                0x00000000080048a6        0x6 ./Core/Src/stm32f7xx_it.o
                0x00000000080048a6                BusFault_Handler
 .text.UsageFault_Handler
                0x00000000080048ac        0x6 ./Core/Src/stm32f7xx_it.o
                0x00000000080048ac                UsageFault_Handler
 .text.DebugMon_Handler
                0x00000000080048b2        0xe ./Core/Src/stm32f7xx_it.o
                0x00000000080048b2                DebugMon_Handler
 .text.TIM4_IRQHandler
                0x00000000080048c0       0x14 ./Core/Src/stm32f7xx_it.o
                0x00000000080048c0                TIM4_IRQHandler
 .text.USART1_IRQHandler
                0x00000000080048d4       0x14 ./Core/Src/stm32f7xx_it.o
                0x00000000080048d4                USART1_IRQHandler
 .text.TIM6_DAC_IRQHandler
                0x00000000080048e8       0x14 ./Core/Src/stm32f7xx_it.o
                0x00000000080048e8                TIM6_DAC_IRQHandler
 .text._getpid  0x00000000080048fc       0x10 ./Core/Src/syscalls.o
                0x00000000080048fc                _getpid
 .text._kill    0x000000000800490c       0x20 ./Core/Src/syscalls.o
                0x000000000800490c                _kill
 .text._exit    0x000000000800492c       0x14 ./Core/Src/syscalls.o
                0x000000000800492c                _exit
 .text._read    0x0000000008004940       0x3a ./Core/Src/syscalls.o
                0x0000000008004940                _read
 .text._write   0x000000000800497a       0x38 ./Core/Src/syscalls.o
                0x000000000800497a                _write
 .text._close   0x00000000080049b2       0x18 ./Core/Src/syscalls.o
                0x00000000080049b2                _close
 .text._fstat   0x00000000080049ca       0x20 ./Core/Src/syscalls.o
                0x00000000080049ca                _fstat
 .text._isatty  0x00000000080049ea       0x16 ./Core/Src/syscalls.o
                0x00000000080049ea                _isatty
 .text._lseek   0x0000000008004a00       0x1a ./Core/Src/syscalls.o
                0x0000000008004a00                _lseek
 *fill*         0x0000000008004a1a        0x2 
 .text.SystemInit
                0x0000000008004a1c       0x6c ./Core/Src/system_stm32f7xx.o
                0x0000000008004a1c                SystemInit
 .text.MX_TIM3_Init
                0x0000000008004a88       0xb4 ./Core/Src/tim.o
                0x0000000008004a88                MX_TIM3_Init
 .text.MX_TIM4_Init
                0x0000000008004b3c       0x9c ./Core/Src/tim.o
                0x0000000008004b3c                MX_TIM4_Init
 .text.HAL_TIM_PWM_MspInit
                0x0000000008004bd8       0x40 ./Core/Src/tim.o
                0x0000000008004bd8                HAL_TIM_PWM_MspInit
 .text.HAL_TIM_Base_MspInit
                0x0000000008004c18       0x4c ./Core/Src/tim.o
                0x0000000008004c18                HAL_TIM_Base_MspInit
 .text.HAL_TIM_MspPostInit
                0x0000000008004c64       0x70 ./Core/Src/tim.o
                0x0000000008004c64                HAL_TIM_MspPostInit
 .text.MX_USART1_UART_Init
                0x0000000008004cd4       0x60 ./Core/Src/usart.o
                0x0000000008004cd4                MX_USART1_UART_Init
 .text.HAL_UART_MspInit
                0x0000000008004d34       0xf8 ./Core/Src/usart.o
                0x0000000008004d34                HAL_UART_MspInit
 .text.freeRTOS_user_init
                0x0000000008004e2c      0x1ac ./Core/Src/user_task.o
                0x0000000008004e2c                freeRTOS_user_init
 .text.task_FSM
                0x0000000008004fd8      0x1cc ./Core/Src/user_task.o
 .text.task_fruit_launch
                0x00000000080051a4       0x5c ./Core/Src/user_task.o
 .text.task_fruit_control
                0x0000000008005200       0x34 ./Core/Src/user_task.o
 .text.task_display_game
                0x0000000008005234       0x28 ./Core/Src/user_task.o
 .text.task_touch_fct
                0x000000000800525c       0xac ./Core/Src/user_task.o
 .text.tim4_cb  0x0000000008005308       0x18 ./Core/Src/user_task.o
                0x0000000008005308                tim4_cb
 .text.sw_tim_touch_cb
                0x0000000008005320       0x18 ./Core/Src/user_task.o
 .text.sw_tim_disp_cb
                0x0000000008005338       0x18 ./Core/Src/user_task.o
 .text.Reset_Handler
                0x0000000008005350       0x50 ./Core/Startup/startup_stm32f769nihx.o
                0x0000000008005350                Reset_Handler
 .text.Default_Handler
                0x00000000080053a0        0x2 ./Core/Startup/startup_stm32f769nihx.o
                0x00000000080053a0                RTC_Alarm_IRQHandler
                0x00000000080053a0                EXTI2_IRQHandler
                0x00000000080053a0                TIM8_CC_IRQHandler
                0x00000000080053a0                UART8_IRQHandler
                0x00000000080053a0                SPI4_IRQHandler
                0x00000000080053a0                TIM1_CC_IRQHandler
                0x00000000080053a0                DMA2_Stream5_IRQHandler
                0x00000000080053a0                JPEG_IRQHandler
                0x00000000080053a0                DMA1_Stream5_IRQHandler
                0x00000000080053a0                CAN3_RX1_IRQHandler
                0x00000000080053a0                PVD_IRQHandler
                0x00000000080053a0                TAMP_STAMP_IRQHandler
                0x00000000080053a0                CAN2_RX1_IRQHandler
                0x00000000080053a0                EXTI3_IRQHandler
                0x00000000080053a0                TIM8_TRG_COM_TIM14_IRQHandler
                0x00000000080053a0                DFSDM1_FLT1_IRQHandler
                0x00000000080053a0                TIM1_UP_TIM10_IRQHandler
                0x00000000080053a0                TIM8_UP_TIM13_IRQHandler
                0x00000000080053a0                I2C3_ER_IRQHandler
                0x00000000080053a0                DFSDM1_FLT2_IRQHandler
                0x00000000080053a0                EXTI0_IRQHandler
                0x00000000080053a0                I2C2_EV_IRQHandler
                0x00000000080053a0                DMA1_Stream2_IRQHandler
                0x00000000080053a0                CAN1_RX0_IRQHandler
                0x00000000080053a0                FPU_IRQHandler
                0x00000000080053a0                OTG_HS_WKUP_IRQHandler
                0x00000000080053a0                CAN3_SCE_IRQHandler
                0x00000000080053a0                LTDC_ER_IRQHandler
                0x00000000080053a0                CAN2_SCE_IRQHandler
                0x00000000080053a0                DMA2_Stream2_IRQHandler
                0x00000000080053a0                SPI1_IRQHandler
                0x00000000080053a0                TIM1_BRK_TIM9_IRQHandler
                0x00000000080053a0                DCMI_IRQHandler
                0x00000000080053a0                CAN2_RX0_IRQHandler
                0x00000000080053a0                DMA2_Stream3_IRQHandler
                0x00000000080053a0                SAI2_IRQHandler
                0x00000000080053a0                DFSDM1_FLT3_IRQHandler
                0x00000000080053a0                USART6_IRQHandler
                0x00000000080053a0                CAN3_RX0_IRQHandler
                0x00000000080053a0                USART3_IRQHandler
                0x00000000080053a0                CAN1_RX1_IRQHandler
                0x00000000080053a0                UART5_IRQHandler
                0x00000000080053a0                DMA2_Stream0_IRQHandler
                0x00000000080053a0                QUADSPI_IRQHandler
                0x00000000080053a0                I2C1_EV_IRQHandler
                0x00000000080053a0                DMA1_Stream6_IRQHandler
                0x00000000080053a0                DMA1_Stream1_IRQHandler
                0x00000000080053a0                UART4_IRQHandler
                0x00000000080053a0                TIM3_IRQHandler
                0x00000000080053a0                RCC_IRQHandler
                0x00000000080053a0                TIM8_BRK_TIM12_IRQHandler
                0x00000000080053a0                Default_Handler
                0x00000000080053a0                CEC_IRQHandler
                0x00000000080053a0                EXTI15_10_IRQHandler
                0x00000000080053a0                ADC_IRQHandler
                0x00000000080053a0                DMA1_Stream7_IRQHandler
                0x00000000080053a0                SPI5_IRQHandler
                0x00000000080053a0                TIM7_IRQHandler
                0x00000000080053a0                SDMMC1_IRQHandler
                0x00000000080053a0                CAN2_TX_IRQHandler
                0x00000000080053a0                TIM5_IRQHandler
                0x00000000080053a0                DMA2_Stream7_IRQHandler
                0x00000000080053a0                I2C3_EV_IRQHandler
                0x00000000080053a0                EXTI9_5_IRQHandler
                0x00000000080053a0                RTC_WKUP_IRQHandler
                0x00000000080053a0                LTDC_IRQHandler
                0x00000000080053a0                ETH_WKUP_IRQHandler
                0x00000000080053a0                SPDIF_RX_IRQHandler
                0x00000000080053a0                SPI2_IRQHandler
                0x00000000080053a0                OTG_HS_EP1_IN_IRQHandler
                0x00000000080053a0                DMA1_Stream0_IRQHandler
                0x00000000080053a0                CAN1_TX_IRQHandler
                0x00000000080053a0                EXTI4_IRQHandler
                0x00000000080053a0                RNG_IRQHandler
                0x00000000080053a0                DSI_IRQHandler
                0x00000000080053a0                ETH_IRQHandler
                0x00000000080053a0                OTG_HS_EP1_OUT_IRQHandler
                0x00000000080053a0                WWDG_IRQHandler
                0x00000000080053a0                SPI6_IRQHandler
                0x00000000080053a0                MDIOS_IRQHandler
                0x00000000080053a0                I2C4_EV_IRQHandler
                0x00000000080053a0                CAN3_TX_IRQHandler
                0x00000000080053a0                TIM2_IRQHandler
                0x00000000080053a0                OTG_FS_WKUP_IRQHandler
                0x00000000080053a0                TIM1_TRG_COM_TIM11_IRQHandler
                0x00000000080053a0                OTG_HS_IRQHandler
                0x00000000080053a0                DMA2D_IRQHandler
                0x00000000080053a0                EXTI1_IRQHandler
                0x00000000080053a0                SDMMC2_IRQHandler
                0x00000000080053a0                UART7_IRQHandler
                0x00000000080053a0                USART2_IRQHandler
                0x00000000080053a0                DFSDM1_FLT0_IRQHandler
                0x00000000080053a0                I2C2_ER_IRQHandler
                0x00000000080053a0                DMA2_Stream1_IRQHandler
                0x00000000080053a0                CAN1_SCE_IRQHandler
                0x00000000080053a0                FLASH_IRQHandler
                0x00000000080053a0                DMA2_Stream4_IRQHandler
                0x00000000080053a0                OTG_FS_IRQHandler
                0x00000000080053a0                SPI3_IRQHandler
                0x00000000080053a0                DMA1_Stream4_IRQHandler
                0x00000000080053a0                I2C1_ER_IRQHandler
                0x00000000080053a0                FMC_IRQHandler
                0x00000000080053a0                LPTIM1_IRQHandler
                0x00000000080053a0                I2C4_ER_IRQHandler
                0x00000000080053a0                DMA2_Stream6_IRQHandler
                0x00000000080053a0                SAI1_IRQHandler
                0x00000000080053a0                DMA1_Stream3_IRQHandler
 *fill*         0x00000000080053a2        0x2 
 .text.HAL_Init
                0x00000000080053a4       0x2c ./Drivers/STM32F7xx_HAL_Driver/Src/stm32f7xx_hal.o
                0x00000000080053a4                HAL_Init
 .text.HAL_IncTick
                0x00000000080053d0       0x28 ./Drivers/STM32F7xx_HAL_Driver/Src/stm32f7xx_hal.o
                0x00000000080053d0                HAL_IncTick
 .text.HAL_GetTick
                0x00000000080053f8       0x18 ./Drivers/STM32F7xx_HAL_Driver/Src/stm32f7xx_hal.o
                0x00000000080053f8                HAL_GetTick
 .text.HAL_Delay
                0x0000000008005410       0x48 ./Drivers/STM32F7xx_HAL_Driver/Src/stm32f7xx_hal.o
                0x0000000008005410                HAL_Delay
 .text.__NVIC_SetPriorityGrouping
                0x0000000008005458       0x48 ./Drivers/STM32F7xx_HAL_Driver/Src/stm32f7xx_hal_cortex.o
 .text.__NVIC_GetPriorityGrouping
                0x00000000080054a0       0x1c ./Drivers/STM32F7xx_HAL_Driver/Src/stm32f7xx_hal_cortex.o
 .text.__NVIC_EnableIRQ
                0x00000000080054bc       0x3c ./Drivers/STM32F7xx_HAL_Driver/Src/stm32f7xx_hal_cortex.o
 .text.__NVIC_SetPriority
                0x00000000080054f8       0x54 ./Drivers/STM32F7xx_HAL_Driver/Src/stm32f7xx_hal_cortex.o
 .text.NVIC_EncodePriority
                0x000000000800554c       0x66 ./Drivers/STM32F7xx_HAL_Driver/Src/stm32f7xx_hal_cortex.o
 .text.HAL_NVIC_SetPriorityGrouping
                0x00000000080055b2       0x16 ./Drivers/STM32F7xx_HAL_Driver/Src/stm32f7xx_hal_cortex.o
                0x00000000080055b2                HAL_NVIC_SetPriorityGrouping
 .text.HAL_NVIC_SetPriority
                0x00000000080055c8       0x38 ./Drivers/STM32F7xx_HAL_Driver/Src/stm32f7xx_hal_cortex.o
                0x00000000080055c8                HAL_NVIC_SetPriority
 .text.HAL_NVIC_EnableIRQ
                0x0000000008005600       0x1c ./Drivers/STM32F7xx_HAL_Driver/Src/stm32f7xx_hal_cortex.o
                0x0000000008005600                HAL_NVIC_EnableIRQ
 .text.HAL_DMA_Abort
                0x000000000800561c       0xe0 ./Drivers/STM32F7xx_HAL_Driver/Src/stm32f7xx_hal_dma.o
                0x000000000800561c                HAL_DMA_Abort
 .text.HAL_DMA_Abort_IT
                0x00000000080056fc       0x44 ./Drivers/STM32F7xx_HAL_Driver/Src/stm32f7xx_hal_dma.o
                0x00000000080056fc                HAL_DMA_Abort_IT
 .text.HAL_DMA2D_Init
                0x0000000008005740       0xb4 ./Drivers/STM32F7xx_HAL_Driver/Src/stm32f7xx_hal_dma2d.o
                0x0000000008005740                HAL_DMA2D_Init
 .text.HAL_DMA2D_Start
                0x00000000080057f4       0x56 ./Drivers/STM32F7xx_HAL_Driver/Src/stm32f7xx_hal_dma2d.o
                0x00000000080057f4                HAL_DMA2D_Start
 .text.HAL_DMA2D_PollForTransfer
                0x000000000800584a      0x1d2 ./Drivers/STM32F7xx_HAL_Driver/Src/stm32f7xx_hal_dma2d.o
                0x000000000800584a                HAL_DMA2D_PollForTransfer
 .text.HAL_DMA2D_ConfigLayer
                0x0000000008005a1c      0x13c ./Drivers/STM32F7xx_HAL_Driver/Src/stm32f7xx_hal_dma2d.o
                0x0000000008005a1c                HAL_DMA2D_ConfigLayer
 .text.HAL_DMA2D_GetState
                0x0000000008005b58       0x1c ./Drivers/STM32F7xx_HAL_Driver/Src/stm32f7xx_hal_dma2d.o
                0x0000000008005b58                HAL_DMA2D_GetState
 .text.DMA2D_SetConfig
                0x0000000008005b74      0x138 ./Drivers/STM32F7xx_HAL_Driver/Src/stm32f7xx_hal_dma2d.o
 .text.DSI_ConfigPacketHeader
                0x0000000008005cac       0x32 ./Drivers/STM32F7xx_HAL_Driver/Src/stm32f7xx_hal_dsi.o
 .text.DSI_ShortWrite
                0x0000000008005cde       0x5e ./Drivers/STM32F7xx_HAL_Driver/Src/stm32f7xx_hal_dsi.o
 .text.HAL_DSI_Init
                0x0000000008005d3c      0x238 ./Drivers/STM32F7xx_HAL_Driver/Src/stm32f7xx_hal_dsi.o
                0x0000000008005d3c                HAL_DSI_Init
 .text.HAL_DSI_DeInit
                0x0000000008005f74       0xe8 ./Drivers/STM32F7xx_HAL_Driver/Src/stm32f7xx_hal_dsi.o
                0x0000000008005f74                HAL_DSI_DeInit
 .text.HAL_DSI_ConfigErrorMonitor
                0x000000000800605c      0x178 ./Drivers/STM32F7xx_HAL_Driver/Src/stm32f7xx_hal_dsi.o
                0x000000000800605c                HAL_DSI_ConfigErrorMonitor
 .text.HAL_DSI_SetGenericVCID
                0x00000000080061d4       0x50 ./Drivers/STM32F7xx_HAL_Driver/Src/stm32f7xx_hal_dsi.o
                0x00000000080061d4                HAL_DSI_SetGenericVCID
 .text.HAL_DSI_ConfigVideoMode
                0x0000000008006224      0x400 ./Drivers/STM32F7xx_HAL_Driver/Src/stm32f7xx_hal_dsi.o
                0x0000000008006224                HAL_DSI_ConfigVideoMode
 .text.HAL_DSI_ConfigFlowControl
                0x0000000008006624       0x50 ./Drivers/STM32F7xx_HAL_Driver/Src/stm32f7xx_hal_dsi.o
                0x0000000008006624                HAL_DSI_ConfigFlowControl
 .text.HAL_DSI_ConfigPhyTimer
                0x0000000008006674       0xd4 ./Drivers/STM32F7xx_HAL_Driver/Src/stm32f7xx_hal_dsi.o
                0x0000000008006674                HAL_DSI_ConfigPhyTimer
 .text.HAL_DSI_ConfigHostTimeouts
                0x0000000008006748      0x190 ./Drivers/STM32F7xx_HAL_Driver/Src/stm32f7xx_hal_dsi.o
                0x0000000008006748                HAL_DSI_ConfigHostTimeouts
 .text.HAL_DSI_Start
                0x00000000080068d8       0x78 ./Drivers/STM32F7xx_HAL_Driver/Src/stm32f7xx_hal_dsi.o
                0x00000000080068d8                HAL_DSI_Start
 .text.HAL_DSI_ShortWrite
                0x0000000008006950       0x44 ./Drivers/STM32F7xx_HAL_Driver/Src/stm32f7xx_hal_dsi.o
                0x0000000008006950                HAL_DSI_ShortWrite
 .text.HAL_DSI_LongWrite
                0x0000000008006994      0x130 ./Drivers/STM32F7xx_HAL_Driver/Src/stm32f7xx_hal_dsi.o
                0x0000000008006994                HAL_DSI_LongWrite
 .text.HAL_DSI_SetLowPowerRXFilter
                0x0000000008006ac4       0x5a ./Drivers/STM32F7xx_HAL_Driver/Src/stm32f7xx_hal_dsi.o
                0x0000000008006ac4                HAL_DSI_SetLowPowerRXFilter
 *fill*         0x0000000008006b1e        0x2 
 .text.HAL_GPIO_Init
                0x0000000008006b20      0x358 ./Drivers/STM32F7xx_HAL_Driver/Src/stm32f7xx_hal_gpio.o
                0x0000000008006b20                HAL_GPIO_Init
 .text.HAL_GPIO_DeInit
                0x0000000008006e78      0x218 ./Drivers/STM32F7xx_HAL_Driver/Src/stm32f7xx_hal_gpio.o
                0x0000000008006e78                HAL_GPIO_DeInit
 .text.HAL_GPIO_WritePin
                0x0000000008007090       0x32 ./Drivers/STM32F7xx_HAL_Driver/Src/stm32f7xx_hal_gpio.o
                0x0000000008007090                HAL_GPIO_WritePin
 *fill*         0x00000000080070c2        0x2 
 .text.HAL_I2C_Init
                0x00000000080070c4      0x120 ./Drivers/STM32F7xx_HAL_Driver/Src/stm32f7xx_hal_i2c.o
                0x00000000080070c4                HAL_I2C_Init
 .text.HAL_I2C_DeInit
                0x00000000080071e4       0x5e ./Drivers/STM32F7xx_HAL_Driver/Src/stm32f7xx_hal_i2c.o
                0x00000000080071e4                HAL_I2C_DeInit
 *fill*         0x0000000008007242        0x2 
 .text.HAL_I2C_Mem_Write
                0x0000000008007244      0x228 ./Drivers/STM32F7xx_HAL_Driver/Src/stm32f7xx_hal_i2c.o
                0x0000000008007244                HAL_I2C_Mem_Write
 .text.HAL_I2C_Mem_Read
                0x000000000800746c      0x234 ./Drivers/STM32F7xx_HAL_Driver/Src/stm32f7xx_hal_i2c.o
                0x000000000800746c                HAL_I2C_Mem_Read
 .text.HAL_I2C_GetState
                0x00000000080076a0       0x1c ./Drivers/STM32F7xx_HAL_Driver/Src/stm32f7xx_hal_i2c.o
                0x00000000080076a0                HAL_I2C_GetState
 .text.I2C_RequestMemoryWrite
                0x00000000080076bc       0xa8 ./Drivers/STM32F7xx_HAL_Driver/Src/stm32f7xx_hal_i2c.o
 .text.I2C_RequestMemoryRead
                0x0000000008007764       0xa8 ./Drivers/STM32F7xx_HAL_Driver/Src/stm32f7xx_hal_i2c.o
 .text.I2C_Flush_TXDR
                0x000000000800780c       0x48 ./Drivers/STM32F7xx_HAL_Driver/Src/stm32f7xx_hal_i2c.o
 .text.I2C_WaitOnFlagUntilTimeout
                0x0000000008007854       0x80 ./Drivers/STM32F7xx_HAL_Driver/Src/stm32f7xx_hal_i2c.o
 .text.I2C_WaitOnTXISFlagUntilTimeout
                0x00000000080078d4       0x80 ./Drivers/STM32F7xx_HAL_Driver/Src/stm32f7xx_hal_i2c.o
 .text.I2C_WaitOnSTOPFlagUntilTimeout
                0x0000000008007954       0x78 ./Drivers/STM32F7xx_HAL_Driver/Src/stm32f7xx_hal_i2c.o
 .text.I2C_IsErrorOccurred
                0x00000000080079cc      0x1c0 ./Drivers/STM32F7xx_HAL_Driver/Src/stm32f7xx_hal_i2c.o
 .text.I2C_TransferConfig
                0x0000000008007b8c       0x64 ./Drivers/STM32F7xx_HAL_Driver/Src/stm32f7xx_hal_i2c.o
 .text.HAL_I2CEx_ConfigAnalogFilter
                0x0000000008007bf0       0x96 ./Drivers/STM32F7xx_HAL_Driver/Src/stm32f7xx_hal_i2c_ex.o
                0x0000000008007bf0                HAL_I2CEx_ConfigAnalogFilter
 .text.HAL_I2CEx_ConfigDigitalFilter
                0x0000000008007c86       0x98 ./Drivers/STM32F7xx_HAL_Driver/Src/stm32f7xx_hal_i2c_ex.o
                0x0000000008007c86                HAL_I2CEx_ConfigDigitalFilter
 *fill*         0x0000000008007d1e        0x2 
 .text.HAL_LTDC_Init
                0x0000000008007d20      0x1a0 ./Drivers/STM32F7xx_HAL_Driver/Src/stm32f7xx_hal_ltdc.o
                0x0000000008007d20                HAL_LTDC_Init
 .text.HAL_LTDC_ConfigLayer
                0x0000000008007ec0       0x7c ./Drivers/STM32F7xx_HAL_Driver/Src/stm32f7xx_hal_ltdc.o
                0x0000000008007ec0                HAL_LTDC_ConfigLayer
 .text.LTDC_SetConfig
                0x0000000008007f3c      0x334 ./Drivers/STM32F7xx_HAL_Driver/Src/stm32f7xx_hal_ltdc.o
 .text.HAL_LTDCEx_StructInitFromVideoConfig
                0x0000000008008270       0xa0 ./Drivers/STM32F7xx_HAL_Driver/Src/stm32f7xx_hal_ltdc_ex.o
                0x0000000008008270                HAL_LTDCEx_StructInitFromVideoConfig
 .text.HAL_PWR_EnableBkUpAccess
                0x0000000008008310       0x20 ./Drivers/STM32F7xx_HAL_Driver/Src/stm32f7xx_hal_pwr.o
                0x0000000008008310                HAL_PWR_EnableBkUpAccess
 .text.HAL_PWREx_EnableOverDrive
                0x0000000008008330       0xa0 ./Drivers/STM32F7xx_HAL_Driver/Src/stm32f7xx_hal_pwr_ex.o
                0x0000000008008330                HAL_PWREx_EnableOverDrive
 .text.HAL_RCC_OscConfig
                0x00000000080083d0      0x55c ./Drivers/STM32F7xx_HAL_Driver/Src/stm32f7xx_hal_rcc.o
                0x00000000080083d0                HAL_RCC_OscConfig
 .text.HAL_RCC_ClockConfig
                0x000000000800892c      0x1d8 ./Drivers/STM32F7xx_HAL_Driver/Src/stm32f7xx_hal_rcc.o
                0x000000000800892c                HAL_RCC_ClockConfig
 .text.HAL_RCC_GetSysClockFreq
                0x0000000008008b04      0x18c ./Drivers/STM32F7xx_HAL_Driver/Src/stm32f7xx_hal_rcc.o
                0x0000000008008b04                HAL_RCC_GetSysClockFreq
 .text.HAL_RCC_GetHCLKFreq
                0x0000000008008c90       0x18 ./Drivers/STM32F7xx_HAL_Driver/Src/stm32f7xx_hal_rcc.o
                0x0000000008008c90                HAL_RCC_GetHCLKFreq
 .text.HAL_RCC_GetPCLK1Freq
                0x0000000008008ca8       0x28 ./Drivers/STM32F7xx_HAL_Driver/Src/stm32f7xx_hal_rcc.o
                0x0000000008008ca8                HAL_RCC_GetPCLK1Freq
 .text.HAL_RCC_GetPCLK2Freq
                0x0000000008008cd0       0x28 ./Drivers/STM32F7xx_HAL_Driver/Src/stm32f7xx_hal_rcc.o
                0x0000000008008cd0                HAL_RCC_GetPCLK2Freq
 .text.HAL_RCC_GetClockConfig
                0x0000000008008cf8       0x64 ./Drivers/STM32F7xx_HAL_Driver/Src/stm32f7xx_hal_rcc.o
                0x0000000008008cf8                HAL_RCC_GetClockConfig
 .text.HAL_RCCEx_PeriphCLKConfig
                0x0000000008008d5c      0x850 ./Drivers/STM32F7xx_HAL_Driver/Src/stm32f7xx_hal_rcc_ex.o
                0x0000000008008d5c                HAL_RCCEx_PeriphCLKConfig
 .text.HAL_SDRAM_Init
                0x00000000080095ac       0x68 ./Drivers/STM32F7xx_HAL_Driver/Src/stm32f7xx_hal_sdram.o
                0x00000000080095ac                HAL_SDRAM_Init
 .text.HAL_SDRAM_SendCommand
                0x0000000008009614       0x6a ./Drivers/STM32F7xx_HAL_Driver/Src/stm32f7xx_hal_sdram.o
                0x0000000008009614                HAL_SDRAM_SendCommand
 .text.HAL_SDRAM_ProgramRefreshRate
                0x000000000800967e       0x50 ./Drivers/STM32F7xx_HAL_Driver/Src/stm32f7xx_hal_sdram.o
                0x000000000800967e                HAL_SDRAM_ProgramRefreshRate
 .text.HAL_TIM_Base_Init
                0x00000000080096ce       0xae ./Drivers/STM32F7xx_HAL_Driver/Src/stm32f7xx_hal_tim.o
                0x00000000080096ce                HAL_TIM_Base_Init
 .text.HAL_TIM_Base_Start_IT
                0x000000000800977c       0xf0 ./Drivers/STM32F7xx_HAL_Driver/Src/stm32f7xx_hal_tim.o
                0x000000000800977c                HAL_TIM_Base_Start_IT
 .text.HAL_TIM_PWM_Init
                0x000000000800986c       0xae ./Drivers/STM32F7xx_HAL_Driver/Src/stm32f7xx_hal_tim.o
                0x000000000800986c                HAL_TIM_PWM_Init
 .text.HAL_TIM_IRQHandler
                0x000000000800991a      0x23e ./Drivers/STM32F7xx_HAL_Driver/Src/stm32f7xx_hal_tim.o
                0x000000000800991a                HAL_TIM_IRQHandler
 .text.HAL_TIM_PWM_ConfigChannel
                0x0000000008009b58      0x228 ./Drivers/STM32F7xx_HAL_Driver/Src/stm32f7xx_hal_tim.o
                0x0000000008009b58                HAL_TIM_PWM_ConfigChannel
 .text.HAL_TIM_ConfigClockSource
                0x0000000008009d80      0x194 ./Drivers/STM32F7xx_HAL_Driver/Src/stm32f7xx_hal_tim.o
                0x0000000008009d80                HAL_TIM_ConfigClockSource
 .text.HAL_TIM_OC_DelayElapsedCallback
                0x0000000008009f14       0x14 ./Drivers/STM32F7xx_HAL_Driver/Src/stm32f7xx_hal_tim.o
                0x0000000008009f14                HAL_TIM_OC_DelayElapsedCallback
 .text.HAL_TIM_IC_CaptureCallback
                0x0000000008009f28       0x14 ./Drivers/STM32F7xx_HAL_Driver/Src/stm32f7xx_hal_tim.o
                0x0000000008009f28                HAL_TIM_IC_CaptureCallback
 .text.HAL_TIM_PWM_PulseFinishedCallback
                0x0000000008009f3c       0x14 ./Drivers/STM32F7xx_HAL_Driver/Src/stm32f7xx_hal_tim.o
                0x0000000008009f3c                HAL_TIM_PWM_PulseFinishedCallback
 .text.HAL_TIM_TriggerCallback
                0x0000000008009f50       0x14 ./Drivers/STM32F7xx_HAL_Driver/Src/stm32f7xx_hal_tim.o
                0x0000000008009f50                HAL_TIM_TriggerCallback
 .text.TIM_Base_SetConfig
                0x0000000008009f64      0x140 ./Drivers/STM32F7xx_HAL_Driver/Src/stm32f7xx_hal_tim.o
                0x0000000008009f64                TIM_Base_SetConfig
 .text.TIM_OC1_SetConfig
                0x000000000800a0a4       0xe4 ./Drivers/STM32F7xx_HAL_Driver/Src/stm32f7xx_hal_tim.o
 .text.TIM_OC2_SetConfig
                0x000000000800a188       0xf0 ./Drivers/STM32F7xx_HAL_Driver/Src/stm32f7xx_hal_tim.o
                0x000000000800a188                TIM_OC2_SetConfig
 .text.TIM_OC3_SetConfig
                0x000000000800a278       0xec ./Drivers/STM32F7xx_HAL_Driver/Src/stm32f7xx_hal_tim.o
 .text.TIM_OC4_SetConfig
                0x000000000800a364       0xb0 ./Drivers/STM32F7xx_HAL_Driver/Src/stm32f7xx_hal_tim.o
 .text.TIM_OC5_SetConfig
                0x000000000800a414       0xa4 ./Drivers/STM32F7xx_HAL_Driver/Src/stm32f7xx_hal_tim.o
 .text.TIM_OC6_SetConfig
                0x000000000800a4b8       0xa8 ./Drivers/STM32F7xx_HAL_Driver/Src/stm32f7xx_hal_tim.o
 .text.TIM_TI1_ConfigInputStage
                0x000000000800a560       0x5e ./Drivers/STM32F7xx_HAL_Driver/Src/stm32f7xx_hal_tim.o
 .text.TIM_TI2_ConfigInputStage
                0x000000000800a5be       0x60 ./Drivers/STM32F7xx_HAL_Driver/Src/stm32f7xx_hal_tim.o
 .text.TIM_ITRx_SetConfig
                0x000000000800a61e       0x36 ./Drivers/STM32F7xx_HAL_Driver/Src/stm32f7xx_hal_tim.o
 .text.TIM_ETR_SetConfig
                0x000000000800a654       0x40 ./Drivers/STM32F7xx_HAL_Driver/Src/stm32f7xx_hal_tim.o
                0x000000000800a654                TIM_ETR_SetConfig
 .text.HAL_TIMEx_MasterConfigSynchronization
                0x000000000800a694      0x11c ./Drivers/STM32F7xx_HAL_Driver/Src/stm32f7xx_hal_tim_ex.o
                0x000000000800a694                HAL_TIMEx_MasterConfigSynchronization
 .text.HAL_TIMEx_CommutCallback
                0x000000000800a7b0       0x14 ./Drivers/STM32F7xx_HAL_Driver/Src/stm32f7xx_hal_tim_ex.o
                0x000000000800a7b0                HAL_TIMEx_CommutCallback
 .text.HAL_TIMEx_BreakCallback
                0x000000000800a7c4       0x14 ./Drivers/STM32F7xx_HAL_Driver/Src/stm32f7xx_hal_tim_ex.o
                0x000000000800a7c4                HAL_TIMEx_BreakCallback
 .text.HAL_TIMEx_Break2Callback
                0x000000000800a7d8       0x14 ./Drivers/STM32F7xx_HAL_Driver/Src/stm32f7xx_hal_tim_ex.o
                0x000000000800a7d8                HAL_TIMEx_Break2Callback
 .text.HAL_UART_Init
                0x000000000800a7ec       0x9c ./Drivers/STM32F7xx_HAL_Driver/Src/stm32f7xx_hal_uart.o
                0x000000000800a7ec                HAL_UART_Init
 .text.HAL_UART_IRQHandler
                0x000000000800a888      0x5d0 ./Drivers/STM32F7xx_HAL_Driver/Src/stm32f7xx_hal_uart.o
                0x000000000800a888                HAL_UART_IRQHandler
 .text.HAL_UART_TxCpltCallback
                0x000000000800ae58       0x14 ./Drivers/STM32F7xx_HAL_Driver/Src/stm32f7xx_hal_uart.o
                0x000000000800ae58                HAL_UART_TxCpltCallback
 .text.HAL_UART_ErrorCallback
                0x000000000800ae6c       0x14 ./Drivers/STM32F7xx_HAL_Driver/Src/stm32f7xx_hal_uart.o
                0x000000000800ae6c                HAL_UART_ErrorCallback
 .text.HAL_UARTEx_RxEventCallback
                0x000000000800ae80       0x18 ./Drivers/STM32F7xx_HAL_Driver/Src/stm32f7xx_hal_uart.o
                0x000000000800ae80                HAL_UARTEx_RxEventCallback
 .text.HAL_UARTEx_WakeupCallback
                0x000000000800ae98       0x14 ./Drivers/STM32F7xx_HAL_Driver/Src/stm32f7xx_hal_uart.o
                0x000000000800ae98                HAL_UARTEx_WakeupCallback
 .text.UART_SetConfig
                0x000000000800aeac      0x4c8 ./Drivers/STM32F7xx_HAL_Driver/Src/stm32f7xx_hal_uart.o
                0x000000000800aeac                UART_SetConfig
 .text.UART_AdvFeatureConfig
                0x000000000800b374      0x144 ./Drivers/STM32F7xx_HAL_Driver/Src/stm32f7xx_hal_uart.o
                0x000000000800b374                UART_AdvFeatureConfig
 .text.UART_CheckIdleState
                0x000000000800b4b8       0x9a ./Drivers/STM32F7xx_HAL_Driver/Src/stm32f7xx_hal_uart.o
                0x000000000800b4b8                UART_CheckIdleState
 .text.UART_WaitOnFlagUntilTimeout
                0x000000000800b552      0x18c ./Drivers/STM32F7xx_HAL_Driver/Src/stm32f7xx_hal_uart.o
                0x000000000800b552                UART_WaitOnFlagUntilTimeout
 .text.UART_EndRxTransfer
                0x000000000800b6de       0xc8 ./Drivers/STM32F7xx_HAL_Driver/Src/stm32f7xx_hal_uart.o
 .text.UART_DMAAbortOnError
                0x000000000800b7a6       0x2c ./Drivers/STM32F7xx_HAL_Driver/Src/stm32f7xx_hal_uart.o
 .text.UART_EndTransmit_IT
                0x000000000800b7d2       0x54 ./Drivers/STM32F7xx_HAL_Driver/Src/stm32f7xx_hal_uart.o
 *fill*         0x000000000800b826        0x2 
 .text.FMC_SDRAM_Init
                0x000000000800b828       0xb8 ./Drivers/STM32F7xx_HAL_Driver/Src/stm32f7xx_ll_fmc.o
                0x000000000800b828                FMC_SDRAM_Init
 .text.FMC_SDRAM_Timing_Init
                0x000000000800b8e0       0xd4 ./Drivers/STM32F7xx_HAL_Driver/Src/stm32f7xx_ll_fmc.o
                0x000000000800b8e0                FMC_SDRAM_Timing_Init
 .text.FMC_SDRAM_SendCommand
                0x000000000800b9b4       0x48 ./Drivers/STM32F7xx_HAL_Driver/Src/stm32f7xx_ll_fmc.o
                0x000000000800b9b4                FMC_SDRAM_SendCommand
 .text.FMC_SDRAM_ProgramRefreshRate
                0x000000000800b9fc       0x30 ./Drivers/STM32F7xx_HAL_Driver/Src/stm32f7xx_ll_fmc.o
                0x000000000800b9fc                FMC_SDRAM_ProgramRefreshRate
 .text.SVC_Setup
                0x000000000800ba2c        0xe ./Middlewares/Third_Party/FreeRTOS/Source/CMSIS_RTOS_V2/cmsis_os2.o
 *fill*         0x000000000800ba3a        0x2 
 .text.osKernelInitialize
                0x000000000800ba3c       0x68 ./Middlewares/Third_Party/FreeRTOS/Source/CMSIS_RTOS_V2/cmsis_os2.o
                0x000000000800ba3c                osKernelInitialize
 .text.osKernelStart
                0x000000000800baa4       0x6c ./Middlewares/Third_Party/FreeRTOS/Source/CMSIS_RTOS_V2/cmsis_os2.o
                0x000000000800baa4                osKernelStart
 .text.osThreadNew
                0x000000000800bb10      0x14c ./Middlewares/Third_Party/FreeRTOS/Source/CMSIS_RTOS_V2/cmsis_os2.o
                0x000000000800bb10                osThreadNew
 .text.osDelay  0x000000000800bc5c       0x5c ./Middlewares/Third_Party/FreeRTOS/Source/CMSIS_RTOS_V2/cmsis_os2.o
                0x000000000800bc5c                osDelay
 .text.vApplicationGetIdleTaskMemory
                0x000000000800bcb8       0x34 ./Middlewares/Third_Party/FreeRTOS/Source/CMSIS_RTOS_V2/cmsis_os2.o
                0x000000000800bcb8                vApplicationGetIdleTaskMemory
 .text.vApplicationGetTimerTaskMemory
                0x000000000800bcec       0x34 ./Middlewares/Third_Party/FreeRTOS/Source/CMSIS_RTOS_V2/cmsis_os2.o
                0x000000000800bcec                vApplicationGetTimerTaskMemory
 .text.vListInitialise
                0x000000000800bd20       0x40 ./Middlewares/Third_Party/FreeRTOS/Source/list.o
                0x000000000800bd20                vListInitialise
 .text.vListInitialiseItem
                0x000000000800bd60       0x1a ./Middlewares/Third_Party/FreeRTOS/Source/list.o
                0x000000000800bd60                vListInitialiseItem
 .text.vListInsertEnd
                0x000000000800bd7a       0x48 ./Middlewares/Third_Party/FreeRTOS/Source/list.o
                0x000000000800bd7a                vListInsertEnd
 .text.vListInsert
                0x000000000800bdc2       0x72 ./Middlewares/Third_Party/FreeRTOS/Source/list.o
                0x000000000800bdc2                vListInsert
 .text.uxListRemove
                0x000000000800be34       0x54 ./Middlewares/Third_Party/FreeRTOS/Source/list.o
                0x000000000800be34                uxListRemove
 .text.xQueueGenericReset
                0x000000000800be88       0xd4 ./Middlewares/Third_Party/FreeRTOS/Source/queue.o
                0x000000000800be88                xQueueGenericReset
 .text.xQueueGenericCreateStatic
                0x000000000800bf5c      0x104 ./Middlewares/Third_Party/FreeRTOS/Source/queue.o
                0x000000000800bf5c                xQueueGenericCreateStatic
 .text.xQueueGenericCreate
                0x000000000800c060       0x84 ./Middlewares/Third_Party/FreeRTOS/Source/queue.o
                0x000000000800c060                xQueueGenericCreate
 .text.prvInitialiseNewQueue
                0x000000000800c0e4       0x46 ./Middlewares/Third_Party/FreeRTOS/Source/queue.o
 *fill*         0x000000000800c12a        0x2 
 .text.xQueueGenericSend
                0x000000000800c12c      0x20c ./Middlewares/Third_Party/FreeRTOS/Source/queue.o
                0x000000000800c12c                xQueueGenericSend
 .text.xQueueGenericSendFromISR
                0x000000000800c338      0x140 ./Middlewares/Third_Party/FreeRTOS/Source/queue.o
                0x000000000800c338                xQueueGenericSendFromISR
 .text.xQueueGiveFromISR
                0x000000000800c478      0x12a ./Middlewares/Third_Party/FreeRTOS/Source/queue.o
                0x000000000800c478                xQueueGiveFromISR
 *fill*         0x000000000800c5a2        0x2 
 .text.xQueueReceive
                0x000000000800c5a4      0x1cc ./Middlewares/Third_Party/FreeRTOS/Source/queue.o
                0x000000000800c5a4                xQueueReceive
 .text.xQueueSemaphoreTake
                0x000000000800c770      0x228 ./Middlewares/Third_Party/FreeRTOS/Source/queue.o
                0x000000000800c770                xQueueSemaphoreTake
 .text.prvGetDisinheritPriorityAfterTimeout
                0x000000000800c998       0x30 ./Middlewares/Third_Party/FreeRTOS/Source/queue.o
 .text.prvCopyDataToQueue
                0x000000000800c9c8       0xd4 ./Middlewares/Third_Party/FreeRTOS/Source/queue.o
 .text.prvCopyDataFromQueue
                0x000000000800ca9c       0x4c ./Middlewares/Third_Party/FreeRTOS/Source/queue.o
 .text.prvUnlockQueue
                0x000000000800cae8       0xa4 ./Middlewares/Third_Party/FreeRTOS/Source/queue.o
 .text.prvIsQueueEmpty
                0x000000000800cb8c       0x2c ./Middlewares/Third_Party/FreeRTOS/Source/queue.o
 .text.prvIsQueueFull
                0x000000000800cbb8       0x30 ./Middlewares/Third_Party/FreeRTOS/Source/queue.o
 .text.vQueueAddToRegistry
                0x000000000800cbe8       0x54 ./Middlewares/Third_Party/FreeRTOS/Source/queue.o
                0x000000000800cbe8                vQueueAddToRegistry
 .text.vQueueWaitForMessageRestricted
                0x000000000800cc3c       0x68 ./Middlewares/Third_Party/FreeRTOS/Source/queue.o
                0x000000000800cc3c                vQueueWaitForMessageRestricted
 .text.xTaskCreateStatic
                0x000000000800cca4       0xc6 ./Middlewares/Third_Party/FreeRTOS/Source/tasks.o
                0x000000000800cca4                xTaskCreateStatic
 .text.xTaskCreate
                0x000000000800cd6a       0x8a ./Middlewares/Third_Party/FreeRTOS/Source/tasks.o
                0x000000000800cd6a                xTaskCreate
 .text.prvInitialiseNewTask
                0x000000000800cdf4      0x150 ./Middlewares/Third_Party/FreeRTOS/Source/tasks.o
 .text.prvAddNewTaskToReadyList
                0x000000000800cf44       0xe0 ./Middlewares/Third_Party/FreeRTOS/Source/tasks.o
 .text.vTaskDelay
                0x000000000800d024       0x6c ./Middlewares/Third_Party/FreeRTOS/Source/tasks.o
                0x000000000800d024                vTaskDelay
 .text.vTaskStartScheduler
                0x000000000800d090       0xe8 ./Middlewares/Third_Party/FreeRTOS/Source/tasks.o
                0x000000000800d090                vTaskStartScheduler
 .text.vTaskSuspendAll
                0x000000000800d178       0x1c ./Middlewares/Third_Party/FreeRTOS/Source/tasks.o
                0x000000000800d178                vTaskSuspendAll
 .text.xTaskResumeAll
                0x000000000800d194      0x140 ./Middlewares/Third_Party/FreeRTOS/Source/tasks.o
                0x000000000800d194                xTaskResumeAll
 .text.xTaskGetTickCount
                0x000000000800d2d4       0x20 ./Middlewares/Third_Party/FreeRTOS/Source/tasks.o
                0x000000000800d2d4                xTaskGetTickCount
 .text.xTaskIncrementTick
                0x000000000800d2f4      0x178 ./Middlewares/Third_Party/FreeRTOS/Source/tasks.o
                0x000000000800d2f4                xTaskIncrementTick
 .text.vTaskSwitchContext
                0x000000000800d46c       0xcc ./Middlewares/Third_Party/FreeRTOS/Source/tasks.o
                0x000000000800d46c                vTaskSwitchContext
 .text.vTaskPlaceOnEventList
                0x000000000800d538       0x4c ./Middlewares/Third_Party/FreeRTOS/Source/tasks.o
                0x000000000800d538                vTaskPlaceOnEventList
 .text.vTaskPlaceOnEventListRestricted
                0x000000000800d584       0x5c ./Middlewares/Third_Party/FreeRTOS/Source/tasks.o
                0x000000000800d584                vTaskPlaceOnEventListRestricted
 .text.xTaskRemoveFromEventList
                0x000000000800d5e0       0xcc ./Middlewares/Third_Party/FreeRTOS/Source/tasks.o
                0x000000000800d5e0                xTaskRemoveFromEventList
 .text.vTaskInternalSetTimeOutState
                0x000000000800d6ac       0x2c ./Middlewares/Third_Party/FreeRTOS/Source/tasks.o
                0x000000000800d6ac                vTaskInternalSetTimeOutState
 .text.xTaskCheckForTimeOut
                0x000000000800d6d8       0xcc ./Middlewares/Third_Party/FreeRTOS/Source/tasks.o
                0x000000000800d6d8                xTaskCheckForTimeOut
 .text.vTaskMissedYield
                0x000000000800d7a4       0x18 ./Middlewares/Third_Party/FreeRTOS/Source/tasks.o
                0x000000000800d7a4                vTaskMissedYield
 .text.prvIdleTask
                0x000000000800d7bc       0x30 ./Middlewares/Third_Party/FreeRTOS/Source/tasks.o
 .text.prvInitialiseTaskLists
                0x000000000800d7ec       0x80 ./Middlewares/Third_Party/FreeRTOS/Source/tasks.o
 .text.prvCheckTasksWaitingTermination
                0x000000000800d86c       0x5c ./Middlewares/Third_Party/FreeRTOS/Source/tasks.o
 .text.prvDeleteTCB
                0x000000000800d8c8       0x6c ./Middlewares/Third_Party/FreeRTOS/Source/tasks.o
 .text.prvResetNextTaskUnblockTime
                0x000000000800d934       0x40 ./Middlewares/Third_Party/FreeRTOS/Source/tasks.o
 .text.xTaskGetSchedulerState
                0x000000000800d974       0x3c ./Middlewares/Third_Party/FreeRTOS/Source/tasks.o
                0x000000000800d974                xTaskGetSchedulerState
 .text.xTaskPriorityInherit
                0x000000000800d9b0       0xd0 ./Middlewares/Third_Party/FreeRTOS/Source/tasks.o
                0x000000000800d9b0                xTaskPriorityInherit
 .text.xTaskPriorityDisinherit
                0x000000000800da80       0xe4 ./Middlewares/Third_Party/FreeRTOS/Source/tasks.o
                0x000000000800da80                xTaskPriorityDisinherit
 .text.vTaskPriorityDisinheritAfterTimeout
                0x000000000800db64      0x10c ./Middlewares/Third_Party/FreeRTOS/Source/tasks.o
                0x000000000800db64                vTaskPriorityDisinheritAfterTimeout
 .text.pvTaskIncrementMutexHeldCount
                0x000000000800dc70       0x28 ./Middlewares/Third_Party/FreeRTOS/Source/tasks.o
                0x000000000800dc70                pvTaskIncrementMutexHeldCount
 .text.ulTaskNotifyTake
                0x000000000800dc98       0x98 ./Middlewares/Third_Party/FreeRTOS/Source/tasks.o
                0x000000000800dc98                ulTaskNotifyTake
 .text.xTaskGenericNotify
                0x000000000800dd30      0x188 ./Middlewares/Third_Party/FreeRTOS/Source/tasks.o
                0x000000000800dd30                xTaskGenericNotify
 .text.prvAddCurrentTaskToDelayedList
                0x000000000800deb8       0xa8 ./Middlewares/Third_Party/FreeRTOS/Source/tasks.o
 .text.xTimerCreateTimerTask
                0x000000000800df60       0x94 ./Middlewares/Third_Party/FreeRTOS/Source/timers.o
                0x000000000800df60                xTimerCreateTimerTask
 .text.xTimerCreate
                0x000000000800dff4       0x42 ./Middlewares/Third_Party/FreeRTOS/Source/timers.o
                0x000000000800dff4                xTimerCreate
 .text.prvInitialiseNewTimer
                0x000000000800e036       0x7a ./Middlewares/Third_Party/FreeRTOS/Source/timers.o
 .text.xTimerGenericCommand
                0x000000000800e0b0       0xa0 ./Middlewares/Third_Party/FreeRTOS/Source/timers.o
                0x000000000800e0b0                xTimerGenericCommand
 .text.prvProcessExpiredTimer
                0x000000000800e150       0x9c ./Middlewares/Third_Party/FreeRTOS/Source/timers.o
 .text.prvTimerTask
                0x000000000800e1ec       0x24 ./Middlewares/Third_Party/FreeRTOS/Source/timers.o
 .text.prvProcessTimerOrBlockTask
                0x000000000800e210       0x9c ./Middlewares/Third_Party/FreeRTOS/Source/timers.o
 .text.prvGetNextExpireTime
                0x000000000800e2ac       0x48 ./Middlewares/Third_Party/FreeRTOS/Source/timers.o
 .text.prvSampleTimeNow
                0x000000000800e2f4       0x40 ./Middlewares/Third_Party/FreeRTOS/Source/timers.o
 .text.prvInsertTimerInActiveList
                0x000000000800e334       0x84 ./Middlewares/Third_Party/FreeRTOS/Source/timers.o
 .text.prvProcessReceivedCommands
                0x000000000800e3b8      0x1d0 ./Middlewares/Third_Party/FreeRTOS/Source/timers.o
 .text.prvSwitchTimerLists
                0x000000000800e588       0xcc ./Middlewares/Third_Party/FreeRTOS/Source/timers.o
 .text.prvCheckForValidListAndQueue
                0x000000000800e654       0x80 ./Middlewares/Third_Party/FreeRTOS/Source/timers.o
 .text.pxPortInitialiseStack
                0x000000000800e6d4       0x68 ./Middlewares/Third_Party/FreeRTOS/Source/portable/GCC/ARM_CM7/r0p1/port.o
                0x000000000800e6d4                pxPortInitialiseStack
 .text.prvTaskExitError
                0x000000000800e73c       0x60 ./Middlewares/Third_Party/FreeRTOS/Source/portable/GCC/ARM_CM7/r0p1/port.o
 *fill*         0x000000000800e79c        0x4 
 .text.SVC_Handler
                0x000000000800e7a0       0x28 ./Middlewares/Third_Party/FreeRTOS/Source/portable/GCC/ARM_CM7/r0p1/port.o
                0x000000000800e7a0                SVC_Handler
 .text.prvPortStartFirstTask
                0x000000000800e7c8       0x28 ./Middlewares/Third_Party/FreeRTOS/Source/portable/GCC/ARM_CM7/r0p1/port.o
 .text.xPortStartScheduler
                0x000000000800e7f0       0xfc ./Middlewares/Third_Party/FreeRTOS/Source/portable/GCC/ARM_CM7/r0p1/port.o
                0x000000000800e7f0                xPortStartScheduler
 .text.vPortEnterCritical
                0x000000000800e8ec       0x68 ./Middlewares/Third_Party/FreeRTOS/Source/portable/GCC/ARM_CM7/r0p1/port.o
                0x000000000800e8ec                vPortEnterCritical
 .text.vPortExitCritical
                0x000000000800e954       0x58 ./Middlewares/Third_Party/FreeRTOS/Source/portable/GCC/ARM_CM7/r0p1/port.o
                0x000000000800e954                vPortExitCritical
 *fill*         0x000000000800e9ac        0x4 
 .text.PendSV_Handler
                0x000000000800e9b0       0x68 ./Middlewares/Third_Party/FreeRTOS/Source/portable/GCC/ARM_CM7/r0p1/port.o
                0x000000000800e9b0                PendSV_Handler
 .text.SysTick_Handler
                0x000000000800ea18       0x48 ./Middlewares/Third_Party/FreeRTOS/Source/portable/GCC/ARM_CM7/r0p1/port.o
                0x000000000800ea18                SysTick_Handler
 .text.vPortSetupTimerInterrupt
                0x000000000800ea60       0x48 ./Middlewares/Third_Party/FreeRTOS/Source/portable/GCC/ARM_CM7/r0p1/port.o
                0x000000000800ea60                vPortSetupTimerInterrupt
 .text.vPortEnableVFP
                0x000000000800eaa8       0x14 ./Middlewares/Third_Party/FreeRTOS/Source/portable/GCC/ARM_CM7/r0p1/port.o
 .text.vPortValidateInterruptPriority
                0x000000000800eabc       0x88 ./Middlewares/Third_Party/FreeRTOS/Source/portable/GCC/ARM_CM7/r0p1/port.o
                0x000000000800eabc                vPortValidateInterruptPriority
 .text.pvPortMalloc
                0x000000000800eb44      0x194 ./Middlewares/Third_Party/FreeRTOS/Source/portable/MemMang/heap_4.o
                0x000000000800eb44                pvPortMalloc
 .text.vPortFree
                0x000000000800ecd8       0xbc ./Middlewares/Third_Party/FreeRTOS/Source/portable/MemMang/heap_4.o
                0x000000000800ecd8                vPortFree
 .text.prvHeapInit
                0x000000000800ed94       0xc4 ./Middlewares/Third_Party/FreeRTOS/Source/portable/MemMang/heap_4.o
 .text.prvInsertBlockIntoFreeList
                0x000000000800ee58       0xb4 ./Middlewares/Third_Party/FreeRTOS/Source/portable/MemMang/heap_4.o
 .text.srand    0x000000000800ef0c       0x5c C:/ST/STM32CubeIDE_1.12.1/STM32CubeIDE/plugins/com.st.stm32cube.ide.mcu.externaltools.gnu-tools-for-stm32.11.3.rel1.win32_1.1.1.202309131626/tools/bin/../lib/gcc/arm-none-eabi/11.3.1/../../../../arm-none-eabi/lib/thumb/v7e-m+dp/hard\libc_nano.a(libc_a-rand.o)
                0x000000000800ef0c                srand
 .text.rand     0x000000000800ef68       0x7c C:/ST/STM32CubeIDE_1.12.1/STM32CubeIDE/plugins/com.st.stm32cube.ide.mcu.externaltools.gnu-tools-for-stm32.11.3.rel1.win32_1.1.1.202309131626/tools/bin/../lib/gcc/arm-none-eabi/11.3.1/../../../../arm-none-eabi/lib/thumb/v7e-m+dp/hard\libc_nano.a(libc_a-rand.o)
                0x000000000800ef68                rand
 .text.std      0x000000000800efe4       0x6c C:/ST/STM32CubeIDE_1.12.1/STM32CubeIDE/plugins/com.st.stm32cube.ide.mcu.externaltools.gnu-tools-for-stm32.11.3.rel1.win32_1.1.1.202309131626/tools/bin/../lib/gcc/arm-none-eabi/11.3.1/../../../../arm-none-eabi/lib/thumb/v7e-m+dp/hard\libc_nano.a(libc_a-findfp.o)
 .text.stdio_exit_handler
                0x000000000800f050       0x18 C:/ST/STM32CubeIDE_1.12.1/STM32CubeIDE/plugins/com.st.stm32cube.ide.mcu.externaltools.gnu-tools-for-stm32.11.3.rel1.win32_1.1.1.202309131626/tools/bin/../lib/gcc/arm-none-eabi/11.3.1/../../../../arm-none-eabi/lib/thumb/v7e-m+dp/hard\libc_nano.a(libc_a-findfp.o)
 .text.cleanup_stdio
                0x000000000800f068       0x40 C:/ST/STM32CubeIDE_1.12.1/STM32CubeIDE/plugins/com.st.stm32cube.ide.mcu.externaltools.gnu-tools-for-stm32.11.3.rel1.win32_1.1.1.202309131626/tools/bin/../lib/gcc/arm-none-eabi/11.3.1/../../../../arm-none-eabi/lib/thumb/v7e-m+dp/hard\libc_nano.a(libc_a-findfp.o)
 .text.global_stdio_init.part.0
                0x000000000800f0a8       0x3c C:/ST/STM32CubeIDE_1.12.1/STM32CubeIDE/plugins/com.st.stm32cube.ide.mcu.externaltools.gnu-tools-for-stm32.11.3.rel1.win32_1.1.1.202309131626/tools/bin/../lib/gcc/arm-none-eabi/11.3.1/../../../../arm-none-eabi/lib/thumb/v7e-m+dp/hard\libc_nano.a(libc_a-findfp.o)
 .text.__sfp_lock_acquire
                0x000000000800f0e4        0xc C:/ST/STM32CubeIDE_1.12.1/STM32CubeIDE/plugins/com.st.stm32cube.ide.mcu.externaltools.gnu-tools-for-stm32.11.3.rel1.win32_1.1.1.202309131626/tools/bin/../lib/gcc/arm-none-eabi/11.3.1/../../../../arm-none-eabi/lib/thumb/v7e-m+dp/hard\libc_nano.a(libc_a-findfp.o)
                0x000000000800f0e4                __sfp_lock_acquire
 .text.__sfp_lock_release
                0x000000000800f0f0        0xc C:/ST/STM32CubeIDE_1.12.1/STM32CubeIDE/plugins/com.st.stm32cube.ide.mcu.externaltools.gnu-tools-for-stm32.11.3.rel1.win32_1.1.1.202309131626/tools/bin/../lib/gcc/arm-none-eabi/11.3.1/../../../../arm-none-eabi/lib/thumb/v7e-m+dp/hard\libc_nano.a(libc_a-findfp.o)
                0x000000000800f0f0                __sfp_lock_release
 .text.__sinit  0x000000000800f0fc       0x30 C:/ST/STM32CubeIDE_1.12.1/STM32CubeIDE/plugins/com.st.stm32cube.ide.mcu.externaltools.gnu-tools-for-stm32.11.3.rel1.win32_1.1.1.202309131626/tools/bin/../lib/gcc/arm-none-eabi/11.3.1/../../../../arm-none-eabi/lib/thumb/v7e-m+dp/hard\libc_nano.a(libc_a-findfp.o)
                0x000000000800f0fc                __sinit
 .text._fwalk_sglue
                0x000000000800f12c       0x3c C:/ST/STM32CubeIDE_1.12.1/STM32CubeIDE/plugins/com.st.stm32cube.ide.mcu.externaltools.gnu-tools-for-stm32.11.3.rel1.win32_1.1.1.202309131626/tools/bin/../lib/gcc/arm-none-eabi/11.3.1/../../../../arm-none-eabi/lib/thumb/v7e-m+dp/hard\libc_nano.a(libc_a-fwalk.o)
                0x000000000800f12c                _fwalk_sglue
 .text.sprintf  0x000000000800f168       0x40 C:/ST/STM32CubeIDE_1.12.1/STM32CubeIDE/plugins/com.st.stm32cube.ide.mcu.externaltools.gnu-tools-for-stm32.11.3.rel1.win32_1.1.1.202309131626/tools/bin/../lib/gcc/arm-none-eabi/11.3.1/../../../../arm-none-eabi/lib/thumb/v7e-m+dp/hard\libc_nano.a(libc_a-sprintf.o)
                0x000000000800f168                siprintf
                0x000000000800f168                sprintf
 .text.__sread  0x000000000800f1a8       0x22 C:/ST/STM32CubeIDE_1.12.1/STM32CubeIDE/plugins/com.st.stm32cube.ide.mcu.externaltools.gnu-tools-for-stm32.11.3.rel1.win32_1.1.1.202309131626/tools/bin/../lib/gcc/arm-none-eabi/11.3.1/../../../../arm-none-eabi/lib/thumb/v7e-m+dp/hard\libc_nano.a(libc_a-stdio.o)
                0x000000000800f1a8                __sread
 .text.__swrite
                0x000000000800f1ca       0x38 C:/ST/STM32CubeIDE_1.12.1/STM32CubeIDE/plugins/com.st.stm32cube.ide.mcu.externaltools.gnu-tools-for-stm32.11.3.rel1.win32_1.1.1.202309131626/tools/bin/../lib/gcc/arm-none-eabi/11.3.1/../../../../arm-none-eabi/lib/thumb/v7e-m+dp/hard\libc_nano.a(libc_a-stdio.o)
                0x000000000800f1ca                __swrite
 .text.__sseek  0x000000000800f202       0x24 C:/ST/STM32CubeIDE_1.12.1/STM32CubeIDE/plugins/com.st.stm32cube.ide.mcu.externaltools.gnu-tools-for-stm32.11.3.rel1.win32_1.1.1.202309131626/tools/bin/../lib/gcc/arm-none-eabi/11.3.1/../../../../arm-none-eabi/lib/thumb/v7e-m+dp/hard\libc_nano.a(libc_a-stdio.o)
                0x000000000800f202                __sseek
 .text.__sclose
                0x000000000800f226        0x8 C:/ST/STM32CubeIDE_1.12.1/STM32CubeIDE/plugins/com.st.stm32cube.ide.mcu.externaltools.gnu-tools-for-stm32.11.3.rel1.win32_1.1.1.202309131626/tools/bin/../lib/gcc/arm-none-eabi/11.3.1/../../../../arm-none-eabi/lib/thumb/v7e-m+dp/hard\libc_nano.a(libc_a-stdio.o)
                0x000000000800f226                __sclose
 .text.memset   0x000000000800f22e       0x10 C:/ST/STM32CubeIDE_1.12.1/STM32CubeIDE/plugins/com.st.stm32cube.ide.mcu.externaltools.gnu-tools-for-stm32.11.3.rel1.win32_1.1.1.202309131626/tools/bin/../lib/gcc/arm-none-eabi/11.3.1/../../../../arm-none-eabi/lib/thumb/v7e-m+dp/hard\libc_nano.a(libc_a-memset.o)
                0x000000000800f22e                memset
 *fill*         0x000000000800f23e        0x2 
 .text._close_r
                0x000000000800f240       0x20 C:/ST/STM32CubeIDE_1.12.1/STM32CubeIDE/plugins/com.st.stm32cube.ide.mcu.externaltools.gnu-tools-for-stm32.11.3.rel1.win32_1.1.1.202309131626/tools/bin/../lib/gcc/arm-none-eabi/11.3.1/../../../../arm-none-eabi/lib/thumb/v7e-m+dp/hard\libc_nano.a(libc_a-closer.o)
                0x000000000800f240                _close_r
 .text._reclaim_reent
                0x000000000800f260       0xac C:/ST/STM32CubeIDE_1.12.1/STM32CubeIDE/plugins/com.st.stm32cube.ide.mcu.externaltools.gnu-tools-for-stm32.11.3.rel1.win32_1.1.1.202309131626/tools/bin/../lib/gcc/arm-none-eabi/11.3.1/../../../../arm-none-eabi/lib/thumb/v7e-m+dp/hard\libc_nano.a(libc_a-reent.o)
                0x000000000800f260                _reclaim_reent
 .text._lseek_r
                0x000000000800f30c       0x24 C:/ST/STM32CubeIDE_1.12.1/STM32CubeIDE/plugins/com.st.stm32cube.ide.mcu.externaltools.gnu-tools-for-stm32.11.3.rel1.win32_1.1.1.202309131626/tools/bin/../lib/gcc/arm-none-eabi/11.3.1/../../../../arm-none-eabi/lib/thumb/v7e-m+dp/hard\libc_nano.a(libc_a-lseekr.o)
                0x000000000800f30c                _lseek_r
 .text._read_r  0x000000000800f330       0x24 C:/ST/STM32CubeIDE_1.12.1/STM32CubeIDE/plugins/com.st.stm32cube.ide.mcu.externaltools.gnu-tools-for-stm32.11.3.rel1.win32_1.1.1.202309131626/tools/bin/../lib/gcc/arm-none-eabi/11.3.1/../../../../arm-none-eabi/lib/thumb/v7e-m+dp/hard\libc_nano.a(libc_a-readr.o)
                0x000000000800f330                _read_r
 .text._write_r
                0x000000000800f354       0x24 C:/ST/STM32CubeIDE_1.12.1/STM32CubeIDE/plugins/com.st.stm32cube.ide.mcu.externaltools.gnu-tools-for-stm32.11.3.rel1.win32_1.1.1.202309131626/tools/bin/../lib/gcc/arm-none-eabi/11.3.1/../../../../arm-none-eabi/lib/thumb/v7e-m+dp/hard\libc_nano.a(libc_a-writer.o)
                0x000000000800f354                _write_r
 .text.__errno  0x000000000800f378        0xc C:/ST/STM32CubeIDE_1.12.1/STM32CubeIDE/plugins/com.st.stm32cube.ide.mcu.externaltools.gnu-tools-for-stm32.11.3.rel1.win32_1.1.1.202309131626/tools/bin/../lib/gcc/arm-none-eabi/11.3.1/../../../../arm-none-eabi/lib/thumb/v7e-m+dp/hard\libc_nano.a(libc_a-errno.o)
                0x000000000800f378                __errno
 .text.__libc_init_array
                0x000000000800f384       0x48 C:/ST/STM32CubeIDE_1.12.1/STM32CubeIDE/plugins/com.st.stm32cube.ide.mcu.externaltools.gnu-tools-for-stm32.11.3.rel1.win32_1.1.1.202309131626/tools/bin/../lib/gcc/arm-none-eabi/11.3.1/../../../../arm-none-eabi/lib/thumb/v7e-m+dp/hard\libc_nano.a(libc_a-init.o)
                0x000000000800f384                __libc_init_array
 .text.__retarget_lock_init_recursive
                0x000000000800f3cc        0x2 C:/ST/STM32CubeIDE_1.12.1/STM32CubeIDE/plugins/com.st.stm32cube.ide.mcu.externaltools.gnu-tools-for-stm32.11.3.rel1.win32_1.1.1.202309131626/tools/bin/../lib/gcc/arm-none-eabi/11.3.1/../../../../arm-none-eabi/lib/thumb/v7e-m+dp/hard\libc_nano.a(libc_a-lock.o)
                0x000000000800f3cc                __retarget_lock_init_recursive
 .text.__retarget_lock_acquire_recursive
                0x000000000800f3ce        0x2 C:/ST/STM32CubeIDE_1.12.1/STM32CubeIDE/plugins/com.st.stm32cube.ide.mcu.externaltools.gnu-tools-for-stm32.11.3.rel1.win32_1.1.1.202309131626/tools/bin/../lib/gcc/arm-none-eabi/11.3.1/../../../../arm-none-eabi/lib/thumb/v7e-m+dp/hard\libc_nano.a(libc_a-lock.o)
                0x000000000800f3ce                __retarget_lock_acquire_recursive
 .text.__retarget_lock_release_recursive
                0x000000000800f3d0        0x2 C:/ST/STM32CubeIDE_1.12.1/STM32CubeIDE/plugins/com.st.stm32cube.ide.mcu.externaltools.gnu-tools-for-stm32.11.3.rel1.win32_1.1.1.202309131626/tools/bin/../lib/gcc/arm-none-eabi/11.3.1/../../../../arm-none-eabi/lib/thumb/v7e-m+dp/hard\libc_nano.a(libc_a-lock.o)
                0x000000000800f3d0                __retarget_lock_release_recursive
 .text.memcpy   0x000000000800f3d2       0x1c C:/ST/STM32CubeIDE_1.12.1/STM32CubeIDE/plugins/com.st.stm32cube.ide.mcu.externaltools.gnu-tools-for-stm32.11.3.rel1.win32_1.1.1.202309131626/tools/bin/../lib/gcc/arm-none-eabi/11.3.1/../../../../arm-none-eabi/lib/thumb/v7e-m+dp/hard\libc_nano.a(libc_a-memcpy-stub.o)
                0x000000000800f3d2                memcpy
 *fill*         0x000000000800f3ee        0x2 
 .text.__assert_func
                0x000000000800f3f0       0x3c C:/ST/STM32CubeIDE_1.12.1/STM32CubeIDE/plugins/com.st.stm32cube.ide.mcu.externaltools.gnu-tools-for-stm32.11.3.rel1.win32_1.1.1.202309131626/tools/bin/../lib/gcc/arm-none-eabi/11.3.1/../../../../arm-none-eabi/lib/thumb/v7e-m+dp/hard\libc_nano.a(libc_a-assert.o)
                0x000000000800f3f0                __assert_func
 .text._free_r  0x000000000800f42c       0x98 C:/ST/STM32CubeIDE_1.12.1/STM32CubeIDE/plugins/com.st.stm32cube.ide.mcu.externaltools.gnu-tools-for-stm32.11.3.rel1.win32_1.1.1.202309131626/tools/bin/../lib/gcc/arm-none-eabi/11.3.1/../../../../arm-none-eabi/lib/thumb/v7e-m+dp/hard\libc_nano.a(libc_a-freer.o)
                0x000000000800f42c                _free_r
 .text.malloc   0x000000000800f4c4       0x10 C:/ST/STM32CubeIDE_1.12.1/STM32CubeIDE/plugins/com.st.stm32cube.ide.mcu.externaltools.gnu-tools-for-stm32.11.3.rel1.win32_1.1.1.202309131626/tools/bin/../lib/gcc/arm-none-eabi/11.3.1/../../../../arm-none-eabi/lib/thumb/v7e-m+dp/hard\libc_nano.a(libc_a-malloc.o)
                0x000000000800f4c4                malloc
 .text.sbrk_aligned
                0x000000000800f4d4       0x40 C:/ST/STM32CubeIDE_1.12.1/STM32CubeIDE/plugins/com.st.stm32cube.ide.mcu.externaltools.gnu-tools-for-stm32.11.3.rel1.win32_1.1.1.202309131626/tools/bin/../lib/gcc/arm-none-eabi/11.3.1/../../../../arm-none-eabi/lib/thumb/v7e-m+dp/hard\libc_nano.a(libc_a-mallocr.o)
 .text._malloc_r
                0x000000000800f514      0x100 C:/ST/STM32CubeIDE_1.12.1/STM32CubeIDE/plugins/com.st.stm32cube.ide.mcu.externaltools.gnu-tools-for-stm32.11.3.rel1.win32_1.1.1.202309131626/tools/bin/../lib/gcc/arm-none-eabi/11.3.1/../../../../arm-none-eabi/lib/thumb/v7e-m+dp/hard\libc_nano.a(libc_a-mallocr.o)
                0x000000000800f514                _malloc_r
 .text.__malloc_lock
                0x000000000800f614        0xc C:/ST/STM32CubeIDE_1.12.1/STM32CubeIDE/plugins/com.st.stm32cube.ide.mcu.externaltools.gnu-tools-for-stm32.11.3.rel1.win32_1.1.1.202309131626/tools/bin/../lib/gcc/arm-none-eabi/11.3.1/../../../../arm-none-eabi/lib/thumb/v7e-m+dp/hard\libc_nano.a(libc_a-mlock.o)
                0x000000000800f614                __malloc_lock
 .text.__malloc_unlock
                0x000000000800f620        0xc C:/ST/STM32CubeIDE_1.12.1/STM32CubeIDE/plugins/com.st.stm32cube.ide.mcu.externaltools.gnu-tools-for-stm32.11.3.rel1.win32_1.1.1.202309131626/tools/bin/../lib/gcc/arm-none-eabi/11.3.1/../../../../arm-none-eabi/lib/thumb/v7e-m+dp/hard\libc_nano.a(libc_a-mlock.o)
                0x000000000800f620                __malloc_unlock
 .text.__ssputs_r
                0x000000000800f62c       0xb4 C:/ST/STM32CubeIDE_1.12.1/STM32CubeIDE/plugins/com.st.stm32cube.ide.mcu.externaltools.gnu-tools-for-stm32.11.3.rel1.win32_1.1.1.202309131626/tools/bin/../lib/gcc/arm-none-eabi/11.3.1/../../../../arm-none-eabi/lib/thumb/v7e-m+dp/hard\libc_nano.a(libc_a-nano-svfprintf.o)
                0x000000000800f62c                __ssputs_r
 .text._svfprintf_r
                0x000000000800f6e0      0x1fc C:/ST/STM32CubeIDE_1.12.1/STM32CubeIDE/plugins/com.st.stm32cube.ide.mcu.externaltools.gnu-tools-for-stm32.11.3.rel1.win32_1.1.1.202309131626/tools/bin/../lib/gcc/arm-none-eabi/11.3.1/../../../../arm-none-eabi/lib/thumb/v7e-m+dp/hard\libc_nano.a(libc_a-nano-svfprintf.o)
                0x000000000800f6e0                _svfiprintf_r
                0x000000000800f6e0                _svfprintf_r
 .text._printf_common
                0x000000000800f8dc       0xda C:/ST/STM32CubeIDE_1.12.1/STM32CubeIDE/plugins/com.st.stm32cube.ide.mcu.externaltools.gnu-tools-for-stm32.11.3.rel1.win32_1.1.1.202309131626/tools/bin/../lib/gcc/arm-none-eabi/11.3.1/../../../../arm-none-eabi/lib/thumb/v7e-m+dp/hard\libc_nano.a(libc_a-nano-vfprintf_i.o)
                0x000000000800f8dc                _printf_common
 *fill*         0x000000000800f9b6        0x2 
 .text._printf_i
                0x000000000800f9b8      0x244 C:/ST/STM32CubeIDE_1.12.1/STM32CubeIDE/plugins/com.st.stm32cube.ide.mcu.externaltools.gnu-tools-for-stm32.11.3.rel1.win32_1.1.1.202309131626/tools/bin/../lib/gcc/arm-none-eabi/11.3.1/../../../../arm-none-eabi/lib/thumb/v7e-m+dp/hard\libc_nano.a(libc_a-nano-vfprintf_i.o)
                0x000000000800f9b8                _printf_i
 .text.__sflush_r
                0x000000000800fbfc      0x10c C:/ST/STM32CubeIDE_1.12.1/STM32CubeIDE/plugins/com.st.stm32cube.ide.mcu.externaltools.gnu-tools-for-stm32.11.3.rel1.win32_1.1.1.202309131626/tools/bin/../lib/gcc/arm-none-eabi/11.3.1/../../../../arm-none-eabi/lib/thumb/v7e-m+dp/hard\libc_nano.a(libc_a-fflush.o)
                0x000000000800fbfc                __sflush_r
 .text._fflush_r
                0x000000000800fd08       0x50 C:/ST/STM32CubeIDE_1.12.1/STM32CubeIDE/plugins/com.st.stm32cube.ide.mcu.externaltools.gnu-tools-for-stm32.11.3.rel1.win32_1.1.1.202309131626/tools/bin/../lib/gcc/arm-none-eabi/11.3.1/../../../../arm-none-eabi/lib/thumb/v7e-m+dp/hard\libc_nano.a(libc_a-fflush.o)
                0x000000000800fd08                _fflush_r
 .text.fprintf  0x000000000800fd58       0x24 C:/ST/STM32CubeIDE_1.12.1/STM32CubeIDE/plugins/com.st.stm32cube.ide.mcu.externaltools.gnu-tools-for-stm32.11.3.rel1.win32_1.1.1.202309131626/tools/bin/../lib/gcc/arm-none-eabi/11.3.1/../../../../arm-none-eabi/lib/thumb/v7e-m+dp/hard\libc_nano.a(libc_a-fprintf.o)
                0x000000000800fd58                fiprintf
                0x000000000800fd58                fprintf
 .text.memmove  0x000000000800fd7c       0x34 C:/ST/STM32CubeIDE_1.12.1/STM32CubeIDE/plugins/com.st.stm32cube.ide.mcu.externaltools.gnu-tools-for-stm32.11.3.rel1.win32_1.1.1.202309131626/tools/bin/../lib/gcc/arm-none-eabi/11.3.1/../../../../arm-none-eabi/lib/thumb/v7e-m+dp/hard\libc_nano.a(libc_a-memmove.o)
                0x000000000800fd7c                memmove
 .text._sbrk_r  0x000000000800fdb0       0x20 C:/ST/STM32CubeIDE_1.12.1/STM32CubeIDE/plugins/com.st.stm32cube.ide.mcu.externaltools.gnu-tools-for-stm32.11.3.rel1.win32_1.1.1.202309131626/tools/bin/../lib/gcc/arm-none-eabi/11.3.1/../../../../arm-none-eabi/lib/thumb/v7e-m+dp/hard\libc_nano.a(libc_a-sbrkr.o)
                0x000000000800fdb0                _sbrk_r
 .text.abort    0x000000000800fdd0        0xe C:/ST/STM32CubeIDE_1.12.1/STM32CubeIDE/plugins/com.st.stm32cube.ide.mcu.externaltools.gnu-tools-for-stm32.11.3.rel1.win32_1.1.1.202309131626/tools/bin/../lib/gcc/arm-none-eabi/11.3.1/../../../../arm-none-eabi/lib/thumb/v7e-m+dp/hard\libc_nano.a(libc_a-abort.o)
                0x000000000800fdd0                abort
 .text._realloc_r
                0x000000000800fdde       0x5e C:/ST/STM32CubeIDE_1.12.1/STM32CubeIDE/plugins/com.st.stm32cube.ide.mcu.externaltools.gnu-tools-for-stm32.11.3.rel1.win32_1.1.1.202309131626/tools/bin/../lib/gcc/arm-none-eabi/11.3.1/../../../../arm-none-eabi/lib/thumb/v7e-m+dp/hard\libc_nano.a(libc_a-reallocr.o)
                0x000000000800fdde                _realloc_r
 .text.__sfputc_r
                0x000000000800fe3c       0x2e C:/ST/STM32CubeIDE_1.12.1/STM32CubeIDE/plugins/com.st.stm32cube.ide.mcu.externaltools.gnu-tools-for-stm32.11.3.rel1.win32_1.1.1.202309131626/tools/bin/../lib/gcc/arm-none-eabi/11.3.1/../../../../arm-none-eabi/lib/thumb/v7e-m+dp/hard\libc_nano.a(libc_a-nano-vfprintf.o)
 .text.__sfputs_r
                0x000000000800fe6a       0x24 C:/ST/STM32CubeIDE_1.12.1/STM32CubeIDE/plugins/com.st.stm32cube.ide.mcu.externaltools.gnu-tools-for-stm32.11.3.rel1.win32_1.1.1.202309131626/tools/bin/../lib/gcc/arm-none-eabi/11.3.1/../../../../arm-none-eabi/lib/thumb/v7e-m+dp/hard\libc_nano.a(libc_a-nano-vfprintf.o)
                0x000000000800fe6a                __sfputs_r
 *fill*         0x000000000800fe8e        0x2 
 .text._vfprintf_r
                0x000000000800fe90      0x234 C:/ST/STM32CubeIDE_1.12.1/STM32CubeIDE/plugins/com.st.stm32cube.ide.mcu.externaltools.gnu-tools-for-stm32.11.3.rel1.win32_1.1.1.202309131626/tools/bin/../lib/gcc/arm-none-eabi/11.3.1/../../../../arm-none-eabi/lib/thumb/v7e-m+dp/hard\libc_nano.a(libc_a-nano-vfprintf.o)
                0x000000000800fe90                _vfprintf_r
                0x000000000800fe90                _vfiprintf_r
 .text.__swbuf_r
                0x00000000080100c4       0x7a C:/ST/STM32CubeIDE_1.12.1/STM32CubeIDE/plugins/com.st.stm32cube.ide.mcu.externaltools.gnu-tools-for-stm32.11.3.rel1.win32_1.1.1.202309131626/tools/bin/../lib/gcc/arm-none-eabi/11.3.1/../../../../arm-none-eabi/lib/thumb/v7e-m+dp/hard\libc_nano.a(libc_a-wbuf.o)
                0x00000000080100c4                __swbuf_r
 *fill*         0x000000000801013e        0x2 
 .text.__swsetup_r
                0x0000000008010140       0xb0 C:/ST/STM32CubeIDE_1.12.1/STM32CubeIDE/plugins/com.st.stm32cube.ide.mcu.externaltools.gnu-tools-for-stm32.11.3.rel1.win32_1.1.1.202309131626/tools/bin/../lib/gcc/arm-none-eabi/11.3.1/../../../../arm-none-eabi/lib/thumb/v7e-m+dp/hard\libc_nano.a(libc_a-wsetup.o)
                0x0000000008010140                __swsetup_r
 .text._raise_r
                0x00000000080101f0       0x50 C:/ST/STM32CubeIDE_1.12.1/STM32CubeIDE/plugins/com.st.stm32cube.ide.mcu.externaltools.gnu-tools-for-stm32.11.3.rel1.win32_1.1.1.202309131626/tools/bin/../lib/gcc/arm-none-eabi/11.3.1/../../../../arm-none-eabi/lib/thumb/v7e-m+dp/hard\libc_nano.a(libc_a-signal.o)
                0x00000000080101f0                _raise_r
 .text.raise    0x0000000008010240       0x10 C:/ST/STM32CubeIDE_1.12.1/STM32CubeIDE/plugins/com.st.stm32cube.ide.mcu.externaltools.gnu-tools-for-stm32.11.3.rel1.win32_1.1.1.202309131626/tools/bin/../lib/gcc/arm-none-eabi/11.3.1/../../../../arm-none-eabi/lib/thumb/v7e-m+dp/hard\libc_nano.a(libc_a-signal.o)
                0x0000000008010240                raise
 .text._kill_r  0x0000000008010250       0x24 C:/ST/STM32CubeIDE_1.12.1/STM32CubeIDE/plugins/com.st.stm32cube.ide.mcu.externaltools.gnu-tools-for-stm32.11.3.rel1.win32_1.1.1.202309131626/tools/bin/../lib/gcc/arm-none-eabi/11.3.1/../../../../arm-none-eabi/lib/thumb/v7e-m+dp/hard\libc_nano.a(libc_a-signalr.o)
                0x0000000008010250                _kill_r
 .text._getpid_r
                0x0000000008010274        0x4 C:/ST/STM32CubeIDE_1.12.1/STM32CubeIDE/plugins/com.st.stm32cube.ide.mcu.externaltools.gnu-tools-for-stm32.11.3.rel1.win32_1.1.1.202309131626/tools/bin/../lib/gcc/arm-none-eabi/11.3.1/../../../../arm-none-eabi/lib/thumb/v7e-m+dp/hard\libc_nano.a(libc_a-signalr.o)
                0x0000000008010274                _getpid_r
 .text._malloc_usable_size_r
                0x0000000008010278       0x10 C:/ST/STM32CubeIDE_1.12.1/STM32CubeIDE/plugins/com.st.stm32cube.ide.mcu.externaltools.gnu-tools-for-stm32.11.3.rel1.win32_1.1.1.202309131626/tools/bin/../lib/gcc/arm-none-eabi/11.3.1/../../../../arm-none-eabi/lib/thumb/v7e-m+dp/hard\libc_nano.a(libc_a-msizer.o)
                0x0000000008010278                _malloc_usable_size_r
 .text.__swhatbuf_r
                0x0000000008010288       0x4c C:/ST/STM32CubeIDE_1.12.1/STM32CubeIDE/plugins/com.st.stm32cube.ide.mcu.externaltools.gnu-tools-for-stm32.11.3.rel1.win32_1.1.1.202309131626/tools/bin/../lib/gcc/arm-none-eabi/11.3.1/../../../../arm-none-eabi/lib/thumb/v7e-m+dp/hard\libc_nano.a(libc_a-makebuf.o)
                0x0000000008010288                __swhatbuf_r
 .text.__smakebuf_r
                0x00000000080102d4       0x78 C:/ST/STM32CubeIDE_1.12.1/STM32CubeIDE/plugins/com.st.stm32cube.ide.mcu.externaltools.gnu-tools-for-stm32.11.3.rel1.win32_1.1.1.202309131626/tools/bin/../lib/gcc/arm-none-eabi/11.3.1/../../../../arm-none-eabi/lib/thumb/v7e-m+dp/hard\libc_nano.a(libc_a-makebuf.o)
                0x00000000080102d4                __smakebuf_r
 .text._fstat_r
                0x000000000801034c       0x24 C:/ST/STM32CubeIDE_1.12.1/STM32CubeIDE/plugins/com.st.stm32cube.ide.mcu.externaltools.gnu-tools-for-stm32.11.3.rel1.win32_1.1.1.202309131626/tools/bin/../lib/gcc/arm-none-eabi/11.3.1/../../../../arm-none-eabi/lib/thumb/v7e-m+dp/hard\libc_nano.a(libc_a-fstatr.o)
                0x000000000801034c                _fstat_r
 .text._isatty_r