../Drivers/CMSIS/Include/core_cm7.h:2229:22:SCB_EnableICache	4	static,ignoring_inline_asm
../Drivers/CMSIS/Include/core_cm7.h:2281:22:SCB_EnableDCache	24	static,ignoring_inline_asm
../Core/Src/main.c:71:6:xSystemClock_Config	96	static
../Core/Src/main.c:126:5:main	24	static
../Core/Src/main.c:211:6:SystemClock_Config	88	static
../Core/Src/main.c:264:6:BSP_SDRAM_Initialization_sequence	24	static
../Core/Src/main.c:334:13:I2Cx_Init	16	static
../Core/Src/main.c:362:26:I2Cx_ReadMultiple	48	static
../Core/Src/main.c:388:26:I2Cx_WriteMultiple	48	static
../Core/Src/main.c:412:26:I2Cx_IsDeviceReady	24	static
../Core/Src/main.c:424:13:I2Cx_Error	16	static
../Core/Src/main.c:438:6:TS_IO_Init	8	static
../Core/Src/main.c:449:6:TS_IO_Write	24	static
../Core/Src/main.c:460:9:TS_IO_Read	32	static
../Core/Src/main.c:478:10:TS_IO_ReadMultiple	24	static
../Core/Src/main.c:493:6:TS_IO_WriteMultiple	24	static
../Core/Src/main.c:504:6:TS_IO_Delay	16	static
../Core/Src/main.c:518:6:HAL_TIM_PeriodElapsedCallback	16	static
../Core/Src/main.c:537:6:Error_Handler	4	static
