../Drivers/CMSIS/Include/core_cm7.h:2229:22:SCB_EnableICache	4	static,ignoring_inline_asm
../Drivers/CMSIS/Include/core_cm7.h:2281:22:SCB_EnableDCache	24	static,ignoring_inline_asm
../Core/Src/main.c:71:6:xSystemClock_Config	96	static
../Core/Src/main.c:130:5:main	24	static
../Core/Src/main.c:223:6:SystemClock_Config	88	static
../Core/Src/main.c:279:6:BSP_SDRAM_Initialization_sequence	24	static
../Core/Src/main.c:348:13:I2Cx_Init	16	static
../Core/Src/main.c:380:26:I2Cx_ReadMultiple	48	static
../Core/Src/main.c:406:26:I2Cx_WriteMultiple	48	static
../Core/Src/main.c:429:26:I2Cx_IsDeviceReady	24	static
../Core/Src/main.c:441:13:I2Cx_Error	16	static
../Core/Src/main.c:457:6:TS_IO_Init	8	static
../Core/Src/main.c:469:6:TS_IO_Write	24	static
../Core/Src/main.c:480:9:TS_IO_Read	32	static
../Core/Src/main.c:498:10:TS_IO_ReadMultiple	24	static
../Core/Src/main.c:512:6:TS_IO_WriteMultiple	24	static
../Core/Src/main.c:522:6:TS_IO_Delay	16	static
../Core/Src/main.c:537:6:HAL_TIM_PeriodElapsedCallback	16	static
../Core/Src/main.c:557:6:Error_Handler	4	static
